C:/nxp/AlexterTest/LPCXpresso55S69-BuildEnvironment-V14.00.00.00/LPCXpresso55S69/Application/GeneratedCode/Core.c:302:6:CoreView_initLayoutContext	0	static
C:/nxp/AlexterTest/LPCXpresso55S69-BuildEnvironment-V14.00.00.00/LPCXpresso55S69/Application/GeneratedCode/Core.c:432:6:CoreView_Draw	0	static
C:/nxp/AlexterTest/LPCXpresso55S69-BuildEnvironment-V14.00.00.00/LPCXpresso55S69/Application/GeneratedCode/Core.c:460:7:CoreView_GetClipping	8	static
C:/nxp/AlexterTest/LPCXpresso55S69-BuildEnvironment-V14.00.00.00/LPCXpresso55S69/Application/GeneratedCode/Core.c:485:9:CoreView_HandleEvent	0	static
C:/nxp/AlexterTest/LPCXpresso55S69-BuildEnvironment-V14.00.00.00/LPCXpresso55S69/Application/GeneratedCode/Core.c:534:15:CoreView_CursorHitTest	0	static
C:/nxp/AlexterTest/LPCXpresso55S69-BuildEnvironment-V14.00.00.00/LPCXpresso55S69/Application/GeneratedCode/Core.c:569:7:CoreView_AdjustDrawingArea	0	static
C:/nxp/AlexterTest/LPCXpresso55S69-BuildEnvironment-V14.00.00.00/LPCXpresso55S69/Application/GeneratedCode/Core.c:599:8:CoreView_ArrangeView	0	static
C:/nxp/AlexterTest/LPCXpresso55S69-BuildEnvironment-V14.00.00.00/LPCXpresso55S69/Application/GeneratedCode/Core.c:626:6:CoreView_MoveView	8	static
C:/nxp/AlexterTest/LPCXpresso55S69-BuildEnvironment-V14.00.00.00/LPCXpresso55S69/Application/GeneratedCode/Core.c:643:7:CoreView_GetExtent	0	static
C:/nxp/AlexterTest/LPCXpresso55S69-BuildEnvironment-V14.00.00.00/LPCXpresso55S69/Application/GeneratedCode/Core.c:1646:7:CoreRectView_GetExtent	0	static
C:/nxp/AlexterTest/LPCXpresso55S69-BuildEnvironment-V14.00.00.00/LPCXpresso55S69/Application/GeneratedCode/Core.c:2324:6:CoreGroup_OnSetOpacity	56	static
C:/nxp/AlexterTest/LPCXpresso55S69-BuildEnvironment-V14.00.00.00/LPCXpresso55S69/Application/GeneratedCode/Core.c:3131:6:CoreGroup_UpdateViewState	0	static
C:/nxp/AlexterTest/LPCXpresso55S69-BuildEnvironment-V14.00.00.00/LPCXpresso55S69/Application/GeneratedCode/Core.c:3837:10:CoreRoot_GetRoot	0	static
C:/nxp/AlexterTest/LPCXpresso55S69-BuildEnvironment-V14.00.00.00/LPCXpresso55S69/Application/GeneratedCode/Core.c:6311:10:CoreVerticalList_FindSiblingView	0	static
C:/nxp/AlexterTest/LPCXpresso55S69-BuildEnvironment-V14.00.00.00/LPCXpresso55S69/Application/GeneratedCode/Core.c:6938:8:CoreVerticalList_OnGetScrollOffset	0	static
C:/nxp/AlexterTest/LPCXpresso55S69-BuildEnvironment-V14.00.00.00/LPCXpresso55S69/Application/GeneratedCode/Core.c:8919:6:CoreTask_OnComplete	0	static
C:/nxp/AlexterTest/LPCXpresso55S69-BuildEnvironment-V14.00.00.00/LPCXpresso55S69/Application/GeneratedCode/Core.c:268:6:CoreView__Init	8	static
C:/nxp/AlexterTest/LPCXpresso55S69-BuildEnvironment-V14.00.00.00/LPCXpresso55S69/Application/GeneratedCode/Core.c:778:6:CoreQuadView__Init	8	static
C:/nxp/AlexterTest/LPCXpresso55S69-BuildEnvironment-V14.00.00.00/LPCXpresso55S69/Application/GeneratedCode/Core.c:6980:6:CoreSimpleTouchHandler__Init	8	static
C:/nxp/AlexterTest/LPCXpresso55S69-BuildEnvironment-V14.00.00.00/LPCXpresso55S69/Application/GeneratedCode/Core.c:1369:6:CoreRectView__Init	8	static
C:/nxp/AlexterTest/LPCXpresso55S69-BuildEnvironment-V14.00.00.00/LPCXpresso55S69/Application/GeneratedCode/Core.c:5690:6:CoreOutline__Init	8	static
C:/nxp/AlexterTest/LPCXpresso55S69-BuildEnvironment-V14.00.00.00/LPCXpresso55S69/Application/GeneratedCode/Core.c:7464:6:CoreSlideTouchHandler__Init	8	static
C:/nxp/AlexterTest/LPCXpresso55S69-BuildEnvironment-V14.00.00.00/LPCXpresso55S69/Application/GeneratedCode/Core.c:8509:6:CoreCursorHit__Init	8	static
C:/nxp/AlexterTest/LPCXpresso55S69-BuildEnvironment-V14.00.00.00/LPCXpresso55S69/Application/GeneratedCode/Core.c:8564:6:CoreLayoutContext__Init	8	static
C:/nxp/AlexterTest/LPCXpresso55S69-BuildEnvironment-V14.00.00.00/LPCXpresso55S69/Application/GeneratedCode/Core.c:8603:6:CoreLayoutQuadContext__Init	8	static
C:/nxp/AlexterTest/LPCXpresso55S69-BuildEnvironment-V14.00.00.00/LPCXpresso55S69/Application/GeneratedCode/Core.c:8642:6:CoreDialogContext__Init	8	static
C:/nxp/AlexterTest/LPCXpresso55S69-BuildEnvironment-V14.00.00.00/LPCXpresso55S69/Application/GeneratedCode/Core.c:8681:6:CoreTaskQueue__Init	8	static
C:/nxp/AlexterTest/LPCXpresso55S69-BuildEnvironment-V14.00.00.00/LPCXpresso55S69/Application/GeneratedCode/Core.c:8883:6:CoreTask__Init	8	static
C:/nxp/AlexterTest/LPCXpresso55S69-BuildEnvironment-V14.00.00.00/LPCXpresso55S69/Application/GeneratedCode/Core.c:9124:6:CoreTimer__Init	8	static
C:/nxp/AlexterTest/LPCXpresso55S69-BuildEnvironment-V14.00.00.00/LPCXpresso55S69/Application/GeneratedCode/Core.c:285:6:CoreView__ReInit	0	static
C:/nxp/AlexterTest/LPCXpresso55S69-BuildEnvironment-V14.00.00.00/LPCXpresso55S69/Application/GeneratedCode/Core.c:3795:6:CoreRoot__ReInit	8	static
C:/nxp/AlexterTest/LPCXpresso55S69-BuildEnvironment-V14.00.00.00/LPCXpresso55S69/Application/GeneratedCode/Core.c:292:6:CoreView__Done	0	static
C:/nxp/AlexterTest/LPCXpresso55S69-BuildEnvironment-V14.00.00.00/LPCXpresso55S69/Application/GeneratedCode/Core.c:5133:6:CoreEvent__Done	0	static
C:/nxp/AlexterTest/LPCXpresso55S69-BuildEnvironment-V14.00.00.00/LPCXpresso55S69/Application/GeneratedCode/Core.c:8433:6:CoreKeyPressHandler__Done	0	static
C:/nxp/AlexterTest/LPCXpresso55S69-BuildEnvironment-V14.00.00.00/LPCXpresso55S69/Application/GeneratedCode/Core.c:8529:6:CoreCursorHit__Done	0	static
C:/nxp/AlexterTest/LPCXpresso55S69-BuildEnvironment-V14.00.00.00/LPCXpresso55S69/Application/GeneratedCode/Core.c:8584:6:CoreLayoutContext__Done	0	static
C:/nxp/AlexterTest/LPCXpresso55S69-BuildEnvironment-V14.00.00.00/LPCXpresso55S69/Application/GeneratedCode/Core.c:8662:6:CoreDialogContext__Done	0	static
C:/nxp/AlexterTest/LPCXpresso55S69-BuildEnvironment-V14.00.00.00/LPCXpresso55S69/Application/GeneratedCode/Core.c:8701:6:CoreTaskQueue__Done	0	static
C:/nxp/AlexterTest/LPCXpresso55S69-BuildEnvironment-V14.00.00.00/LPCXpresso55S69/Application/GeneratedCode/Core.c:8903:6:CoreTask__Done	0	static
C:/nxp/AlexterTest/LPCXpresso55S69-BuildEnvironment-V14.00.00.00/LPCXpresso55S69/Application/GeneratedCode/Core.c:2242:6:CoreGroup_updateComponentWithDelay	24	static
C:/nxp/AlexterTest/LPCXpresso55S69-BuildEnvironment-V14.00.00.00/LPCXpresso55S69/Application/GeneratedCode/Core.c:8752:6:CoreTaskQueue_onPreDispatchNext3	24	static
C:/nxp/AlexterTest/LPCXpresso55S69-BuildEnvironment-V14.00.00.00/LPCXpresso55S69/Application/GeneratedCode/Core.c:8761:6:CoreTaskQueue_onPreDispatchNext2	24	static
C:/nxp/AlexterTest/LPCXpresso55S69-BuildEnvironment-V14.00.00.00/LPCXpresso55S69/Application/GeneratedCode/Core.c:8770:6:CoreTaskQueue_onPreDispatchNext1	24	static
C:/nxp/AlexterTest/LPCXpresso55S69-BuildEnvironment-V14.00.00.00/LPCXpresso55S69/Application/GeneratedCode/Core.c:669:6:CoreView_ChangeViewState	88	static
C:/nxp/AlexterTest/LPCXpresso55S69-BuildEnvironment-V14.00.00.00/LPCXpresso55S69/Application/GeneratedCode/Core.c:5800:6:CoreOutline_ChangeViewState	88	static
C:/nxp/AlexterTest/LPCXpresso55S69-BuildEnvironment-V14.00.00.00/LPCXpresso55S69/Application/GeneratedCode/Core.c:1991:6:CoreGroup_ChangeViewState	88	static
C:/nxp/AlexterTest/LPCXpresso55S69-BuildEnvironment-V14.00.00.00/LPCXpresso55S69/Application/GeneratedCode/Core.c:3870:6:CoreRoot_ChangeViewState	80	static
C:/nxp/AlexterTest/LPCXpresso55S69-BuildEnvironment-V14.00.00.00/LPCXpresso55S69/Application/GeneratedCode/Core.c:384:10:CoreView_GetRoot	16	static
C:/nxp/AlexterTest/LPCXpresso55S69-BuildEnvironment-V14.00.00.00/LPCXpresso55S69/Application/GeneratedCode/Core.c:1401:6:CoreRectView_initLayoutContext	16	static
C:/nxp/AlexterTest/LPCXpresso55S69-BuildEnvironment-V14.00.00.00/LPCXpresso55S69/Application/GeneratedCode/Core.c:810:6:CoreQuadView_initLayoutContext	72	static
C:/nxp/AlexterTest/LPCXpresso55S69-BuildEnvironment-V14.00.00.00/LPCXpresso55S69/Application/GeneratedCode/Core.c:1102:7:CoreQuadView_GetExtent	32	static
C:/nxp/AlexterTest/LPCXpresso55S69-BuildEnvironment-V14.00.00.00/LPCXpresso55S69/Application/GeneratedCode/Core.c:1413:8:CoreRectView_ArrangeView	160	static
C:/nxp/AlexterTest/LPCXpresso55S69-BuildEnvironment-V14.00.00.00/LPCXpresso55S69/Application/GeneratedCode/Core.c:1635:6:CoreRectView_MoveView	88	static
C:/nxp/AlexterTest/LPCXpresso55S69-BuildEnvironment-V14.00.00.00/LPCXpresso55S69/Application/GeneratedCode/Core.c:1652:6:CoreRectView_OnSetBounds	96	static
C:/nxp/AlexterTest/LPCXpresso55S69-BuildEnvironment-V14.00.00.00/LPCXpresso55S69/Application/GeneratedCode/Core.c:1775:7:CoreGroup_GetClipping	144	static
C:/nxp/AlexterTest/LPCXpresso55S69-BuildEnvironment-V14.00.00.00/LPCXpresso55S69/Application/GeneratedCode/Core.c:5768:7:CoreOutline_GetClipping	96	static
C:/nxp/AlexterTest/LPCXpresso55S69-BuildEnvironment-V14.00.00.00/LPCXpresso55S69/Application/GeneratedCode/Core.c:3155:6:CoreGroup_InvalidateArea	120	static
C:/nxp/AlexterTest/LPCXpresso55S69-BuildEnvironment-V14.00.00.00/LPCXpresso55S69/Application/GeneratedCode/Core.c:1931:7:CoreGroup_AdjustDrawingArea	240	static
C:/nxp/AlexterTest/LPCXpresso55S69-BuildEnvironment-V14.00.00.00/LPCXpresso55S69/Application/GeneratedCode/Core.c:1833:15:CoreGroup_CursorHitTest	192	static
C:/nxp/AlexterTest/LPCXpresso55S69-BuildEnvironment-V14.00.00.00/LPCXpresso55S69/Application/GeneratedCode/Core.c:2052:6:CoreGroup_OnSetBounds	88	static
C:/nxp/AlexterTest/LPCXpresso55S69-BuildEnvironment-V14.00.00.00/LPCXpresso55S69/Application/GeneratedCode/Core.c:5962:6:CoreVerticalList_ExtendClipping	8	static
C:/nxp/AlexterTest/LPCXpresso55S69-BuildEnvironment-V14.00.00.00/LPCXpresso55S69/Application/GeneratedCode/Core.c:5979:6:CoreVerticalList_SwitchToDialog	8	static
C:/nxp/AlexterTest/LPCXpresso55S69-BuildEnvironment-V14.00.00.00/LPCXpresso55S69/Application/GeneratedCode/Core.c:6006:6:CoreVerticalList_PresentDialog	8	static
C:/nxp/AlexterTest/LPCXpresso55S69-BuildEnvironment-V14.00.00.00/LPCXpresso55S69/Application/GeneratedCode/Core.c:6323:6:CoreVerticalList_FadeGroup	8	static
C:/nxp/AlexterTest/LPCXpresso55S69-BuildEnvironment-V14.00.00.00/LPCXpresso55S69/Application/GeneratedCode/Core.c:6341:6:CoreVerticalList_RestackTop	8	static
C:/nxp/AlexterTest/LPCXpresso55S69-BuildEnvironment-V14.00.00.00/LPCXpresso55S69/Application/GeneratedCode/Core.c:6354:6:CoreVerticalList_Restack	8	static
C:/nxp/AlexterTest/LPCXpresso55S69-BuildEnvironment-V14.00.00.00/LPCXpresso55S69/Application/GeneratedCode/Core.c:6368:6:CoreVerticalList_Remove	8	static
C:/nxp/AlexterTest/LPCXpresso55S69-BuildEnvironment-V14.00.00.00/LPCXpresso55S69/Application/GeneratedCode/Core.c:6381:6:CoreVerticalList_Add	8	static
C:/nxp/AlexterTest/LPCXpresso55S69-BuildEnvironment-V14.00.00.00/LPCXpresso55S69/Application/GeneratedCode/Core.c:2275:6:CoreGroup_OnSetFocus	16	static
C:/nxp/AlexterTest/LPCXpresso55S69-BuildEnvironment-V14.00.00.00/LPCXpresso55S69/Application/GeneratedCode/Core.c:3885:6:CoreRoot_OnSetFocus	0	static
C:/nxp/AlexterTest/LPCXpresso55S69-BuildEnvironment-V14.00.00.00/LPCXpresso55S69/Application/GeneratedCode/Core.c:2370:6:CoreGroup_ExtendClipping	88	static
C:/nxp/AlexterTest/LPCXpresso55S69-BuildEnvironment-V14.00.00.00/LPCXpresso55S69/Application/GeneratedCode/Core.c:2827:6:CoreGroup_PresentDialog	104	static
C:/nxp/AlexterTest/LPCXpresso55S69-BuildEnvironment-V14.00.00.00/LPCXpresso55S69/Application/GeneratedCode/Core.c:2653:6:CoreGroup_SwitchToDialog	96	static
C:/nxp/AlexterTest/LPCXpresso55S69-BuildEnvironment-V14.00.00.00/LPCXpresso55S69/Application/GeneratedCode/Core.c:5819:6:CoreOutline_OnSetBounds	104	static
C:/nxp/AlexterTest/LPCXpresso55S69-BuildEnvironment-V14.00.00.00/LPCXpresso55S69/Application/GeneratedCode/Core.c:3203:10:CoreGroup_FindSiblingView	24	static
C:/nxp/AlexterTest/LPCXpresso55S69-BuildEnvironment-V14.00.00.00/LPCXpresso55S69/Application/GeneratedCode/Core.c:5110:6:CoreEvent__Init	8	static
C:/nxp/AlexterTest/LPCXpresso55S69-BuildEnvironment-V14.00.00.00/LPCXpresso55S69/Application/GeneratedCode/Core.c:6603:6:CoreVerticalList_onFinishScrollSlot	16	static
C:/nxp/AlexterTest/LPCXpresso55S69-BuildEnvironment-V14.00.00.00/LPCXpresso55S69/Application/GeneratedCode/Core.c:8168:15:CoreSlideTouchHandler_CursorHitTest	80	static
C:/nxp/AlexterTest/LPCXpresso55S69-BuildEnvironment-V14.00.00.00/LPCXpresso55S69/Application/GeneratedCode/Core.c:9060:6:CoreResource__Done	8	static
C:/nxp/AlexterTest/LPCXpresso55S69-BuildEnvironment-V14.00.00.00/LPCXpresso55S69/Application/GeneratedCode/Core.c:9037:6:CoreResource__Init	16	static
C:/nxp/AlexterTest/LPCXpresso55S69-BuildEnvironment-V14.00.00.00/LPCXpresso55S69/Application/GeneratedCode/Core.c:9147:6:CoreTimer__Done	8	static
C:/nxp/AlexterTest/LPCXpresso55S69-BuildEnvironment-V14.00.00.00/LPCXpresso55S69/Application/GeneratedCode/Core.c:3331:6:CoreGroup_RestackTop	80	static
C:/nxp/AlexterTest/LPCXpresso55S69-BuildEnvironment-V14.00.00.00/LPCXpresso55S69/Application/GeneratedCode/Core.c:3419:6:CoreGroup_Restack	80	static
C:/nxp/AlexterTest/LPCXpresso55S69-BuildEnvironment-V14.00.00.00/LPCXpresso55S69/Application/GeneratedCode/Core.c:3892:6:CoreRoot_OnSetOpacity	56	static
C:/nxp/AlexterTest/LPCXpresso55S69-BuildEnvironment-V14.00.00.00/LPCXpresso55S69/Application/GeneratedCode/Core.c:3535:6:CoreGroup_Remove	72	static
C:/nxp/AlexterTest/LPCXpresso55S69-BuildEnvironment-V14.00.00.00/LPCXpresso55S69/Application/GeneratedCode/Core.c:3618:6:CoreGroup_Add	72	static
C:/nxp/AlexterTest/LPCXpresso55S69-BuildEnvironment-V14.00.00.00/LPCXpresso55S69/Application/GeneratedCode/Core.c:8726:6:CoreTaskQueue_onDispatchNext	16	static
C:/nxp/AlexterTest/LPCXpresso55S69-BuildEnvironment-V14.00.00.00/LPCXpresso55S69/Application/GeneratedCode/Core.c:7040:6:CoreSimpleTouchHandler_Draw	0	static
C:/nxp/AlexterTest/LPCXpresso55S69-BuildEnvironment-V14.00.00.00/LPCXpresso55S69/Application/GeneratedCode/Core.c:7522:6:CoreSlideTouchHandler_Draw	0	static
C:/nxp/AlexterTest/LPCXpresso55S69-BuildEnvironment-V14.00.00.00/LPCXpresso55S69/Application/GeneratedCode/Core.c:5748:6:CoreOutline_Draw	0	static
C:/nxp/AlexterTest/LPCXpresso55S69-BuildEnvironment-V14.00.00.00/LPCXpresso55S69/Application/GeneratedCode/Core.c:8940:6:CoreTask_OnCancel	0	static
C:/nxp/AlexterTest/LPCXpresso55S69-BuildEnvironment-V14.00.00.00/LPCXpresso55S69/Application/GeneratedCode/Core.c:5188:6:CoreKeyEvent__ReInit	0	static
C:/nxp/AlexterTest/LPCXpresso55S69-BuildEnvironment-V14.00.00.00/LPCXpresso55S69/Application/GeneratedCode/Core.c:5126:6:CoreEvent__ReInit	0	static
C:/nxp/AlexterTest/LPCXpresso55S69-BuildEnvironment-V14.00.00.00/LPCXpresso55S69/Application/GeneratedCode/Core.c:9053:6:CoreResource__ReInit	0	static
C:/nxp/AlexterTest/LPCXpresso55S69-BuildEnvironment-V14.00.00.00/LPCXpresso55S69/Application/GeneratedCode/Core.c:9140:6:CoreTimer__ReInit	0	static
C:/nxp/AlexterTest/LPCXpresso55S69-BuildEnvironment-V14.00.00.00/LPCXpresso55S69/Application/GeneratedCode/Core.c:8616:6:CoreLayoutQuadContext__ReInit	0	static
C:/nxp/AlexterTest/LPCXpresso55S69-BuildEnvironment-V14.00.00.00/LPCXpresso55S69/Application/GeneratedCode/Core.c:8655:6:CoreDialogContext__ReInit	0	static
C:/nxp/AlexterTest/LPCXpresso55S69-BuildEnvironment-V14.00.00.00/LPCXpresso55S69/Application/GeneratedCode/Core.c:8694:6:CoreTaskQueue__ReInit	0	static
C:/nxp/AlexterTest/LPCXpresso55S69-BuildEnvironment-V14.00.00.00/LPCXpresso55S69/Application/GeneratedCode/Core.c:8896:6:CoreTask__ReInit	0	static
C:/nxp/AlexterTest/LPCXpresso55S69-BuildEnvironment-V14.00.00.00/LPCXpresso55S69/Application/GeneratedCode/Core.c:793:6:CoreQuadView__ReInit	0	static
C:/nxp/AlexterTest/LPCXpresso55S69-BuildEnvironment-V14.00.00.00/LPCXpresso55S69/Application/GeneratedCode/Core.c:1384:6:CoreRectView__ReInit	0	static
C:/nxp/AlexterTest/LPCXpresso55S69-BuildEnvironment-V14.00.00.00/LPCXpresso55S69/Application/GeneratedCode/Core.c:1729:6:CoreGroup__ReInit	0	static
C:/nxp/AlexterTest/LPCXpresso55S69-BuildEnvironment-V14.00.00.00/LPCXpresso55S69/Application/GeneratedCode/Core.c:8426:6:CoreKeyPressHandler__ReInit	0	static
C:/nxp/AlexterTest/LPCXpresso55S69-BuildEnvironment-V14.00.00.00/LPCXpresso55S69/Application/GeneratedCode/Core.c:8522:6:CoreCursorHit__ReInit	0	static
C:/nxp/AlexterTest/LPCXpresso55S69-BuildEnvironment-V14.00.00.00/LPCXpresso55S69/Application/GeneratedCode/Core.c:8577:6:CoreLayoutContext__ReInit	0	static
C:/nxp/AlexterTest/LPCXpresso55S69-BuildEnvironment-V14.00.00.00/LPCXpresso55S69/Application/GeneratedCode/Core.c:5425:6:CoreCursorGrabEvent__ReInit	0	static
C:/nxp/AlexterTest/LPCXpresso55S69-BuildEnvironment-V14.00.00.00/LPCXpresso55S69/Application/GeneratedCode/Core.c:5513:6:CoreCursorEvent__ReInit	0	static
C:/nxp/AlexterTest/LPCXpresso55S69-BuildEnvironment-V14.00.00.00/LPCXpresso55S69/Application/GeneratedCode/Core.c:7481:6:CoreSlideTouchHandler__ReInit	0	static
C:/nxp/AlexterTest/LPCXpresso55S69-BuildEnvironment-V14.00.00.00/LPCXpresso55S69/Application/GeneratedCode/Core.c:5933:6:CoreVerticalList__ReInit	0	static
C:/nxp/AlexterTest/LPCXpresso55S69-BuildEnvironment-V14.00.00.00/LPCXpresso55S69/Application/GeneratedCode/Core.c:5637:6:CoreDragEvent__ReInit	0	static
C:/nxp/AlexterTest/LPCXpresso55S69-BuildEnvironment-V14.00.00.00/LPCXpresso55S69/Application/GeneratedCode/Core.c:5707:6:CoreOutline__ReInit	0	static
C:/nxp/AlexterTest/LPCXpresso55S69-BuildEnvironment-V14.00.00.00/LPCXpresso55S69/Application/GeneratedCode/Core.c:6999:6:CoreSimpleTouchHandler__ReInit	0	static
C:/nxp/AlexterTest/LPCXpresso55S69-BuildEnvironment-V14.00.00.00/LPCXpresso55S69/Application/GeneratedCode/Core.c:8623:6:CoreLayoutQuadContext__Done	0	static
C:/nxp/AlexterTest/LPCXpresso55S69-BuildEnvironment-V14.00.00.00/LPCXpresso55S69/Application/GeneratedCode/Core.c:5195:6:CoreKeyEvent__Done	0	static
C:/nxp/AlexterTest/LPCXpresso55S69-BuildEnvironment-V14.00.00.00/LPCXpresso55S69/Application/GeneratedCode/Core.c:5432:6:CoreCursorGrabEvent__Done	0	static
C:/nxp/AlexterTest/LPCXpresso55S69-BuildEnvironment-V14.00.00.00/LPCXpresso55S69/Application/GeneratedCode/Core.c:5520:6:CoreCursorEvent__Done	0	static
C:/nxp/AlexterTest/LPCXpresso55S69-BuildEnvironment-V14.00.00.00/LPCXpresso55S69/Application/GeneratedCode/Core.c:5644:6:CoreDragEvent__Done	0	static
C:/nxp/AlexterTest/LPCXpresso55S69-BuildEnvironment-V14.00.00.00/LPCXpresso55S69/Application/GeneratedCode/Core.c:1391:6:CoreRectView__Done	0	static
C:/nxp/AlexterTest/LPCXpresso55S69-BuildEnvironment-V14.00.00.00/LPCXpresso55S69/Application/GeneratedCode/Core.c:1736:6:CoreGroup__Done	0	static
C:/nxp/AlexterTest/LPCXpresso55S69-BuildEnvironment-V14.00.00.00/LPCXpresso55S69/Application/GeneratedCode/Core.c:800:6:CoreQuadView__Done	0	static
C:/nxp/AlexterTest/LPCXpresso55S69-BuildEnvironment-V14.00.00.00/LPCXpresso55S69/Application/GeneratedCode/Core.c:7006:6:CoreSimpleTouchHandler__Done	0	static
C:/nxp/AlexterTest/LPCXpresso55S69-BuildEnvironment-V14.00.00.00/LPCXpresso55S69/Application/GeneratedCode/Core.c:5714:6:CoreOutline__Done	0	static
C:/nxp/AlexterTest/LPCXpresso55S69-BuildEnvironment-V14.00.00.00/LPCXpresso55S69/Application/GeneratedCode/Core.c:5940:6:CoreVerticalList__Done	0	static
C:/nxp/AlexterTest/LPCXpresso55S69-BuildEnvironment-V14.00.00.00/LPCXpresso55S69/Application/GeneratedCode/Core.c:7488:6:CoreSlideTouchHandler__Done	0	static
C:/nxp/AlexterTest/LPCXpresso55S69-BuildEnvironment-V14.00.00.00/LPCXpresso55S69/Application/GeneratedCode/Core.c:9117:15:TimerProc	0	static
C:/nxp/AlexterTest/LPCXpresso55S69-BuildEnvironment-V14.00.00.00/LPCXpresso55S69/Application/GeneratedCode/Core.c:3805:6:CoreRoot__Done	16	static
C:/nxp/AlexterTest/LPCXpresso55S69-BuildEnvironment-V14.00.00.00/LPCXpresso55S69/Application/GeneratedCode/Core.c:5175:6:CoreKeyEvent__Init	8	static
C:/nxp/AlexterTest/LPCXpresso55S69-BuildEnvironment-V14.00.00.00/LPCXpresso55S69/Application/GeneratedCode/Core.c:5412:6:CoreCursorGrabEvent__Init	8	static
C:/nxp/AlexterTest/LPCXpresso55S69-BuildEnvironment-V14.00.00.00/LPCXpresso55S69/Application/GeneratedCode/Core.c:5624:6:CoreDragEvent__Init	8	static
C:/nxp/AlexterTest/LPCXpresso55S69-BuildEnvironment-V14.00.00.00/LPCXpresso55S69/Application/GeneratedCode/Core.c:5500:6:CoreCursorEvent__Init	8	static
C:/nxp/AlexterTest/LPCXpresso55S69-BuildEnvironment-V14.00.00.00/LPCXpresso55S69/Application/GeneratedCode/Core.c:8406:6:CoreKeyPressHandler__Init	8	static
C:/nxp/AlexterTest/LPCXpresso55S69-BuildEnvironment-V14.00.00.00/LPCXpresso55S69/Application/GeneratedCode/Core.c:1708:6:CoreGroup__Init	24	static
C:/nxp/AlexterTest/LPCXpresso55S69-BuildEnvironment-V14.00.00.00/LPCXpresso55S69/Application/GeneratedCode/Core.c:5910:6:CoreVerticalList__Init	48	static
C:/nxp/AlexterTest/LPCXpresso55S69-BuildEnvironment-V14.00.00.00/LPCXpresso55S69/Application/GeneratedCode/Core.c:6695:6:CoreVerticalList_OnSetScrollOffset.part.0	64	static
C:/nxp/AlexterTest/LPCXpresso55S69-BuildEnvironment-V14.00.00.00/LPCXpresso55S69/Application/GeneratedCode/Core.c:6695:6:CoreVerticalList_OnSetScrollOffset	0	static
C:/nxp/AlexterTest/LPCXpresso55S69-BuildEnvironment-V14.00.00.00/LPCXpresso55S69/Application/GeneratedCode/Core.c:6615:6:CoreVerticalList_onSlideSlot	0	static
C:/nxp/AlexterTest/LPCXpresso55S69-BuildEnvironment-V14.00.00.00/LPCXpresso55S69/Application/GeneratedCode/Core.c:9269:6:CoreTimer_Trigger	16	static
C:/nxp/AlexterTest/LPCXpresso55S69-BuildEnvironment-V14.00.00.00/LPCXpresso55S69/Application/GeneratedCode/Core.c:3768:6:CoreRoot__Init	40	static
C:/nxp/AlexterTest/LPCXpresso55S69-BuildEnvironment-V14.00.00.00/LPCXpresso55S69/Application/GeneratedCode/Core.c:8235:6:CoreSlideTouchHandler_timerSlot	80	static
C:/nxp/AlexterTest/LPCXpresso55S69-BuildEnvironment-V14.00.00.00/LPCXpresso55S69/Application/GeneratedCode/Core.c:4093:6:CoreRoot_cursorHoldTimerProc	120	static
C:/nxp/AlexterTest/LPCXpresso55S69-BuildEnvironment-V14.00.00.00/LPCXpresso55S69/Application/GeneratedCode/Core.c:3963:6:CoreRoot_InvalidateArea	152	static
C:/nxp/AlexterTest/LPCXpresso55S69-BuildEnvironment-V14.00.00.00/LPCXpresso55S69/Application/GeneratedCode/Core.c:311:6:CoreView__initLayoutContext	16	static
C:/nxp/AlexterTest/LPCXpresso55S69-BuildEnvironment-V14.00.00.00/LPCXpresso55S69/Application/GeneratedCode/Core.c:317:6:CoreView_OnSetStackingPriority	8	static
C:/nxp/AlexterTest/LPCXpresso55S69-BuildEnvironment-V14.00.00.00/LPCXpresso55S69/Application/GeneratedCode/Core.c:349:6:CoreView_OnSetLayout	72	static
C:/nxp/AlexterTest/LPCXpresso55S69-BuildEnvironment-V14.00.00.00/LPCXpresso55S69/Application/GeneratedCode/Core.c:402:10:CoreView__GetRoot	0	static
C:/nxp/AlexterTest/LPCXpresso55S69-BuildEnvironment-V14.00.00.00/LPCXpresso55S69/Application/GeneratedCode/Core.c:445:6:CoreView__Draw	32	static
C:/nxp/AlexterTest/LPCXpresso55S69-BuildEnvironment-V14.00.00.00/LPCXpresso55S69/Application/GeneratedCode/Core.c:466:7:CoreView__GetClipping	8	static
C:/nxp/AlexterTest/LPCXpresso55S69-BuildEnvironment-V14.00.00.00/LPCXpresso55S69/Application/GeneratedCode/Core.c:495:9:CoreView__HandleEvent	0	static
C:/nxp/AlexterTest/LPCXpresso55S69-BuildEnvironment-V14.00.00.00/LPCXpresso55S69/Application/GeneratedCode/Core.c:550:15:CoreView__CursorHitTest	32	static
C:/nxp/AlexterTest/LPCXpresso55S69-BuildEnvironment-V14.00.00.00/LPCXpresso55S69/Application/GeneratedCode/Core.c:578:7:CoreView__AdjustDrawingArea	24	static
C:/nxp/AlexterTest/LPCXpresso55S69-BuildEnvironment-V14.00.00.00/LPCXpresso55S69/Application/GeneratedCode/Core.c:610:8:CoreView__ArrangeView	32	static
C:/nxp/AlexterTest/LPCXpresso55S69-BuildEnvironment-V14.00.00.00/LPCXpresso55S69/Application/GeneratedCode/Core.c:635:6:CoreView__MoveView	16	static
C:/nxp/AlexterTest/LPCXpresso55S69-BuildEnvironment-V14.00.00.00/LPCXpresso55S69/Application/GeneratedCode/Core.c:652:7:CoreView__GetExtent	8	static
C:/nxp/AlexterTest/LPCXpresso55S69-BuildEnvironment-V14.00.00.00/LPCXpresso55S69/Application/GeneratedCode/Core.c:752:6:CoreView__ChangeViewState	0	static
C:/nxp/AlexterTest/LPCXpresso55S69-BuildEnvironment-V14.00.00.00/LPCXpresso55S69/Application/GeneratedCode/Core.c:1179:6:CoreQuadView_OnSetPoint4	88	static
C:/nxp/AlexterTest/LPCXpresso55S69-BuildEnvironment-V14.00.00.00/LPCXpresso55S69/Application/GeneratedCode/Core.c:1208:6:CoreQuadView_OnSetPoint3	88	static
C:/nxp/AlexterTest/LPCXpresso55S69-BuildEnvironment-V14.00.00.00/LPCXpresso55S69/Application/GeneratedCode/Core.c:1237:6:CoreQuadView_OnSetPoint2	88	static
C:/nxp/AlexterTest/LPCXpresso55S69-BuildEnvironment-V14.00.00.00/LPCXpresso55S69/Application/GeneratedCode/Core.c:1266:6:CoreQuadView_OnSetPoint1	88	static
C:/nxp/AlexterTest/LPCXpresso55S69-BuildEnvironment-V14.00.00.00/LPCXpresso55S69/Application/GeneratedCode/Core.c:827:8:CoreQuadView_ArrangeView	144	static
C:/nxp/AlexterTest/LPCXpresso55S69-BuildEnvironment-V14.00.00.00/LPCXpresso55S69/Application/GeneratedCode/Core.c:1081:6:CoreQuadView_MoveView	72	static
C:/nxp/AlexterTest/LPCXpresso55S69-BuildEnvironment-V14.00.00.00/LPCXpresso55S69/Application/GeneratedCode/Core.c:1297:7:CoreQuadView_IsPointInside	88	static
C:/nxp/AlexterTest/LPCXpresso55S69-BuildEnvironment-V14.00.00.00/LPCXpresso55S69/Application/GeneratedCode/Core.c:1339:7:CoreQuadView_HasRectShape	8	static
C:/nxp/AlexterTest/LPCXpresso55S69-BuildEnvironment-V14.00.00.00/LPCXpresso55S69/Application/GeneratedCode/Core.c:7338:15:CoreSimpleTouchHandler_CursorHitTest	168	static
C:/nxp/AlexterTest/LPCXpresso55S69-BuildEnvironment-V14.00.00.00/LPCXpresso55S69/Application/GeneratedCode/Core.c:1681:6:CoreRectView__OnSetBounds	16	static
C:/nxp/AlexterTest/LPCXpresso55S69-BuildEnvironment-V14.00.00.00/LPCXpresso55S69/Application/GeneratedCode/Core.c:1748:6:CoreGroup_Init	24	static
C:/nxp/AlexterTest/LPCXpresso55S69-BuildEnvironment-V14.00.00.00/LPCXpresso55S69/Application/GeneratedCode/Core.c:2107:6:CoreGroup_drawContent	216	static
C:/nxp/AlexterTest/LPCXpresso55S69-BuildEnvironment-V14.00.00.00/LPCXpresso55S69/Application/GeneratedCode/Core.c:1757:6:CoreGroup_Draw	56	static
C:/nxp/AlexterTest/LPCXpresso55S69-BuildEnvironment-V14.00.00.00/LPCXpresso55S69/Application/GeneratedCode/Core.c:3843:6:CoreRoot_Draw	112	static
C:/nxp/AlexterTest/LPCXpresso55S69-BuildEnvironment-V14.00.00.00/LPCXpresso55S69/Application/GeneratedCode/Core.c:2160:6:CoreGroup_recalculateLayout	136	static
C:/nxp/AlexterTest/LPCXpresso55S69-BuildEnvironment-V14.00.00.00/LPCXpresso55S69/Application/GeneratedCode/Core.c:2251:6:CoreGroup_updateComponent	16	static
C:/nxp/AlexterTest/LPCXpresso55S69-BuildEnvironment-V14.00.00.00/LPCXpresso55S69/Application/GeneratedCode/Core.c:2309:6:CoreGroup__OnSetFocus	0	static
C:/nxp/AlexterTest/LPCXpresso55S69-BuildEnvironment-V14.00.00.00/LPCXpresso55S69/Application/GeneratedCode/Core.c:2315:6:CoreGroup_OnSetEnabled	0	static
C:/nxp/AlexterTest/LPCXpresso55S69-BuildEnvironment-V14.00.00.00/LPCXpresso55S69/Application/GeneratedCode/Core.c:2343:6:CoreGroup__OnSetOpacity	0	static
C:/nxp/AlexterTest/LPCXpresso55S69-BuildEnvironment-V14.00.00.00/LPCXpresso55S69/Application/GeneratedCode/Core.c:2349:6:CoreGroup_OnSetVisible	0	static
C:/nxp/AlexterTest/LPCXpresso55S69-BuildEnvironment-V14.00.00.00/LPCXpresso55S69/Application/GeneratedCode/Core.c:2463:6:CoreGroup__ExtendClipping	4	static
C:/nxp/AlexterTest/LPCXpresso55S69-BuildEnvironment-V14.00.00.00/LPCXpresso55S69/Application/GeneratedCode/Core.c:2495:6:CoreGroup_DrawForeground	0	static
C:/nxp/AlexterTest/LPCXpresso55S69-BuildEnvironment-V14.00.00.00/LPCXpresso55S69/Application/GeneratedCode/Core.c:2532:6:CoreGroup_DrawBackground	0	static
C:/nxp/AlexterTest/LPCXpresso55S69-BuildEnvironment-V14.00.00.00/LPCXpresso55S69/Application/GeneratedCode/Core.c:2556:8:CoreGroup_GetMaximalSize	0	static
C:/nxp/AlexterTest/LPCXpresso55S69-BuildEnvironment-V14.00.00.00/LPCXpresso55S69/Application/GeneratedCode/Core.c:2565:8:CoreGroup__GetMaximalSize	0	static
C:/nxp/AlexterTest/LPCXpresso55S69-BuildEnvironment-V14.00.00.00/LPCXpresso55S69/Application/GeneratedCode/Core.c:2581:8:CoreGroup_GetMinimalSize	0	static
C:/nxp/AlexterTest/LPCXpresso55S69-BuildEnvironment-V14.00.00.00/LPCXpresso55S69/Application/GeneratedCode/Core.c:2590:8:CoreGroup__GetMinimalSize	0	static
C:/nxp/AlexterTest/LPCXpresso55S69-BuildEnvironment-V14.00.00.00/LPCXpresso55S69/Application/GeneratedCode/Core.c:2770:6:CoreGroup__SwitchToDialog	4	static
C:/nxp/AlexterTest/LPCXpresso55S69-BuildEnvironment-V14.00.00.00/LPCXpresso55S69/Application/GeneratedCode/Core.c:2925:6:CoreGroup__PresentDialog	4	static
C:/nxp/AlexterTest/LPCXpresso55S69-BuildEnvironment-V14.00.00.00/LPCXpresso55S69/Application/GeneratedCode/Core.c:2940:8:CoreGroup_LocalPosition	32	static
C:/nxp/AlexterTest/LPCXpresso55S69-BuildEnvironment-V14.00.00.00/LPCXpresso55S69/Application/GeneratedCode/Core.c:2999:9:CoreGroup__DispatchEvent	0	static
C:/nxp/AlexterTest/LPCXpresso55S69-BuildEnvironment-V14.00.00.00/LPCXpresso55S69/Application/GeneratedCode/Core.c:3018:9:CoreGroup_BroadcastEventAtPosition	80	static
C:/nxp/AlexterTest/LPCXpresso55S69-BuildEnvironment-V14.00.00.00/LPCXpresso55S69/Application/GeneratedCode/Core.c:3048:9:CoreGroup__BroadcastEventAtPosition	8	static
C:/nxp/AlexterTest/LPCXpresso55S69-BuildEnvironment-V14.00.00.00/LPCXpresso55S69/Application/GeneratedCode/Core.c:3098:9:CoreGroup__BroadcastEvent	0	static
C:/nxp/AlexterTest/LPCXpresso55S69-BuildEnvironment-V14.00.00.00/LPCXpresso55S69/Application/GeneratedCode/Core.c:3110:6:CoreGroup_UpdateLayout	8	static
C:/nxp/AlexterTest/LPCXpresso55S69-BuildEnvironment-V14.00.00.00/LPCXpresso55S69/Application/GeneratedCode/Core.c:3139:6:CoreGroup__UpdateViewState	0	static
C:/nxp/AlexterTest/LPCXpresso55S69-BuildEnvironment-V14.00.00.00/LPCXpresso55S69/Application/GeneratedCode/Core.c:3147:6:CoreGroup_InvalidateViewState	24	static
C:/nxp/AlexterTest/LPCXpresso55S69-BuildEnvironment-V14.00.00.00/LPCXpresso55S69/Application/GeneratedCode/Core.c:3189:6:CoreGroup__InvalidateArea	16	static
C:/nxp/AlexterTest/LPCXpresso55S69-BuildEnvironment-V14.00.00.00/LPCXpresso55S69/Application/GeneratedCode/Core.c:3240:10:CoreGroup__FindSiblingView	0	static
C:/nxp/AlexterTest/LPCXpresso55S69-BuildEnvironment-V14.00.00.00/LPCXpresso55S69/Application/GeneratedCode/Core.c:3314:6:CoreGroup__FadeGroup	24	static
C:/nxp/AlexterTest/LPCXpresso55S69-BuildEnvironment-V14.00.00.00/LPCXpresso55S69/Application/GeneratedCode/Core.c:3400:6:CoreGroup__RestackTop	0	static
C:/nxp/AlexterTest/LPCXpresso55S69-BuildEnvironment-V14.00.00.00/LPCXpresso55S69/Application/GeneratedCode/Core.c:3522:6:CoreGroup__Restack	0	static
C:/nxp/AlexterTest/LPCXpresso55S69-BuildEnvironment-V14.00.00.00/LPCXpresso55S69/Application/GeneratedCode/Core.c:3599:6:CoreGroup__Remove	0	static
C:/nxp/AlexterTest/LPCXpresso55S69-BuildEnvironment-V14.00.00.00/LPCXpresso55S69/Application/GeneratedCode/Core.c:3726:6:CoreGroup__Add	0	static
C:/nxp/AlexterTest/LPCXpresso55S69-BuildEnvironment-V14.00.00.00/LPCXpresso55S69/Application/GeneratedCode/Core.c:3820:6:CoreRoot_Init	0	static
C:/nxp/AlexterTest/LPCXpresso55S69-BuildEnvironment-V14.00.00.00/LPCXpresso55S69/Application/GeneratedCode/Core.c:4054:15:CoreRoot_createDragEvent	8	static
C:/nxp/AlexterTest/LPCXpresso55S69-BuildEnvironment-V14.00.00.00/LPCXpresso55S69/Application/GeneratedCode/Core.c:4067:17:CoreRoot_createCursorEvent	8	static
C:/nxp/AlexterTest/LPCXpresso55S69-BuildEnvironment-V14.00.00.00/LPCXpresso55S69/Application/GeneratedCode/Core.c:4080:21:CoreRoot_createCursorGrabEvent	8	static
C:/nxp/AlexterTest/LPCXpresso55S69-BuildEnvironment-V14.00.00.00/LPCXpresso55S69/Application/GeneratedCode/Core.c:4158:8:CoreRoot_GetFPS	8	static
C:/nxp/AlexterTest/LPCXpresso55S69-BuildEnvironment-V14.00.00.00/LPCXpresso55S69/Application/GeneratedCode/Core.c:4174:8:CoreRoot__GetFPS	8	static
C:/nxp/AlexterTest/LPCXpresso55S69-BuildEnvironment-V14.00.00.00/LPCXpresso55S69/Application/GeneratedCode/Core.c:4230:6:CoreRoot_EndUpdate	0	static
C:/nxp/AlexterTest/LPCXpresso55S69-BuildEnvironment-V14.00.00.00/LPCXpresso55S69/Application/GeneratedCode/Core.c:4240:6:CoreRoot__EndUpdate	0	static
C:/nxp/AlexterTest/LPCXpresso55S69-BuildEnvironment-V14.00.00.00/LPCXpresso55S69/Application/GeneratedCode/Core.c:4255:7:CoreRoot_UpdateCanvas	184	static
C:/nxp/AlexterTest/LPCXpresso55S69-BuildEnvironment-V14.00.00.00/LPCXpresso55S69/Application/GeneratedCode/Core.c:4287:7:CoreRoot__UpdateCanvas	16	static
C:/nxp/AlexterTest/LPCXpresso55S69-BuildEnvironment-V14.00.00.00/LPCXpresso55S69/Application/GeneratedCode/Core.c:4298:7:CoreRoot_GetUpdateRegion	8	static
C:/nxp/AlexterTest/LPCXpresso55S69-BuildEnvironment-V14.00.00.00/LPCXpresso55S69/Application/GeneratedCode/Core.c:4320:7:CoreRoot__GetUpdateRegion	8	static
C:/nxp/AlexterTest/LPCXpresso55S69-BuildEnvironment-V14.00.00.00/LPCXpresso55S69/Application/GeneratedCode/Core.c:4337:8:CoreRoot_BeginUpdate	264	static
C:/nxp/AlexterTest/LPCXpresso55S69-BuildEnvironment-V14.00.00.00/LPCXpresso55S69/Application/GeneratedCode/Core.c:4207:7:CoreRoot_UpdateGE20	48	static
C:/nxp/AlexterTest/LPCXpresso55S69-BuildEnvironment-V14.00.00.00/LPCXpresso55S69/Application/GeneratedCode/Core.c:4184:7:CoreRoot_Update	40	static
C:/nxp/AlexterTest/LPCXpresso55S69-BuildEnvironment-V14.00.00.00/LPCXpresso55S69/Application/GeneratedCode/Core.c:4195:7:CoreRoot__Update	8	static
C:/nxp/AlexterTest/LPCXpresso55S69-BuildEnvironment-V14.00.00.00/LPCXpresso55S69/Application/GeneratedCode/Core.c:4220:7:CoreRoot__UpdateGE20	48	static
C:/nxp/AlexterTest/LPCXpresso55S69-BuildEnvironment-V14.00.00.00/LPCXpresso55S69/Application/GeneratedCode/Core.c:4421:8:CoreRoot__BeginUpdate	0	static
C:/nxp/AlexterTest/LPCXpresso55S69-BuildEnvironment-V14.00.00.00/LPCXpresso55S69/Application/GeneratedCode/Core.c:4429:7:CoreRoot_DoesNeedUpdate	24	static
C:/nxp/AlexterTest/LPCXpresso55S69-BuildEnvironment-V14.00.00.00/LPCXpresso55S69/Application/GeneratedCode/Core.c:4446:7:CoreRoot__DoesNeedUpdate	24	static
C:/nxp/AlexterTest/LPCXpresso55S69-BuildEnvironment-V14.00.00.00/LPCXpresso55S69/Application/GeneratedCode/Core.c:4455:10:CoreRoot_Initialize	64	static
C:/nxp/AlexterTest/LPCXpresso55S69-BuildEnvironment-V14.00.00.00/LPCXpresso55S69/Application/GeneratedCode/Core.c:4470:10:CoreRoot__Initialize	8	static
C:/nxp/AlexterTest/LPCXpresso55S69-BuildEnvironment-V14.00.00.00/LPCXpresso55S69/Application/GeneratedCode/Core.c:4476:7:CoreRoot_SetRootFocus	8	static
C:/nxp/AlexterTest/LPCXpresso55S69-BuildEnvironment-V14.00.00.00/LPCXpresso55S69/Application/GeneratedCode/Core.c:4492:7:CoreRoot__SetRootFocus	8	static
C:/nxp/AlexterTest/LPCXpresso55S69-BuildEnvironment-V14.00.00.00/LPCXpresso55S69/Application/GeneratedCode/Core.c:4504:6:CoreRoot_SetUserInputTimestamp	0	static
C:/nxp/AlexterTest/LPCXpresso55S69-BuildEnvironment-V14.00.00.00/LPCXpresso55S69/Application/GeneratedCode/Core.c:4510:6:CoreRoot__SetUserInputTimestamp	0	static
C:/nxp/AlexterTest/LPCXpresso55S69-BuildEnvironment-V14.00.00.00/LPCXpresso55S69/Application/GeneratedCode/Core.c:4636:7:CoreRoot_DriveMultiTouchMovement	128	static
C:/nxp/AlexterTest/LPCXpresso55S69-BuildEnvironment-V14.00.00.00/LPCXpresso55S69/Application/GeneratedCode/Core.c:4615:7:CoreRoot_DriveCursorMovement	8	static
C:/nxp/AlexterTest/LPCXpresso55S69-BuildEnvironment-V14.00.00.00/LPCXpresso55S69/Application/GeneratedCode/Core.c:4621:7:CoreRoot__DriveCursorMovement	16	static
C:/nxp/AlexterTest/LPCXpresso55S69-BuildEnvironment-V14.00.00.00/LPCXpresso55S69/Application/GeneratedCode/Core.c:4700:7:CoreRoot__DriveMultiTouchMovement	8	static
C:/nxp/AlexterTest/LPCXpresso55S69-BuildEnvironment-V14.00.00.00/LPCXpresso55S69/Application/GeneratedCode/Core.c:4995:6:CoreRoot_DeflectCursor	120	static
C:/nxp/AlexterTest/LPCXpresso55S69-BuildEnvironment-V14.00.00.00/LPCXpresso55S69/Application/GeneratedCode/Core.c:4901:10:CoreRoot_RetargetCursorWithReason	80	static
C:/nxp/AlexterTest/LPCXpresso55S69-BuildEnvironment-V14.00.00.00/LPCXpresso55S69/Application/GeneratedCode/Core.c:4968:10:CoreRoot_RetargetCursor	16	static
C:/nxp/AlexterTest/LPCXpresso55S69-BuildEnvironment-V14.00.00.00/LPCXpresso55S69/Application/GeneratedCode/Core.c:7066:9:CoreSimpleTouchHandler_HandleEvent	192	static
C:/nxp/AlexterTest/LPCXpresso55S69-BuildEnvironment-V14.00.00.00/LPCXpresso55S69/Application/GeneratedCode/Core.c:7548:9:CoreSlideTouchHandler_HandleEvent	184	static
C:/nxp/AlexterTest/LPCXpresso55S69-BuildEnvironment-V14.00.00.00/LPCXpresso55S69/Application/GeneratedCode/Core.c:5065:11:CoreRoot_GetModalGroup	0	static
C:/nxp/AlexterTest/LPCXpresso55S69-BuildEnvironment-V14.00.00.00/LPCXpresso55S69/Application/GeneratedCode/Core.c:5143:6:CoreEvent_Init	8	static
C:/nxp/AlexterTest/LPCXpresso55S69-BuildEnvironment-V14.00.00.00/LPCXpresso55S69/Application/GeneratedCode/Core.c:5154:9:CoreEvent_GetCurrentTime	0	static
C:/nxp/AlexterTest/LPCXpresso55S69-BuildEnvironment-V14.00.00.00/LPCXpresso55S69/Application/GeneratedCode/Core.c:5210:14:CoreKeyEvent_Initialize2	4	static
C:/nxp/AlexterTest/LPCXpresso55S69-BuildEnvironment-V14.00.00.00/LPCXpresso55S69/Application/GeneratedCode/Core.c:5274:14:CoreKeyEvent__Initialize2	0	static
C:/nxp/AlexterTest/LPCXpresso55S69-BuildEnvironment-V14.00.00.00/LPCXpresso55S69/Application/GeneratedCode/Core.c:5285:14:CoreKeyEvent_Initialize	0	static
C:/nxp/AlexterTest/LPCXpresso55S69-BuildEnvironment-V14.00.00.00/LPCXpresso55S69/Application/GeneratedCode/Core.c:5351:14:CoreKeyEvent__Initialize	0	static
C:/nxp/AlexterTest/LPCXpresso55S69-BuildEnvironment-V14.00.00.00/LPCXpresso55S69/Application/GeneratedCode/Core.c:5362:7:CoreKeyEvent_IsCode	0	static
C:/nxp/AlexterTest/LPCXpresso55S69-BuildEnvironment-V14.00.00.00/LPCXpresso55S69/Application/GeneratedCode/Core.c:5445:21:CoreCursorGrabEvent_InitializeUp	8	static
C:/nxp/AlexterTest/LPCXpresso55S69-BuildEnvironment-V14.00.00.00/LPCXpresso55S69/Application/GeneratedCode/Core.c:5459:21:CoreCursorGrabEvent__InitializeUp	4	static
C:/nxp/AlexterTest/LPCXpresso55S69-BuildEnvironment-V14.00.00.00/LPCXpresso55S69/Application/GeneratedCode/Core.c:5469:21:CoreCursorGrabEvent_InitializeDown	8	static
C:/nxp/AlexterTest/LPCXpresso55S69-BuildEnvironment-V14.00.00.00/LPCXpresso55S69/Application/GeneratedCode/Core.c:5483:21:CoreCursorGrabEvent__InitializeDown	4	static
C:/nxp/AlexterTest/LPCXpresso55S69-BuildEnvironment-V14.00.00.00/LPCXpresso55S69/Application/GeneratedCode/Core.c:5532:17:CoreCursorEvent_InitializeHold	40	static
C:/nxp/AlexterTest/LPCXpresso55S69-BuildEnvironment-V14.00.00.00/LPCXpresso55S69/Application/GeneratedCode/Core.c:5548:17:CoreCursorEvent__InitializeHold	80	static
C:/nxp/AlexterTest/LPCXpresso55S69-BuildEnvironment-V14.00.00.00/LPCXpresso55S69/Application/GeneratedCode/Core.c:5560:17:CoreCursorEvent_InitializeUp	48	static
C:/nxp/AlexterTest/LPCXpresso55S69-BuildEnvironment-V14.00.00.00/LPCXpresso55S69/Application/GeneratedCode/Core.c:5577:17:CoreCursorEvent__InitializeUp	88	static
C:/nxp/AlexterTest/LPCXpresso55S69-BuildEnvironment-V14.00.00.00/LPCXpresso55S69/Application/GeneratedCode/Core.c:5589:17:CoreCursorEvent_InitializeDown	48	static
C:/nxp/AlexterTest/LPCXpresso55S69-BuildEnvironment-V14.00.00.00/LPCXpresso55S69/Application/GeneratedCode/Core.c:5606:17:CoreCursorEvent__InitializeDown	72	static
C:/nxp/AlexterTest/LPCXpresso55S69-BuildEnvironment-V14.00.00.00/LPCXpresso55S69/Application/GeneratedCode/Core.c:5656:15:CoreDragEvent_Initialize	48	static
C:/nxp/AlexterTest/LPCXpresso55S69-BuildEnvironment-V14.00.00.00/LPCXpresso55S69/Application/GeneratedCode/Core.c:5672:15:CoreDragEvent__Initialize	96	static
C:/nxp/AlexterTest/LPCXpresso55S69-BuildEnvironment-V14.00.00.00/LPCXpresso55S69/Application/GeneratedCode/Core.c:6395:8:CoreVerticalList_item2Pos	0	static
C:/nxp/AlexterTest/LPCXpresso55S69-BuildEnvironment-V14.00.00.00/LPCXpresso55S69/Application/GeneratedCode/Core.c:6404:8:CoreVerticalList_pos2Item	0	static
C:/nxp/AlexterTest/LPCXpresso55S69-BuildEnvironment-V14.00.00.00/LPCXpresso55S69/Application/GeneratedCode/Core.c:6413:10:CoreVerticalList_releaseTailItem	16	static
C:/nxp/AlexterTest/LPCXpresso55S69-BuildEnvironment-V14.00.00.00/LPCXpresso55S69/Application/GeneratedCode/Core.c:6449:10:CoreVerticalList_confirmTailItem	32	static
C:/nxp/AlexterTest/LPCXpresso55S69-BuildEnvironment-V14.00.00.00/LPCXpresso55S69/Application/GeneratedCode/Core.c:6508:10:CoreVerticalList_releaseHeadItem	16	static
C:/nxp/AlexterTest/LPCXpresso55S69-BuildEnvironment-V14.00.00.00/LPCXpresso55S69/Application/GeneratedCode/Core.c:6544:10:CoreVerticalList_confirmHeadItem	32	static
C:/nxp/AlexterTest/LPCXpresso55S69-BuildEnvironment-V14.00.00.00/LPCXpresso55S69/Application/GeneratedCode/Core.c:6101:6:CoreVerticalList_UpdateViewState	120	static
C:/nxp/AlexterTest/LPCXpresso55S69-BuildEnvironment-V14.00.00.00/LPCXpresso55S69/Application/GeneratedCode/Core.c:6663:6:CoreVerticalList_OnSetSlideHandler	24	static
C:/nxp/AlexterTest/LPCXpresso55S69-BuildEnvironment-V14.00.00.00/LPCXpresso55S69/Application/GeneratedCode/Core.c:6706:6:CoreVerticalList_OnSetSelectedItem	24	static
C:/nxp/AlexterTest/LPCXpresso55S69-BuildEnvironment-V14.00.00.00/LPCXpresso55S69/Application/GeneratedCode/Core.c:6719:6:CoreVerticalList_OnSetItemHeight	64	static
C:/nxp/AlexterTest/LPCXpresso55S69-BuildEnvironment-V14.00.00.00/LPCXpresso55S69/Application/GeneratedCode/Core.c:6737:6:CoreVerticalList_OnSetNoOfItems	72	static
C:/nxp/AlexterTest/LPCXpresso55S69-BuildEnvironment-V14.00.00.00/LPCXpresso55S69/Application/GeneratedCode/Core.c:6770:6:CoreVerticalList_OnSetItemClass	64	static
C:/nxp/AlexterTest/LPCXpresso55S69-BuildEnvironment-V14.00.00.00/LPCXpresso55S69/Application/GeneratedCode/Core.c:6870:7:CoreVerticalList_GetItemsArea	32	static
C:/nxp/AlexterTest/LPCXpresso55S69-BuildEnvironment-V14.00.00.00/LPCXpresso55S69/Application/GeneratedCode/Core.c:6624:6:CoreVerticalList_onStartSlideSlot	56	static
C:/nxp/AlexterTest/LPCXpresso55S69-BuildEnvironment-V14.00.00.00/LPCXpresso55S69/Application/GeneratedCode/Core.c:6799:6:CoreVerticalList_EnsureVisible	144	static
C:/nxp/AlexterTest/LPCXpresso55S69-BuildEnvironment-V14.00.00.00/LPCXpresso55S69/Application/GeneratedCode/Core.c:6903:6:CoreVerticalList_InvalidateItems	72	static
C:/nxp/AlexterTest/LPCXpresso55S69-BuildEnvironment-V14.00.00.00/LPCXpresso55S69/Application/GeneratedCode/Core.c:7415:6:CoreSimpleTouchHandler_OnSetRetargetOffset	0	static
C:/nxp/AlexterTest/LPCXpresso55S69-BuildEnvironment-V14.00.00.00/LPCXpresso55S69/Application/GeneratedCode/Core.c:7425:6:CoreSimpleTouchHandler_OnSetMaxStrikeCount	0	static
C:/nxp/AlexterTest/LPCXpresso55S69-BuildEnvironment-V14.00.00.00/LPCXpresso55S69/Application/GeneratedCode/Core.c:7435:6:CoreSimpleTouchHandler_OnSetEnabled	0	static
C:/nxp/AlexterTest/LPCXpresso55S69-BuildEnvironment-V14.00.00.00/LPCXpresso55S69/Application/GeneratedCode/Core.c:8216:6:CoreSlideTouchHandler_stopAnimation	24	static
C:/nxp/AlexterTest/LPCXpresso55S69-BuildEnvironment-V14.00.00.00/LPCXpresso55S69/Application/GeneratedCode/Core.c:8227:6:CoreSlideTouchHandler_startAnimation	24	static
C:/nxp/AlexterTest/LPCXpresso55S69-BuildEnvironment-V14.00.00.00/LPCXpresso55S69/Application/GeneratedCode/Core.c:8373:6:CoreSlideTouchHandler_OnSetSnapNext	8	static
C:/nxp/AlexterTest/LPCXpresso55S69-BuildEnvironment-V14.00.00.00/LPCXpresso55S69/Application/GeneratedCode/Core.c:8443:6:CoreKeyPressHandler_Init	8	static
C:/nxp/AlexterTest/LPCXpresso55S69-BuildEnvironment-V14.00.00.00/LPCXpresso55S69/Application/GeneratedCode/Core.c:8463:7:CoreKeyPressHandler_HandleEvent	16	static
C:/nxp/AlexterTest/LPCXpresso55S69-BuildEnvironment-V14.00.00.00/LPCXpresso55S69/Application/GeneratedCode/Core.c:2091:9:CoreGroup_processKeyHandlers	16	static
C:/nxp/AlexterTest/LPCXpresso55S69-BuildEnvironment-V14.00.00.00/LPCXpresso55S69/Application/GeneratedCode/Core.c:2964:9:CoreGroup_DispatchEvent	24	static
C:/nxp/AlexterTest/LPCXpresso55S69-BuildEnvironment-V14.00.00.00/LPCXpresso55S69/Application/GeneratedCode/Core.c:3914:9:CoreRoot_DispatchEvent	8	static
C:/nxp/AlexterTest/LPCXpresso55S69-BuildEnvironment-V14.00.00.00/LPCXpresso55S69/Application/GeneratedCode/Core.c:6042:9:CoreVerticalList_DispatchEvent	24	static
C:/nxp/AlexterTest/LPCXpresso55S69-BuildEnvironment-V14.00.00.00/LPCXpresso55S69/Application/GeneratedCode/Core.c:3068:9:CoreGroup_BroadcastEvent	24	static
C:/nxp/AlexterTest/LPCXpresso55S69-BuildEnvironment-V14.00.00.00/LPCXpresso55S69/Application/GeneratedCode/Core.c:3944:9:CoreRoot_BroadcastEvent	8	static
C:/nxp/AlexterTest/LPCXpresso55S69-BuildEnvironment-V14.00.00.00/LPCXpresso55S69/Application/GeneratedCode/Core.c:4524:7:CoreRoot_DriveKeyboardHitting	32	static
C:/nxp/AlexterTest/LPCXpresso55S69-BuildEnvironment-V14.00.00.00/LPCXpresso55S69/Application/GeneratedCode/Core.c:4599:7:CoreRoot__DriveKeyboardHitting	0	static
C:/nxp/AlexterTest/LPCXpresso55S69-BuildEnvironment-V14.00.00.00/LPCXpresso55S69/Application/GeneratedCode/Core.c:8545:15:CoreCursorHit_Initialize	16	static
C:/nxp/AlexterTest/LPCXpresso55S69-BuildEnvironment-V14.00.00.00/LPCXpresso55S69/Application/GeneratedCode/Core.c:8711:6:CoreTaskQueue_completeTask	24	static
C:/nxp/AlexterTest/LPCXpresso55S69-BuildEnvironment-V14.00.00.00/LPCXpresso55S69/Application/GeneratedCode/Core.c:8990:6:CoreTask_Complete	0	static
C:/nxp/AlexterTest/LPCXpresso55S69-BuildEnvironment-V14.00.00.00/LPCXpresso55S69/Application/GeneratedCode/Core.c:8783:6:CoreTaskQueue_CancelTask	32	static
C:/nxp/AlexterTest/LPCXpresso55S69-BuildEnvironment-V14.00.00.00/LPCXpresso55S69/Application/GeneratedCode/Core.c:8971:6:CoreTask_OnStart	0	static
C:/nxp/AlexterTest/LPCXpresso55S69-BuildEnvironment-V14.00.00.00/LPCXpresso55S69/Application/GeneratedCode/Core.c:8833:6:CoreTaskQueue_ScheduleTask	24	static
C:/nxp/AlexterTest/LPCXpresso55S69-BuildEnvironment-V14.00.00.00/LPCXpresso55S69/Application/GeneratedCode/Core.c:3264:6:CoreGroup_FadeGroup	24	static
C:/nxp/AlexterTest/LPCXpresso55S69-BuildEnvironment-V14.00.00.00/LPCXpresso55S69/Application/GeneratedCode/Core.c:8927:6:CoreTask__OnComplete	0	static
C:/nxp/AlexterTest/LPCXpresso55S69-BuildEnvironment-V14.00.00.00/LPCXpresso55S69/Application/GeneratedCode/Core.c:8948:6:CoreTask__OnCancel	0	static
C:/nxp/AlexterTest/LPCXpresso55S69-BuildEnvironment-V14.00.00.00/LPCXpresso55S69/Application/GeneratedCode/Core.c:8980:6:CoreTask__OnStart	0	static
C:/nxp/AlexterTest/LPCXpresso55S69-BuildEnvironment-V14.00.00.00/LPCXpresso55S69/Application/GeneratedCode/Core.c:8997:6:CoreTask__Complete	0	static
C:/nxp/AlexterTest/LPCXpresso55S69-BuildEnvironment-V14.00.00.00/LPCXpresso55S69/Application/GeneratedCode/Core.c:9010:6:CoreTask_Cancel	0	static
C:/nxp/AlexterTest/LPCXpresso55S69-BuildEnvironment-V14.00.00.00/LPCXpresso55S69/Application/GeneratedCode/Core.c:9019:7:CoreTask_IsCurrent	0	static
C:/nxp/AlexterTest/LPCXpresso55S69-BuildEnvironment-V14.00.00.00/LPCXpresso55S69/Application/GeneratedCode/Core.c:9073:6:CoreResource_Done	8	static
C:/nxp/AlexterTest/LPCXpresso55S69-BuildEnvironment-V14.00.00.00/LPCXpresso55S69/Application/GeneratedCode/Core.c:9089:6:CoreResource_Init	16	static
C:/nxp/AlexterTest/LPCXpresso55S69-BuildEnvironment-V14.00.00.00/LPCXpresso55S69/Application/GeneratedCode/Core.c:9160:6:CoreTimer_Done	8	static
C:/nxp/AlexterTest/LPCXpresso55S69-BuildEnvironment-V14.00.00.00/LPCXpresso55S69/Application/GeneratedCode/Core.c:9171:6:CoreTimer_restart	24	static
C:/nxp/AlexterTest/LPCXpresso55S69-BuildEnvironment-V14.00.00.00/LPCXpresso55S69/Application/GeneratedCode/Core.c:4740:7:CoreRoot_DriveMultiTouchHitting	168	static
C:/nxp/AlexterTest/LPCXpresso55S69-BuildEnvironment-V14.00.00.00/LPCXpresso55S69/Application/GeneratedCode/Core.c:4716:7:CoreRoot_DriveCursorHitting	16	static
C:/nxp/AlexterTest/LPCXpresso55S69-BuildEnvironment-V14.00.00.00/LPCXpresso55S69/Application/GeneratedCode/Core.c:4723:7:CoreRoot__DriveCursorHitting	16	static
C:/nxp/AlexterTest/LPCXpresso55S69-BuildEnvironment-V14.00.00.00/LPCXpresso55S69/Application/GeneratedCode/Core.c:4858:7:CoreRoot__DriveMultiTouchHitting	16	static
C:/nxp/AlexterTest/LPCXpresso55S69-BuildEnvironment-V14.00.00.00/LPCXpresso55S69/Application/GeneratedCode/Core.c:9205:6:CoreTimer_OnSetPeriod	0	static
C:/nxp/AlexterTest/LPCXpresso55S69-BuildEnvironment-V14.00.00.00/LPCXpresso55S69/Application/GeneratedCode/Core.c:9220:6:CoreTimer_OnSetBegin	0	static
C:/nxp/AlexterTest/LPCXpresso55S69-BuildEnvironment-V14.00.00.00/LPCXpresso55S69/Application/GeneratedCode/Core.c:9235:6:CoreTimer_OnSetEnabled	16	static
C:/nxp/AlexterTest/LPCXpresso55S69-BuildEnvironment-V14.00.00.00/LPCXpresso55S69/Application/GeneratedCode/Core.c:9253:9:CoreTimer_GetCurrentTime	0	static
C:/nxp/AlexterTest/LPCXpresso55S69-BuildEnvironment-V14.00.00.00/LPCXpresso55S69/Application/GeneratedCode/Core.c:9280:6:CoreTimer__Trigger	0	static
