C:/nxp/AlexterTest/LPCXpresso55S69-BuildEnvironment-V14.00.00.00/LPCXpresso55S69/Application/GeneratedCode/Effects.c:493:6:EffectsEffect_Animate	0	static
C:/nxp/AlexterTest/LPCXpresso55S69-BuildEnvironment-V14.00.00.00/LPCXpresso55S69/Application/GeneratedCode/Effects.c:688:6:EffectsFloatEffect_Animate	0	static
C:/nxp/AlexterTest/LPCXpresso55S69-BuildEnvironment-V14.00.00.00/LPCXpresso55S69/Application/GeneratedCode/Effects.c:755:7:EffectsFader_IsFinished	0	static
C:/nxp/AlexterTest/LPCXpresso55S69-BuildEnvironment-V14.00.00.00/LPCXpresso55S69/Application/GeneratedCode/Effects.c:779:6:EffectsFader_OnEnd	0	static
C:/nxp/AlexterTest/LPCXpresso55S69-BuildEnvironment-V14.00.00.00/LPCXpresso55S69/Application/GeneratedCode/Effects.c:868:7:EffectsVisibilityFader_IsFinished	0	static
C:/nxp/AlexterTest/LPCXpresso55S69-BuildEnvironment-V14.00.00.00/LPCXpresso55S69/Application/GeneratedCode/Effects.c:997:14:EffectsTransition_CreatePresentFader	0	static
C:/nxp/AlexterTest/LPCXpresso55S69-BuildEnvironment-V14.00.00.00/LPCXpresso55S69/Application/GeneratedCode/Effects.c:1162:14:EffectsShowHideTransition_CreateRestoreFader	8	static
C:/nxp/AlexterTest/LPCXpresso55S69-BuildEnvironment-V14.00.00.00/LPCXpresso55S69/Application/GeneratedCode/Effects.c:78:6:EffectsEffect__Init	8	static
C:/nxp/AlexterTest/LPCXpresso55S69-BuildEnvironment-V14.00.00.00/LPCXpresso55S69/Application/GeneratedCode/Effects.c:517:6:EffectsInt32Effect__Init	8	static
C:/nxp/AlexterTest/LPCXpresso55S69-BuildEnvironment-V14.00.00.00/LPCXpresso55S69/Application/GeneratedCode/Effects.c:570:6:EffectsColorEffect__Init	8	static
C:/nxp/AlexterTest/LPCXpresso55S69-BuildEnvironment-V14.00.00.00/LPCXpresso55S69/Application/GeneratedCode/Effects.c:656:6:EffectsFloatEffect__Init	8	static
C:/nxp/AlexterTest/LPCXpresso55S69-BuildEnvironment-V14.00.00.00/LPCXpresso55S69/Application/GeneratedCode/Effects.c:704:6:EffectsFader__Init	8	static
C:/nxp/AlexterTest/LPCXpresso55S69-BuildEnvironment-V14.00.00.00/LPCXpresso55S69/Application/GeneratedCode/Effects.c:962:6:EffectsTransition__Init	8	static
C:/nxp/AlexterTest/LPCXpresso55S69-BuildEnvironment-V14.00.00.00/LPCXpresso55S69/Application/GeneratedCode/Effects.c:1083:6:EffectsShowHideTransition__Init	8	static
C:/nxp/AlexterTest/LPCXpresso55S69-BuildEnvironment-V14.00.00.00/LPCXpresso55S69/Application/GeneratedCode/Effects.c:95:6:EffectsEffect__ReInit	0	static
C:/nxp/AlexterTest/LPCXpresso55S69-BuildEnvironment-V14.00.00.00/LPCXpresso55S69/Application/GeneratedCode/Effects.c:102:6:EffectsEffect__Done	0	static
C:/nxp/AlexterTest/LPCXpresso55S69-BuildEnvironment-V14.00.00.00/LPCXpresso55S69/Application/GeneratedCode/Effects.c:732:6:EffectsFader__Done	0	static
C:/nxp/AlexterTest/LPCXpresso55S69-BuildEnvironment-V14.00.00.00/LPCXpresso55S69/Application/GeneratedCode/Effects.c:982:6:EffectsTransition__Done	0	static
C:/nxp/AlexterTest/LPCXpresso55S69-BuildEnvironment-V14.00.00.00/LPCXpresso55S69/Application/GeneratedCode/Effects.c:1370:6:EffectsFaderTask_OnCancel	16	static
C:/nxp/AlexterTest/LPCXpresso55S69-BuildEnvironment-V14.00.00.00/LPCXpresso55S69/Application/GeneratedCode/Effects.c:1337:6:EffectsFaderTask_OnComplete	16	static
C:/nxp/AlexterTest/LPCXpresso55S69-BuildEnvironment-V14.00.00.00/LPCXpresso55S69/Application/GeneratedCode/Effects.c:550:6:EffectsInt32Effect_Animate	16	static
C:/nxp/AlexterTest/LPCXpresso55S69-BuildEnvironment-V14.00.00.00/LPCXpresso55S69/Application/GeneratedCode/Effects.c:603:6:EffectsColorEffect_Animate	8	static
C:/nxp/AlexterTest/LPCXpresso55S69-BuildEnvironment-V14.00.00.00/LPCXpresso55S69/Application/GeneratedCode/Effects.c:1407:6:EffectsFaderTask_OnStart	16	static
C:/nxp/AlexterTest/LPCXpresso55S69-BuildEnvironment-V14.00.00.00/LPCXpresso55S69/Application/GeneratedCode/Effects.c:883:6:EffectsVisibilityFader_OnEnd	8	static
C:/nxp/AlexterTest/LPCXpresso55S69-BuildEnvironment-V14.00.00.00/LPCXpresso55S69/Application/GeneratedCode/Effects.c:914:6:EffectsVisibilityFader_OnStart	48	static
C:/nxp/AlexterTest/LPCXpresso55S69-BuildEnvironment-V14.00.00.00/LPCXpresso55S69/Application/GeneratedCode/Effects.c:1120:14:EffectsShowHideTransition_CreatePresentFader	24	static
C:/nxp/AlexterTest/LPCXpresso55S69-BuildEnvironment-V14.00.00.00/LPCXpresso55S69/Application/GeneratedCode/Effects.c:1140:14:EffectsShowHideTransition_CreateDismissFader	8	static
C:/nxp/AlexterTest/LPCXpresso55S69-BuildEnvironment-V14.00.00.00/LPCXpresso55S69/Application/GeneratedCode/Effects.c:1178:14:EffectsShowHideTransition_CreateOverlayFader	8	static
C:/nxp/AlexterTest/LPCXpresso55S69-BuildEnvironment-V14.00.00.00/LPCXpresso55S69/Application/GeneratedCode/Effects.c:1194:6:EffectsShowHideTransition_onInitializeIn	56	static
C:/nxp/AlexterTest/LPCXpresso55S69-BuildEnvironment-V14.00.00.00/LPCXpresso55S69/Application/GeneratedCode/Effects.c:1228:6:EffectsEffectTimerClass__Init	8	static
C:/nxp/AlexterTest/LPCXpresso55S69-BuildEnvironment-V14.00.00.00/LPCXpresso55S69/Application/GeneratedCode/Effects.c:1241:6:EffectsEffectTimerClass__ReInit	0	static
C:/nxp/AlexterTest/LPCXpresso55S69-BuildEnvironment-V14.00.00.00/LPCXpresso55S69/Application/GeneratedCode/Effects.c:1248:6:EffectsEffectTimerClass__Done	0	static
C:/nxp/AlexterTest/LPCXpresso55S69-BuildEnvironment-V14.00.00.00/LPCXpresso55S69/Application/GeneratedCode/Effects.c:1261:6:EffectsEffectTimerClass_Trigger	8	static
C:/nxp/AlexterTest/LPCXpresso55S69-BuildEnvironment-V14.00.00.00/LPCXpresso55S69/Application/GeneratedCode/Effects.c:1284:6:EffectsEffectTimer__Init	8	static
C:/nxp/AlexterTest/LPCXpresso55S69-BuildEnvironment-V14.00.00.00/LPCXpresso55S69/Application/GeneratedCode/Effects.c:1301:6:EffectsFaderTask__Init	8	static
C:/nxp/AlexterTest/LPCXpresso55S69-BuildEnvironment-V14.00.00.00/LPCXpresso55S69/Application/GeneratedCode/Effects.c:1314:6:EffectsFaderTask__ReInit	0	static
C:/nxp/AlexterTest/LPCXpresso55S69-BuildEnvironment-V14.00.00.00/LPCXpresso55S69/Application/GeneratedCode/Effects.c:1321:6:EffectsFaderTask__Done	0	static
C:/nxp/AlexterTest/LPCXpresso55S69-BuildEnvironment-V14.00.00.00/LPCXpresso55S69/Application/GeneratedCode/Effects.c:1442:6:EffectsFaderTask_Complete	16	static
C:/nxp/AlexterTest/LPCXpresso55S69-BuildEnvironment-V14.00.00.00/LPCXpresso55S69/Application/GeneratedCode/Effects.c:1562:6:EffectsShowHideCentered__ReInit	0	static
C:/nxp/AlexterTest/LPCXpresso55S69-BuildEnvironment-V14.00.00.00/LPCXpresso55S69/Application/GeneratedCode/Effects.c:1018:14:EffectsTransition_CreateDismissFader	0	static
C:/nxp/AlexterTest/LPCXpresso55S69-BuildEnvironment-V14.00.00.00/LPCXpresso55S69/Application/GeneratedCode/Effects.c:1291:6:EffectsEffectTimer__ReInit	0	static
C:/nxp/AlexterTest/LPCXpresso55S69-BuildEnvironment-V14.00.00.00/LPCXpresso55S69/Application/GeneratedCode/Effects.c:1556:6:EffectsShowHideCentered__Init	0	static
C:/nxp/AlexterTest/LPCXpresso55S69-BuildEnvironment-V14.00.00.00/LPCXpresso55S69/Application/GeneratedCode/Effects.c:1098:6:EffectsShowHideTransition__ReInit	0	static
C:/nxp/AlexterTest/LPCXpresso55S69-BuildEnvironment-V14.00.00.00/LPCXpresso55S69/Application/GeneratedCode/Effects.c:533:6:EffectsInt32Effect__ReInit	0	static
C:/nxp/AlexterTest/LPCXpresso55S69-BuildEnvironment-V14.00.00.00/LPCXpresso55S69/Application/GeneratedCode/Effects.c:586:6:EffectsColorEffect__ReInit	0	static
C:/nxp/AlexterTest/LPCXpresso55S69-BuildEnvironment-V14.00.00.00/LPCXpresso55S69/Application/GeneratedCode/Effects.c:671:6:EffectsFloatEffect__ReInit	0	static
C:/nxp/AlexterTest/LPCXpresso55S69-BuildEnvironment-V14.00.00.00/LPCXpresso55S69/Application/GeneratedCode/Effects.c:725:6:EffectsFader__ReInit	0	static
C:/nxp/AlexterTest/LPCXpresso55S69-BuildEnvironment-V14.00.00.00/LPCXpresso55S69/Application/GeneratedCode/Effects.c:848:6:EffectsVisibilityFader__ReInit	0	static
C:/nxp/AlexterTest/LPCXpresso55S69-BuildEnvironment-V14.00.00.00/LPCXpresso55S69/Application/GeneratedCode/Effects.c:975:6:EffectsTransition__ReInit	0	static
C:/nxp/AlexterTest/LPCXpresso55S69-BuildEnvironment-V14.00.00.00/LPCXpresso55S69/Application/GeneratedCode/Effects.c:855:6:EffectsVisibilityFader__Done	0	static
C:/nxp/AlexterTest/LPCXpresso55S69-BuildEnvironment-V14.00.00.00/LPCXpresso55S69/Application/GeneratedCode/Effects.c:1105:6:EffectsShowHideTransition__Done	0	static
C:/nxp/AlexterTest/LPCXpresso55S69-BuildEnvironment-V14.00.00.00/LPCXpresso55S69/Application/GeneratedCode/Effects.c:540:6:EffectsInt32Effect__Done	0	static
C:/nxp/AlexterTest/LPCXpresso55S69-BuildEnvironment-V14.00.00.00/LPCXpresso55S69/Application/GeneratedCode/Effects.c:593:6:EffectsColorEffect__Done	0	static
C:/nxp/AlexterTest/LPCXpresso55S69-BuildEnvironment-V14.00.00.00/LPCXpresso55S69/Application/GeneratedCode/Effects.c:678:6:EffectsFloatEffect__Done	0	static
C:/nxp/AlexterTest/LPCXpresso55S69-BuildEnvironment-V14.00.00.00/LPCXpresso55S69/Application/GeneratedCode/Effects.c:809:6:EffectsFader_OnStart	0	static
C:/nxp/AlexterTest/LPCXpresso55S69-BuildEnvironment-V14.00.00.00/LPCXpresso55S69/Application/GeneratedCode/Effects.c:833:6:EffectsVisibilityFader__Init	8	static
C:/nxp/AlexterTest/LPCXpresso55S69-BuildEnvironment-V14.00.00.00/LPCXpresso55S69/Application/GeneratedCode/Effects.c:1040:14:EffectsTransition_CreateRestoreFader	0	static
C:/nxp/AlexterTest/LPCXpresso55S69-BuildEnvironment-V14.00.00.00/LPCXpresso55S69/Application/GeneratedCode/Effects.c:1058:14:EffectsTransition_CreateOverlayFader	0	static
C:/nxp/AlexterTest/LPCXpresso55S69-BuildEnvironment-V14.00.00.00/LPCXpresso55S69/Application/GeneratedCode/Effects.c:155:6:EffectsEffect_run	8	static
C:/nxp/AlexterTest/LPCXpresso55S69-BuildEnvironment-V14.00.00.00/LPCXpresso55S69/Application/GeneratedCode/Effects.c:170:7:EffectsEffect_runRevRev	16	static
C:/nxp/AlexterTest/LPCXpresso55S69-BuildEnvironment-V14.00.00.00/LPCXpresso55S69/Application/GeneratedCode/Effects.c:235:7:EffectsEffect_runRevFwd	16	static
C:/nxp/AlexterTest/LPCXpresso55S69-BuildEnvironment-V14.00.00.00/LPCXpresso55S69/Application/GeneratedCode/Effects.c:300:7:EffectsEffect_runFwdRev	16	static
C:/nxp/AlexterTest/LPCXpresso55S69-BuildEnvironment-V14.00.00.00/LPCXpresso55S69/Application/GeneratedCode/Effects.c:365:7:EffectsEffect_runFwdFwd	16	static
C:/nxp/AlexterTest/LPCXpresso55S69-BuildEnvironment-V14.00.00.00/LPCXpresso55S69/Application/GeneratedCode/Effects.c:112:6:EffectsEffect_timerSlot	24	static
C:/nxp/AlexterTest/LPCXpresso55S69-BuildEnvironment-V14.00.00.00/LPCXpresso55S69/Application/GeneratedCode/Effects.c:430:6:EffectsEffect_OnSetReversed	8	static
C:/nxp/AlexterTest/LPCXpresso55S69-BuildEnvironment-V14.00.00.00/LPCXpresso55S69/Application/GeneratedCode/Effects.c:449:6:EffectsEffect_OnSetNoOfCycles	0	static
C:/nxp/AlexterTest/LPCXpresso55S69-BuildEnvironment-V14.00.00.00/LPCXpresso55S69/Application/GeneratedCode/Effects.c:458:6:EffectsEffect_OnSetCycleDuration	0	static
C:/nxp/AlexterTest/LPCXpresso55S69-BuildEnvironment-V14.00.00.00/LPCXpresso55S69/Application/GeneratedCode/Effects.c:468:6:EffectsEffect_OnSetEnabled	40	static
C:/nxp/AlexterTest/LPCXpresso55S69-BuildEnvironment-V14.00.00.00/LPCXpresso55S69/Application/GeneratedCode/Effects.c:501:6:EffectsEffect__Animate	0	static
C:/nxp/AlexterTest/LPCXpresso55S69-BuildEnvironment-V14.00.00.00/LPCXpresso55S69/Application/GeneratedCode/Effects.c:745:6:EffectsFader_Complete	0	static
C:/nxp/AlexterTest/LPCXpresso55S69-BuildEnvironment-V14.00.00.00/LPCXpresso55S69/Application/GeneratedCode/Effects.c:764:7:EffectsFader__IsFinished	0	static
C:/nxp/AlexterTest/LPCXpresso55S69-BuildEnvironment-V14.00.00.00/LPCXpresso55S69/Application/GeneratedCode/Effects.c:786:6:EffectsFader__OnEnd	0	static
C:/nxp/AlexterTest/LPCXpresso55S69-BuildEnvironment-V14.00.00.00/LPCXpresso55S69/Application/GeneratedCode/Effects.c:815:6:EffectsFader__OnStart	0	static
C:/nxp/AlexterTest/LPCXpresso55S69-BuildEnvironment-V14.00.00.00/LPCXpresso55S69/Application/GeneratedCode/Effects.c:1006:14:EffectsTransition__CreatePresentFader	0	static
C:/nxp/AlexterTest/LPCXpresso55S69-BuildEnvironment-V14.00.00.00/LPCXpresso55S69/Application/GeneratedCode/Effects.c:1027:14:EffectsTransition__CreateDismissFader	0	static
C:/nxp/AlexterTest/LPCXpresso55S69-BuildEnvironment-V14.00.00.00/LPCXpresso55S69/Application/GeneratedCode/Effects.c:1046:14:EffectsTransition__CreateRestoreFader	0	static
C:/nxp/AlexterTest/LPCXpresso55S69-BuildEnvironment-V14.00.00.00/LPCXpresso55S69/Application/GeneratedCode/Effects.c:1064:14:EffectsTransition__CreateOverlayFader	0	static
C:/nxp/AlexterTest/LPCXpresso55S69-BuildEnvironment-V14.00.00.00/LPCXpresso55S69/Application/GeneratedCode/Effects.c:1454:6:EffectsFaderTask_RemoveFader	16	static
C:/nxp/AlexterTest/LPCXpresso55S69-BuildEnvironment-V14.00.00.00/LPCXpresso55S69/Application/GeneratedCode/Effects.c:1495:6:EffectsFaderTask_AddFader	16	static
