C:/nxp/AlexterTest/LPCXpresso55S69-BuildEnvironment-V14.00.00.00/LPCXpresso55S69/Application/GeneratedCode/Graphics.c:78:6:GraphicsCanvas__Init	8	static
C:/nxp/AlexterTest/LPCXpresso55S69-BuildEnvironment-V14.00.00.00/LPCXpresso55S69/Application/GeneratedCode/Graphics.c:94:6:GraphicsCanvas__ReInit	0	static
C:/nxp/AlexterTest/LPCXpresso55S69-BuildEnvironment-V14.00.00.00/LPCXpresso55S69/Application/GeneratedCode/Graphics.c:130:6:GraphicsCanvas_OnSetFrameSize	24	static
C:/nxp/AlexterTest/LPCXpresso55S69-BuildEnvironment-V14.00.00.00/LPCXpresso55S69/Application/GeneratedCode/Graphics.c:159:6:GraphicsCanvas_Update	168	static
C:/nxp/AlexterTest/LPCXpresso55S69-BuildEnvironment-V14.00.00.00/LPCXpresso55S69/Application/GeneratedCode/Graphics.c:101:6:GraphicsCanvas__Done	0	static
C:/nxp/AlexterTest/LPCXpresso55S69-BuildEnvironment-V14.00.00.00/LPCXpresso55S69/Application/GeneratedCode/Graphics.c:114:6:GraphicsCanvas_Done	0	static
C:/nxp/AlexterTest/LPCXpresso55S69-BuildEnvironment-V14.00.00.00/LPCXpresso55S69/Application/GeneratedCode/Graphics.c:121:6:GraphicsCanvas_Init	0	static
C:/nxp/AlexterTest/LPCXpresso55S69-BuildEnvironment-V14.00.00.00/LPCXpresso55S69/Application/GeneratedCode/Graphics.c:204:16:GraphicsCanvas_DetachBitmap	8	static
C:/nxp/AlexterTest/LPCXpresso55S69-BuildEnvironment-V14.00.00.00/LPCXpresso55S69/Application/GeneratedCode/Graphics.c:222:16:GraphicsCanvas__DetachBitmap	8	static
C:/nxp/AlexterTest/LPCXpresso55S69-BuildEnvironment-V14.00.00.00/LPCXpresso55S69/Application/GeneratedCode/Graphics.c:231:16:GraphicsCanvas_AttachBitmap	16	static
C:/nxp/AlexterTest/LPCXpresso55S69-BuildEnvironment-V14.00.00.00/LPCXpresso55S69/Application/GeneratedCode/Graphics.c:267:16:GraphicsCanvas__AttachBitmap	16	static
C:/nxp/AlexterTest/LPCXpresso55S69-BuildEnvironment-V14.00.00.00/LPCXpresso55S69/Application/GeneratedCode/Graphics.c:286:6:GraphicsCanvas_DrawRoundedShadow	80	static
C:/nxp/AlexterTest/LPCXpresso55S69-BuildEnvironment-V14.00.00.00/LPCXpresso55S69/Application/GeneratedCode/Graphics.c:318:6:GraphicsCanvas_DrawRoundedBorder	88	static
C:/nxp/AlexterTest/LPCXpresso55S69-BuildEnvironment-V14.00.00.00/LPCXpresso55S69/Application/GeneratedCode/Graphics.c:351:6:GraphicsCanvas_FillRoundedRectangle	88	static
C:/nxp/AlexterTest/LPCXpresso55S69-BuildEnvironment-V14.00.00.00/LPCXpresso55S69/Application/GeneratedCode/Graphics.c:395:6:GraphicsCanvas_DrawText	72	static
C:/nxp/AlexterTest/LPCXpresso55S69-BuildEnvironment-V14.00.00.00/LPCXpresso55S69/Application/GeneratedCode/Graphics.c:460:6:GraphicsCanvas_DrawBitmapFrame	136	static
C:/nxp/AlexterTest/LPCXpresso55S69-BuildEnvironment-V14.00.00.00/LPCXpresso55S69/Application/GeneratedCode/Graphics.c:514:6:GraphicsCanvas_ScaleBitmap	88	static
C:/nxp/AlexterTest/LPCXpresso55S69-BuildEnvironment-V14.00.00.00/LPCXpresso55S69/Application/GeneratedCode/Graphics.c:571:6:GraphicsCanvas_CopyBitmap	88	static
C:/nxp/AlexterTest/LPCXpresso55S69-BuildEnvironment-V14.00.00.00/LPCXpresso55S69/Application/GeneratedCode/Graphics.c:608:6:GraphicsCanvas_DrawBorder	72	static
C:/nxp/AlexterTest/LPCXpresso55S69-BuildEnvironment-V14.00.00.00/LPCXpresso55S69/Application/GeneratedCode/Graphics.c:637:6:GraphicsCanvas_FillRectangle	72	static
