C:/nxp/AlexterTest/LPCXpresso55S69-BuildEnvironment-V14.00.00.00/LPCXpresso55S69/Application/GeneratedCode/Resources.c:230:6:ResourcesBitmap_Update	0	static
C:/nxp/AlexterTest/LPCXpresso55S69-BuildEnvironment-V14.00.00.00/LPCXpresso55S69/Application/GeneratedCode/Resources.c:96:6:ResourcesBitmap__ReInit	0	static
C:/nxp/AlexterTest/LPCXpresso55S69-BuildEnvironment-V14.00.00.00/LPCXpresso55S69/Application/GeneratedCode/Resources.c:171:6:ResourcesBitmap_OnSetFrameSize	16	static
C:/nxp/AlexterTest/LPCXpresso55S69-BuildEnvironment-V14.00.00.00/LPCXpresso55S69/Application/GeneratedCode/Resources.c:77:6:ResourcesBitmap__Init	16	static
C:/nxp/AlexterTest/LPCXpresso55S69-BuildEnvironment-V14.00.00.00/LPCXpresso55S69/Application/GeneratedCode/Resources.c:457:6:ResourcesFontSet__ReInit	0	static
C:/nxp/AlexterTest/LPCXpresso55S69-BuildEnvironment-V14.00.00.00/LPCXpresso55S69/Application/GeneratedCode/Resources.c:270:6:ResourcesFont__ReInit	0	static
C:/nxp/AlexterTest/LPCXpresso55S69-BuildEnvironment-V14.00.00.00/LPCXpresso55S69/Application/GeneratedCode/Resources.c:103:6:ResourcesBitmap__Done	8	static
C:/nxp/AlexterTest/LPCXpresso55S69-BuildEnvironment-V14.00.00.00/LPCXpresso55S69/Application/GeneratedCode/Resources.c:441:6:ResourcesFontSet__Init	16	static
C:/nxp/AlexterTest/LPCXpresso55S69-BuildEnvironment-V14.00.00.00/LPCXpresso55S69/Application/GeneratedCode/Resources.c:277:6:ResourcesFont__Done	8	static
C:/nxp/AlexterTest/LPCXpresso55S69-BuildEnvironment-V14.00.00.00/LPCXpresso55S69/Application/GeneratedCode/Resources.c:254:6:ResourcesFont__Init	16	static
C:/nxp/AlexterTest/LPCXpresso55S69-BuildEnvironment-V14.00.00.00/LPCXpresso55S69/Application/GeneratedCode/Resources.c:464:6:ResourcesFontSet__Done	0	static
C:/nxp/AlexterTest/LPCXpresso55S69-BuildEnvironment-V14.00.00.00/LPCXpresso55S69/Application/GeneratedCode/Resources.c:116:6:ResourcesBitmap_Done	8	static
C:/nxp/AlexterTest/LPCXpresso55S69-BuildEnvironment-V14.00.00.00/LPCXpresso55S69/Application/GeneratedCode/Resources.c:133:6:ResourcesBitmap_Init	16	static
C:/nxp/AlexterTest/LPCXpresso55S69-BuildEnvironment-V14.00.00.00/LPCXpresso55S69/Application/GeneratedCode/Resources.c:184:6:ResourcesBitmap__OnSetFrameSize	8	static
C:/nxp/AlexterTest/LPCXpresso55S69-BuildEnvironment-V14.00.00.00/LPCXpresso55S69/Application/GeneratedCode/Resources.c:190:17:ResourcesBitmap_SetBitmap	16	static
C:/nxp/AlexterTest/LPCXpresso55S69-BuildEnvironment-V14.00.00.00/LPCXpresso55S69/Application/GeneratedCode/Resources.c:224:17:ResourcesBitmap__SetBitmap	16	static
C:/nxp/AlexterTest/LPCXpresso55S69-BuildEnvironment-V14.00.00.00/LPCXpresso55S69/Application/GeneratedCode/Resources.c:237:6:ResourcesBitmap__Update	0	static
C:/nxp/AlexterTest/LPCXpresso55S69-BuildEnvironment-V14.00.00.00/LPCXpresso55S69/Application/GeneratedCode/Resources.c:290:6:ResourcesFont_Done	8	static
C:/nxp/AlexterTest/LPCXpresso55S69-BuildEnvironment-V14.00.00.00/LPCXpresso55S69/Application/GeneratedCode/Resources.c:296:6:ResourcesFont_Init	8	static
C:/nxp/AlexterTest/LPCXpresso55S69-BuildEnvironment-V14.00.00.00/LPCXpresso55S69/Application/GeneratedCode/Resources.c:302:6:ResourcesFont_freeFont	8	static
C:/nxp/AlexterTest/LPCXpresso55S69-BuildEnvironment-V14.00.00.00/LPCXpresso55S69/Application/GeneratedCode/Resources.c:318:6:ResourcesFont_loadFont	8	static
C:/nxp/AlexterTest/LPCXpresso55S69-BuildEnvironment-V14.00.00.00/LPCXpresso55S69/Application/GeneratedCode/Resources.c:353:8:ResourcesFont_GetFlowTextAdvance	0	static
C:/nxp/AlexterTest/LPCXpresso55S69-BuildEnvironment-V14.00.00.00/LPCXpresso55S69/Application/GeneratedCode/Resources.c:368:9:ResourcesFont_ParseFlowString	32	static
C:/nxp/AlexterTest/LPCXpresso55S69-BuildEnvironment-V14.00.00.00/LPCXpresso55S69/Application/GeneratedCode/Resources.c:394:8:ResourcesFont_GetTextAdvance	24	static
C:/nxp/AlexterTest/LPCXpresso55S69-BuildEnvironment-V14.00.00.00/LPCXpresso55S69/Application/GeneratedCode/Resources.c:477:6:ResourcesFontSet_Done	0	static
C:/nxp/AlexterTest/LPCXpresso55S69-BuildEnvironment-V14.00.00.00/LPCXpresso55S69/Application/GeneratedCode/Resources.c:483:6:ResourcesFontSet_Init	0	static
C:/nxp/AlexterTest/LPCXpresso55S69-BuildEnvironment-V14.00.00.00/LPCXpresso55S69/Application/GeneratedCode/Resources.c:494:15:ResourcesFontSet_GetLargerFont	24	static
C:/nxp/AlexterTest/LPCXpresso55S69-BuildEnvironment-V14.00.00.00/LPCXpresso55S69/Application/GeneratedCode/Resources.c:519:15:ResourcesFontSet_GetSmallerFont	24	static
C:/nxp/AlexterTest/LPCXpresso55S69-BuildEnvironment-V14.00.00.00/LPCXpresso55S69/Application/GeneratedCode/Resources.c:542:15:ResourcesFontSet_GetAnyFont	0	static
