C:/nxp/AlexterTest/LPCXpresso55S69-BuildEnvironment-V14.00.00.00/LPCXpresso55S69/Application/GeneratedCode/Views.c:1539:6:ViewsText_preOnUpdateSlot	0	static
C:/nxp/AlexterTest/LPCXpresso55S69-BuildEnvironment-V14.00.00.00/LPCXpresso55S69/Application/GeneratedCode/Views.c:73:6:ViewsRectangle__Init	8	static
C:/nxp/AlexterTest/LPCXpresso55S69-BuildEnvironment-V14.00.00.00/LPCXpresso55S69/Application/GeneratedCode/Views.c:215:6:ViewsBorder__Init	8	static
C:/nxp/AlexterTest/LPCXpresso55S69-BuildEnvironment-V14.00.00.00/LPCXpresso55S69/Application/GeneratedCode/Views.c:383:6:ViewsShadow__Init	8	static
C:/nxp/AlexterTest/LPCXpresso55S69-BuildEnvironment-V14.00.00.00/LPCXpresso55S69/Application/GeneratedCode/Views.c:569:6:ViewsFrame__Init	8	static
C:/nxp/AlexterTest/LPCXpresso55S69-BuildEnvironment-V14.00.00.00/LPCXpresso55S69/Application/GeneratedCode/Views.c:968:6:ViewsImage__Init	8	static
C:/nxp/AlexterTest/LPCXpresso55S69-BuildEnvironment-V14.00.00.00/LPCXpresso55S69/Application/GeneratedCode/Views.c:1282:6:ViewsText__Init	8	static
C:/nxp/AlexterTest/LPCXpresso55S69-BuildEnvironment-V14.00.00.00/LPCXpresso55S69/Application/GeneratedCode/Views.c:232:6:ViewsBorder__ReInit	0	static
C:/nxp/AlexterTest/LPCXpresso55S69-BuildEnvironment-V14.00.00.00/LPCXpresso55S69/Application/GeneratedCode/Views.c:96:6:ViewsRectangle__Done	0	static
C:/nxp/AlexterTest/LPCXpresso55S69-BuildEnvironment-V14.00.00.00/LPCXpresso55S69/Application/GeneratedCode/Views.c:239:6:ViewsBorder__Done	0	static
C:/nxp/AlexterTest/LPCXpresso55S69-BuildEnvironment-V14.00.00.00/LPCXpresso55S69/Application/GeneratedCode/Views.c:407:6:ViewsShadow__Done	0	static
C:/nxp/AlexterTest/LPCXpresso55S69-BuildEnvironment-V14.00.00.00/LPCXpresso55S69/Application/GeneratedCode/Views.c:595:6:ViewsFrame__Done	0	static
C:/nxp/AlexterTest/LPCXpresso55S69-BuildEnvironment-V14.00.00.00/LPCXpresso55S69/Application/GeneratedCode/Views.c:991:6:ViewsImage__Done	0	static
C:/nxp/AlexterTest/LPCXpresso55S69-BuildEnvironment-V14.00.00.00/LPCXpresso55S69/Application/GeneratedCode/Views.c:130:6:ViewsRectangle_Draw	136	static
C:/nxp/AlexterTest/LPCXpresso55S69-BuildEnvironment-V14.00.00.00/LPCXpresso55S69/Application/GeneratedCode/Views.c:760:6:ViewsFrame_observerSlot	16	static
C:/nxp/AlexterTest/LPCXpresso55S69-BuildEnvironment-V14.00.00.00/LPCXpresso55S69/Application/GeneratedCode/Views.c:1076:6:ViewsImage_observerSlot	16	static
C:/nxp/AlexterTest/LPCXpresso55S69-BuildEnvironment-V14.00.00.00/LPCXpresso55S69/Application/GeneratedCode/Views.c:273:6:ViewsBorder_Draw	152	static
C:/nxp/AlexterTest/LPCXpresso55S69-BuildEnvironment-V14.00.00.00/LPCXpresso55S69/Application/GeneratedCode/Views.c:441:6:ViewsShadow_Draw	128	static
C:/nxp/AlexterTest/LPCXpresso55S69-BuildEnvironment-V14.00.00.00/LPCXpresso55S69/Application/GeneratedCode/Views.c:470:7:ViewsShadow_GetClipping	88	static
C:/nxp/AlexterTest/LPCXpresso55S69-BuildEnvironment-V14.00.00.00/LPCXpresso55S69/Application/GeneratedCode/Views.c:629:6:ViewsFrame_Draw	200	static
C:/nxp/AlexterTest/LPCXpresso55S69-BuildEnvironment-V14.00.00.00/LPCXpresso55S69/Application/GeneratedCode/Views.c:771:6:ViewsFrame_timerSlot	40	static
C:/nxp/AlexterTest/LPCXpresso55S69-BuildEnvironment-V14.00.00.00/LPCXpresso55S69/Application/GeneratedCode/Views.c:1087:6:ViewsImage_timerSlot	40	static
C:/nxp/AlexterTest/LPCXpresso55S69-BuildEnvironment-V14.00.00.00/LPCXpresso55S69/Application/GeneratedCode/Views.c:1547:6:ViewsText_preReparseSlot	24	static
C:/nxp/AlexterTest/LPCXpresso55S69-BuildEnvironment-V14.00.00.00/LPCXpresso55S69/Application/GeneratedCode/Views.c:1482:6:ViewsText_OnSetBounds	88	static
C:/nxp/AlexterTest/LPCXpresso55S69-BuildEnvironment-V14.00.00.00/LPCXpresso55S69/Application/GeneratedCode/Views.c:1306:6:ViewsText__Done	8	static
C:/nxp/AlexterTest/LPCXpresso55S69-BuildEnvironment-V14.00.00.00/LPCXpresso55S69/Application/GeneratedCode/Views.c:1581:6:ViewsText_onUpdateFont	24	static
C:/nxp/AlexterTest/LPCXpresso55S69-BuildEnvironment-V14.00.00.00/LPCXpresso55S69/Application/GeneratedCode/Views.c:1299:6:ViewsText__ReInit	0	static
C:/nxp/AlexterTest/LPCXpresso55S69-BuildEnvironment-V14.00.00.00/LPCXpresso55S69/Application/GeneratedCode/Views.c:89:6:ViewsRectangle__ReInit	0	static
C:/nxp/AlexterTest/LPCXpresso55S69-BuildEnvironment-V14.00.00.00/LPCXpresso55S69/Application/GeneratedCode/Views.c:400:6:ViewsShadow__ReInit	0	static
C:/nxp/AlexterTest/LPCXpresso55S69-BuildEnvironment-V14.00.00.00/LPCXpresso55S69/Application/GeneratedCode/Views.c:588:6:ViewsFrame__ReInit	0	static
C:/nxp/AlexterTest/LPCXpresso55S69-BuildEnvironment-V14.00.00.00/LPCXpresso55S69/Application/GeneratedCode/Views.c:984:6:ViewsImage__ReInit	0	static
C:/nxp/AlexterTest/LPCXpresso55S69-BuildEnvironment-V14.00.00.00/LPCXpresso55S69/Application/GeneratedCode/Views.c:2143:7:ViewsText_GetContentArea.part.0	152	static
C:/nxp/AlexterTest/LPCXpresso55S69-BuildEnvironment-V14.00.00.00/LPCXpresso55S69/Application/GeneratedCode/Views.c:1556:6:ViewsText_onOverflowTest	48	static
C:/nxp/AlexterTest/LPCXpresso55S69-BuildEnvironment-V14.00.00.00/LPCXpresso55S69/Application/GeneratedCode/Views.c:1353:6:ViewsText_Draw	264	static
C:/nxp/AlexterTest/LPCXpresso55S69-BuildEnvironment-V14.00.00.00/LPCXpresso55S69/Application/GeneratedCode/Views.c:1599:6:ViewsText_reparseSlot	192	static
C:/nxp/AlexterTest/LPCXpresso55S69-BuildEnvironment-V14.00.00.00/LPCXpresso55S69/Application/GeneratedCode/Views.c:165:6:ViewsRectangle_OnSetRadius	16	static
C:/nxp/AlexterTest/LPCXpresso55S69-BuildEnvironment-V14.00.00.00/LPCXpresso55S69/Application/GeneratedCode/Views.c:181:6:ViewsRectangle_OnSetColor	24	static
C:/nxp/AlexterTest/LPCXpresso55S69-BuildEnvironment-V14.00.00.00/LPCXpresso55S69/Application/GeneratedCode/Views.c:308:6:ViewsBorder_OnSetRadius	16	static
C:/nxp/AlexterTest/LPCXpresso55S69-BuildEnvironment-V14.00.00.00/LPCXpresso55S69/Application/GeneratedCode/Views.c:324:6:ViewsBorder_OnSetWidth	16	static
C:/nxp/AlexterTest/LPCXpresso55S69-BuildEnvironment-V14.00.00.00/LPCXpresso55S69/Application/GeneratedCode/Views.c:340:6:ViewsBorder_OnSetColor	24	static
C:/nxp/AlexterTest/LPCXpresso55S69-BuildEnvironment-V14.00.00.00/LPCXpresso55S69/Application/GeneratedCode/Views.c:353:6:ViewsBorder_OnSetVisible	0	static
C:/nxp/AlexterTest/LPCXpresso55S69-BuildEnvironment-V14.00.00.00/LPCXpresso55S69/Application/GeneratedCode/Views.c:477:6:ViewsShadow_OnSetRadius	40	static
C:/nxp/AlexterTest/LPCXpresso55S69-BuildEnvironment-V14.00.00.00/LPCXpresso55S69/Application/GeneratedCode/Views.c:493:6:ViewsShadow_OnSetOffset	112	static
C:/nxp/AlexterTest/LPCXpresso55S69-BuildEnvironment-V14.00.00.00/LPCXpresso55S69/Application/GeneratedCode/Views.c:512:6:ViewsShadow_OnSetBlurRadius	88	static
C:/nxp/AlexterTest/LPCXpresso55S69-BuildEnvironment-V14.00.00.00/LPCXpresso55S69/Application/GeneratedCode/Views.c:535:6:ViewsShadow_OnSetColor	48	static
C:/nxp/AlexterTest/LPCXpresso55S69-BuildEnvironment-V14.00.00.00/LPCXpresso55S69/Application/GeneratedCode/Views.c:815:6:ViewsFrame_OnSetColor	24	static
C:/nxp/AlexterTest/LPCXpresso55S69-BuildEnvironment-V14.00.00.00/LPCXpresso55S69/Application/GeneratedCode/Views.c:828:6:ViewsFrame_OnSetAnimated	48	static
C:/nxp/AlexterTest/LPCXpresso55S69-BuildEnvironment-V14.00.00.00/LPCXpresso55S69/Application/GeneratedCode/Views.c:857:6:ViewsFrame_OnSetEdges	16	static
C:/nxp/AlexterTest/LPCXpresso55S69-BuildEnvironment-V14.00.00.00/LPCXpresso55S69/Application/GeneratedCode/Views.c:870:6:ViewsFrame_OnSetFrameNumber	16	static
C:/nxp/AlexterTest/LPCXpresso55S69-BuildEnvironment-V14.00.00.00/LPCXpresso55S69/Application/GeneratedCode/Views.c:889:6:ViewsFrame_OnSetBitmap	40	static
C:/nxp/AlexterTest/LPCXpresso55S69-BuildEnvironment-V14.00.00.00/LPCXpresso55S69/Application/GeneratedCode/Views.c:917:6:ViewsFrame_OnSetVisible	0	static
C:/nxp/AlexterTest/LPCXpresso55S69-BuildEnvironment-V14.00.00.00/LPCXpresso55S69/Application/GeneratedCode/Views.c:926:6:ViewsFrame_OnSetNoEdgesLimit	32	static
C:/nxp/AlexterTest/LPCXpresso55S69-BuildEnvironment-V14.00.00.00/LPCXpresso55S69/Application/GeneratedCode/Views.c:1131:6:ViewsImage_OnSetColor	24	static
C:/nxp/AlexterTest/LPCXpresso55S69-BuildEnvironment-V14.00.00.00/LPCXpresso55S69/Application/GeneratedCode/Views.c:1144:6:ViewsImage_OnSetAnimated	48	static
C:/nxp/AlexterTest/LPCXpresso55S69-BuildEnvironment-V14.00.00.00/LPCXpresso55S69/Application/GeneratedCode/Views.c:1173:6:ViewsImage_OnSetFrameNumber	16	static
C:/nxp/AlexterTest/LPCXpresso55S69-BuildEnvironment-V14.00.00.00/LPCXpresso55S69/Application/GeneratedCode/Views.c:1192:6:ViewsImage_OnSetBitmap	40	static
C:/nxp/AlexterTest/LPCXpresso55S69-BuildEnvironment-V14.00.00.00/LPCXpresso55S69/Application/GeneratedCode/Views.c:1224:7:ViewsImage_GetContentArea	136	static
C:/nxp/AlexterTest/LPCXpresso55S69-BuildEnvironment-V14.00.00.00/LPCXpresso55S69/Application/GeneratedCode/Views.c:1025:6:ViewsImage_Draw	224	static
C:/nxp/AlexterTest/LPCXpresso55S69-BuildEnvironment-V14.00.00.00/LPCXpresso55S69/Application/GeneratedCode/Views.c:1319:6:ViewsText_Done	8	static
C:/nxp/AlexterTest/LPCXpresso55S69-BuildEnvironment-V14.00.00.00/LPCXpresso55S69/Application/GeneratedCode/Views.c:1514:6:ViewsText_freeBidi	0	static
C:/nxp/AlexterTest/LPCXpresso55S69-BuildEnvironment-V14.00.00.00/LPCXpresso55S69/Application/GeneratedCode/Views.c:1526:9:ViewsText_createBidi	0	static
C:/nxp/AlexterTest/LPCXpresso55S69-BuildEnvironment-V14.00.00.00/LPCXpresso55S69/Application/GeneratedCode/Views.c:1958:6:ViewsText_OnSetOverflowWarning	24	static
C:/nxp/AlexterTest/LPCXpresso55S69-BuildEnvironment-V14.00.00.00/LPCXpresso55S69/Application/GeneratedCode/Views.c:1970:6:ViewsText_OnSetEnableBidiText	24	static
C:/nxp/AlexterTest/LPCXpresso55S69-BuildEnvironment-V14.00.00.00/LPCXpresso55S69/Application/GeneratedCode/Views.c:1983:6:ViewsText_OnSetEllipsis	24	static
C:/nxp/AlexterTest/LPCXpresso55S69-BuildEnvironment-V14.00.00.00/LPCXpresso55S69/Application/GeneratedCode/Views.c:2001:6:ViewsText_OnSetWrapText	24	static
C:/nxp/AlexterTest/LPCXpresso55S69-BuildEnvironment-V14.00.00.00/LPCXpresso55S69/Application/GeneratedCode/Views.c:2022:6:ViewsText_OnSetAlignment	40	static
C:/nxp/AlexterTest/LPCXpresso55S69-BuildEnvironment-V14.00.00.00/LPCXpresso55S69/Application/GeneratedCode/Views.c:2045:6:ViewsText_OnSetString	24	static
C:/nxp/AlexterTest/LPCXpresso55S69-BuildEnvironment-V14.00.00.00/LPCXpresso55S69/Application/GeneratedCode/Views.c:2057:6:ViewsText_OnSetFont	40	static
C:/nxp/AlexterTest/LPCXpresso55S69-BuildEnvironment-V14.00.00.00/LPCXpresso55S69/Application/GeneratedCode/Views.c:2083:6:ViewsText_OnSetColor	24	static
C:/nxp/AlexterTest/LPCXpresso55S69-BuildEnvironment-V14.00.00.00/LPCXpresso55S69/Application/GeneratedCode/Views.c:2099:7:ViewsText_IsBaseDirectionRTL	24	static
C:/nxp/AlexterTest/LPCXpresso55S69-BuildEnvironment-V14.00.00.00/LPCXpresso55S69/Application/GeneratedCode/Views.c:2121:7:ViewsText_IsBidiText	24	static
C:/nxp/AlexterTest/LPCXpresso55S69-BuildEnvironment-V14.00.00.00/LPCXpresso55S69/Application/GeneratedCode/Views.c:2143:7:ViewsText_GetContentArea	16	static
C:/nxp/AlexterTest/LPCXpresso55S69-BuildEnvironment-V14.00.00.00/LPCXpresso55S69/Application/GeneratedCode/Views.c:2243:8:ViewsText_OnGetColor	8	static
