C:/nxp/AlexterTest/LPCXpresso55S69-BuildEnvironment-V14.00.00.00/LPCXpresso55S69/ThirdParty/MCUXpressoSDK/devices/LPC55S69/drivers/fsl_clock.c:104:6:CLOCK_AttachClk	0	static
C:/nxp/AlexterTest/LPCXpresso55S69-BuildEnvironment-V14.00.00.00/LPCXpresso55S69/ThirdParty/MCUXpressoSDK/devices/LPC55S69/drivers/fsl_clock.c:150:19:CLOCK_GetClockAttachId	0	static
C:/nxp/AlexterTest/LPCXpresso55S69-BuildEnvironment-V14.00.00.00/LPCXpresso55S69/ThirdParty/MCUXpressoSDK/devices/LPC55S69/drivers/fsl_clock.c:200:6:CLOCK_SetClkDiv	0	static
C:/nxp/AlexterTest/LPCXpresso55S69-BuildEnvironment-V14.00.00.00/LPCXpresso55S69/ThirdParty/MCUXpressoSDK/devices/LPC55S69/drivers/fsl_clock.c:234:6:CLOCK_SetRtc1khzClkDiv	0	static
C:/nxp/AlexterTest/LPCXpresso55S69-BuildEnvironment-V14.00.00.00/LPCXpresso55S69/ThirdParty/MCUXpressoSDK/devices/LPC55S69/drivers/fsl_clock.c:245:6:CLOCK_SetRtc1hzClkDiv	0	static
C:/nxp/AlexterTest/LPCXpresso55S69-BuildEnvironment-V14.00.00.00/LPCXpresso55S69/ThirdParty/MCUXpressoSDK/devices/LPC55S69/drivers/fsl_clock.c:266:10:CLOCK_SetupFROClocking	4	static
C:/nxp/AlexterTest/LPCXpresso55S69-BuildEnvironment-V14.00.00.00/LPCXpresso55S69/ThirdParty/MCUXpressoSDK/devices/LPC55S69/drivers/fsl_clock.c:300:6:CLOCK_SetFLASHAccessCyclesForFreq	12	static
C:/nxp/AlexterTest/LPCXpresso55S69-BuildEnvironment-V14.00.00.00/LPCXpresso55S69/ThirdParty/MCUXpressoSDK/devices/LPC55S69/drivers/fsl_clock.c:403:10:CLOCK_SetupExtClocking	12	static
C:/nxp/AlexterTest/LPCXpresso55S69-BuildEnvironment-V14.00.00.00/LPCXpresso55S69/ThirdParty/MCUXpressoSDK/devices/LPC55S69/drivers/fsl_clock.c:425:10:CLOCK_SetupI2SMClkClocking	0	static
C:/nxp/AlexterTest/LPCXpresso55S69-BuildEnvironment-V14.00.00.00/LPCXpresso55S69/ThirdParty/MCUXpressoSDK/devices/LPC55S69/drivers/fsl_clock.c:437:10:CLOCK_SetupPLUClkInClocking	0	static
C:/nxp/AlexterTest/LPCXpresso55S69-BuildEnvironment-V14.00.00.00/LPCXpresso55S69/ThirdParty/MCUXpressoSDK/devices/LPC55S69/drivers/fsl_clock.c:561:10:CLOCK_GetUsb1ClkFreq	0	static
C:/nxp/AlexterTest/LPCXpresso55S69-BuildEnvironment-V14.00.00.00/LPCXpresso55S69/ThirdParty/MCUXpressoSDK/devices/LPC55S69/drivers/fsl_clock.c:570:10:CLOCK_GetMclkClkFreq	0	static
C:/nxp/AlexterTest/LPCXpresso55S69-BuildEnvironment-V14.00.00.00/LPCXpresso55S69/ThirdParty/MCUXpressoSDK/devices/LPC55S69/drivers/fsl_clock.c:668:10:CLOCK_GetFro12MFreq	0	static
C:/nxp/AlexterTest/LPCXpresso55S69-BuildEnvironment-V14.00.00.00/LPCXpresso55S69/ThirdParty/MCUXpressoSDK/devices/LPC55S69/drivers/fsl_clock.c:677:10:CLOCK_GetFro1MFreq	0	static
C:/nxp/AlexterTest/LPCXpresso55S69-BuildEnvironment-V14.00.00.00/LPCXpresso55S69/ThirdParty/MCUXpressoSDK/devices/LPC55S69/drivers/fsl_clock.c:686:10:CLOCK_GetExtClkFreq	0	static
C:/nxp/AlexterTest/LPCXpresso55S69-BuildEnvironment-V14.00.00.00/LPCXpresso55S69/ThirdParty/MCUXpressoSDK/devices/LPC55S69/drivers/fsl_clock.c:695:10:CLOCK_GetWdtClkFreq	0	static
C:/nxp/AlexterTest/LPCXpresso55S69-BuildEnvironment-V14.00.00.00/LPCXpresso55S69/ThirdParty/MCUXpressoSDK/devices/LPC55S69/drivers/fsl_clock.c:704:10:CLOCK_GetFroHfFreq	0	static
C:/nxp/AlexterTest/LPCXpresso55S69-BuildEnvironment-V14.00.00.00/LPCXpresso55S69/ThirdParty/MCUXpressoSDK/devices/LPC55S69/drivers/fsl_clock.c:713:10:CLOCK_GetPll0OutFreq	0	static
C:/nxp/AlexterTest/LPCXpresso55S69-BuildEnvironment-V14.00.00.00/LPCXpresso55S69/ThirdParty/MCUXpressoSDK/devices/LPC55S69/drivers/fsl_clock.c:722:10:CLOCK_GetPll1OutFreq	0	static
C:/nxp/AlexterTest/LPCXpresso55S69-BuildEnvironment-V14.00.00.00/LPCXpresso55S69/ThirdParty/MCUXpressoSDK/devices/LPC55S69/drivers/fsl_clock.c:731:10:CLOCK_GetOsc32KFreq	0	static
C:/nxp/AlexterTest/LPCXpresso55S69-BuildEnvironment-V14.00.00.00/LPCXpresso55S69/ThirdParty/MCUXpressoSDK/devices/LPC55S69/drivers/fsl_clock.c:746:10:CLOCK_GetCoreSysClkFreq	0	static
C:/nxp/AlexterTest/LPCXpresso55S69-BuildEnvironment-V14.00.00.00/LPCXpresso55S69/ThirdParty/MCUXpressoSDK/devices/LPC55S69/drivers/fsl_clock.c:447:10:CLOCK_GetClockOutClkFreq	8	static
C:/nxp/AlexterTest/LPCXpresso55S69-BuildEnvironment-V14.00.00.00/LPCXpresso55S69/ThirdParty/MCUXpressoSDK/devices/LPC55S69/drivers/fsl_clock.c:496:10:CLOCK_GetAdcClkFreq	8	static
C:/nxp/AlexterTest/LPCXpresso55S69-BuildEnvironment-V14.00.00.00/LPCXpresso55S69/ThirdParty/MCUXpressoSDK/devices/LPC55S69/drivers/fsl_clock.c:527:10:CLOCK_GetUsb0ClkFreq	8	static
C:/nxp/AlexterTest/LPCXpresso55S69-BuildEnvironment-V14.00.00.00/LPCXpresso55S69/ThirdParty/MCUXpressoSDK/devices/LPC55S69/drivers/fsl_clock.c:635:10:CLOCK_GetSdioClkFreq	8	static
C:/nxp/AlexterTest/LPCXpresso55S69-BuildEnvironment-V14.00.00.00/LPCXpresso55S69/ThirdParty/MCUXpressoSDK/devices/LPC55S69/drivers/fsl_clock.c:598:10:CLOCK_GetSctClkFreq	8	static
C:/nxp/AlexterTest/LPCXpresso55S69-BuildEnvironment-V14.00.00.00/LPCXpresso55S69/ThirdParty/MCUXpressoSDK/devices/LPC55S69/drivers/fsl_clock.c:797:10:CLOCK_GetI2SMClkFreq	0	static
C:/nxp/AlexterTest/LPCXpresso55S69-BuildEnvironment-V14.00.00.00/LPCXpresso55S69/ThirdParty/MCUXpressoSDK/devices/LPC55S69/drivers/fsl_clock.c:806:10:CLOCK_GetPLUClkInFreq	0	static
C:/nxp/AlexterTest/LPCXpresso55S69-BuildEnvironment-V14.00.00.00/LPCXpresso55S69/ThirdParty/MCUXpressoSDK/devices/LPC55S69/drivers/fsl_clock.c:816:10:CLOCK_GetFlexCommInputClock	0	static
C:/nxp/AlexterTest/LPCXpresso55S69-BuildEnvironment-V14.00.00.00/LPCXpresso55S69/ThirdParty/MCUXpressoSDK/devices/LPC55S69/drivers/fsl_clock.c:856:10:CLOCK_GetFlexCommClkFreq	8	static
C:/nxp/AlexterTest/LPCXpresso55S69-BuildEnvironment-V14.00.00.00/LPCXpresso55S69/ThirdParty/MCUXpressoSDK/devices/LPC55S69/drivers/fsl_clock.c:869:10:CLOCK_GetHsLspiClkFreq	0	static
C:/nxp/AlexterTest/LPCXpresso55S69-BuildEnvironment-V14.00.00.00/LPCXpresso55S69/ThirdParty/MCUXpressoSDK/devices/LPC55S69/drivers/fsl_clock.c:909:10:CLOCK_GetCTimerClkFreq	0	static
C:/nxp/AlexterTest/LPCXpresso55S69-BuildEnvironment-V14.00.00.00/LPCXpresso55S69/ThirdParty/MCUXpressoSDK/devices/LPC55S69/drivers/fsl_clock.c:949:10:CLOCK_GetSystickClkFreq	8	static
C:/nxp/AlexterTest/LPCXpresso55S69-BuildEnvironment-V14.00.00.00/LPCXpresso55S69/ThirdParty/MCUXpressoSDK/devices/LPC55S69/drivers/fsl_clock.c:986:10:CLOCK_SetFlexCommClock	16	static
C:/nxp/AlexterTest/LPCXpresso55S69-BuildEnvironment-V14.00.00.00/LPCXpresso55S69/ThirdParty/MCUXpressoSDK/devices/LPC55S69/drivers/fsl_clock.c:1008:10:CLOCK_GetFreq	8	static
C:/nxp/AlexterTest/LPCXpresso55S69-BuildEnvironment-V14.00.00.00/LPCXpresso55S69/ThirdParty/MCUXpressoSDK/devices/LPC55S69/drivers/fsl_clock.c:1426:10:CLOCK_GetPLL0InClockRate	0	static
C:/nxp/AlexterTest/LPCXpresso55S69-BuildEnvironment-V14.00.00.00/LPCXpresso55S69/ThirdParty/MCUXpressoSDK/devices/LPC55S69/drivers/fsl_clock.c:1457:10:CLOCK_GetPLL1InClockRate	0	static
C:/nxp/AlexterTest/LPCXpresso55S69-BuildEnvironment-V14.00.00.00/LPCXpresso55S69/ThirdParty/MCUXpressoSDK/devices/LPC55S69/drivers/fsl_clock.c:1492:10:CLOCK_GetPLL0OutFromSetup	24	static
C:/nxp/AlexterTest/LPCXpresso55S69-BuildEnvironment-V14.00.00.00/LPCXpresso55S69/ThirdParty/MCUXpressoSDK/devices/LPC55S69/drivers/fsl_clock.c:1523:6:CLOCK_SetStoredPLL0ClockRate	0	static
C:/nxp/AlexterTest/LPCXpresso55S69-BuildEnvironment-V14.00.00.00/LPCXpresso55S69/ThirdParty/MCUXpressoSDK/devices/LPC55S69/drivers/fsl_clock.c:1536:10:CLOCK_GetPLL0OutClockRate	40	static
C:/nxp/AlexterTest/LPCXpresso55S69-BuildEnvironment-V14.00.00.00/LPCXpresso55S69/ThirdParty/MCUXpressoSDK/devices/LPC55S69/drivers/fsl_clock.c:1565:13:CLOCK_SetupPLL0Data	64	static
C:/nxp/AlexterTest/LPCXpresso55S69-BuildEnvironment-V14.00.00.00/LPCXpresso55S69/ThirdParty/MCUXpressoSDK/devices/LPC55S69/drivers/fsl_clock.c:1608:13:CLOCK_SetupPLL0Prec	24	static
C:/nxp/AlexterTest/LPCXpresso55S69-BuildEnvironment-V14.00.00.00/LPCXpresso55S69/ThirdParty/MCUXpressoSDK/devices/LPC55S69/drivers/fsl_clock.c:1691:13:CLOCK_SetPLL0Freq	24	static
C:/nxp/AlexterTest/LPCXpresso55S69-BuildEnvironment-V14.00.00.00/LPCXpresso55S69/ThirdParty/MCUXpressoSDK/devices/LPC55S69/drivers/fsl_clock.c:1766:13:CLOCK_SetPLL1Freq	24	static
C:/nxp/AlexterTest/LPCXpresso55S69-BuildEnvironment-V14.00.00.00/LPCXpresso55S69/ThirdParty/MCUXpressoSDK/devices/LPC55S69/drivers/fsl_clock.c:1829:6:CLOCK_SetupPLL0Mult	8	static
C:/nxp/AlexterTest/LPCXpresso55S69-BuildEnvironment-V14.00.00.00/LPCXpresso55S69/ThirdParty/MCUXpressoSDK/devices/LPC55S69/drivers/fsl_clock.c:1893:6:CLOCK_EnableUsbfs0DeviceClock	56	static
C:/nxp/AlexterTest/LPCXpresso55S69-BuildEnvironment-V14.00.00.00/LPCXpresso55S69/ThirdParty/MCUXpressoSDK/devices/LPC55S69/drivers/fsl_clock.c:1956:6:CLOCK_EnableUsbfs0HostClock	56	static
C:/nxp/AlexterTest/LPCXpresso55S69-BuildEnvironment-V14.00.00.00/LPCXpresso55S69/ThirdParty/MCUXpressoSDK/devices/LPC55S69/drivers/fsl_clock.c:2015:6:CLOCK_EnableUsbhs0PhyPllClock	24	static
C:/nxp/AlexterTest/LPCXpresso55S69-BuildEnvironment-V14.00.00.00/LPCXpresso55S69/ThirdParty/MCUXpressoSDK/devices/LPC55S69/drivers/fsl_clock.c:2102:6:CLOCK_EnableUsbhs0DeviceClock	4	static
C:/nxp/AlexterTest/LPCXpresso55S69-BuildEnvironment-V14.00.00.00/LPCXpresso55S69/ThirdParty/MCUXpressoSDK/devices/LPC55S69/drivers/fsl_clock.c:2114:6:CLOCK_EnableUsbhs0HostClock	4	static
C:/nxp/AlexterTest/LPCXpresso55S69-BuildEnvironment-V14.00.00.00/LPCXpresso55S69/ThirdParty/MCUXpressoSDK/devices/LPC55S69/drivers/fsl_clock.c:2129:6:CLOCK_EnableOstimer32kClock	0	static
