C:/nxp/AlexterTest/LPCXpresso55S69-BuildEnvironment-V14.00.00.00/LPCXpresso55S69/ThirdParty/MCUXpressoSDK/devices/LPC55S69/drivers/fsl_pint.c:48:6:PINT_Init	16	static
C:/nxp/AlexterTest/LPCXpresso55S69-BuildEnvironment-V14.00.00.00/LPCXpresso55S69/ThirdParty/MCUXpressoSDK/devices/LPC55S69/drivers/fsl_pint.c:165:6:PINT_PinInterruptConfig	8	static
C:/nxp/AlexterTest/LPCXpresso55S69-BuildEnvironment-V14.00.00.00/LPCXpresso55S69/ThirdParty/MCUXpressoSDK/devices/LPC55S69/drivers/fsl_pint.c:222:6:PINT_PinInterruptGetConfig	8	static
C:/nxp/AlexterTest/LPCXpresso55S69-BuildEnvironment-V14.00.00.00/LPCXpresso55S69/ThirdParty/MCUXpressoSDK/devices/LPC55S69/drivers/fsl_pint.c:300:6:PINT_PatternMatchConfig	12	static
C:/nxp/AlexterTest/LPCXpresso55S69-BuildEnvironment-V14.00.00.00/LPCXpresso55S69/ThirdParty/MCUXpressoSDK/devices/LPC55S69/drivers/fsl_pint.c:365:6:PINT_PatternMatchGetConfig	8	static
C:/nxp/AlexterTest/LPCXpresso55S69-BuildEnvironment-V14.00.00.00/LPCXpresso55S69/ThirdParty/MCUXpressoSDK/devices/LPC55S69/drivers/fsl_pint.c:417:10:PINT_PatternMatchResetDetectLogic	0	static
C:/nxp/AlexterTest/LPCXpresso55S69-BuildEnvironment-V14.00.00.00/LPCXpresso55S69/ThirdParty/MCUXpressoSDK/devices/LPC55S69/drivers/fsl_pint.c:444:6:PINT_PinInterruptClrStatus	0	static
C:/nxp/AlexterTest/LPCXpresso55S69-BuildEnvironment-V14.00.00.00/LPCXpresso55S69/ThirdParty/MCUXpressoSDK/devices/LPC55S69/drivers/fsl_pint.c:465:6:PINT_PinInterruptClrStatusAll	12	static
C:/nxp/AlexterTest/LPCXpresso55S69-BuildEnvironment-V14.00.00.00/LPCXpresso55S69/ThirdParty/MCUXpressoSDK/devices/LPC55S69/drivers/fsl_pint.c:509:6:PINT_EnableCallback	8	static
C:/nxp/AlexterTest/LPCXpresso55S69-BuildEnvironment-V14.00.00.00/LPCXpresso55S69/ThirdParty/MCUXpressoSDK/devices/LPC55S69/drivers/fsl_pint.c:556:6:PINT_EnableCallbackByIndex	4	static
C:/nxp/AlexterTest/LPCXpresso55S69-BuildEnvironment-V14.00.00.00/LPCXpresso55S69/ThirdParty/MCUXpressoSDK/devices/LPC55S69/drivers/fsl_pint.c:590:6:PINT_DisableCallback	20	static
C:/nxp/AlexterTest/LPCXpresso55S69-BuildEnvironment-V14.00.00.00/LPCXpresso55S69/ThirdParty/MCUXpressoSDK/devices/LPC55S69/drivers/fsl_pint.c:637:6:PINT_DisableCallbackByIndex	8	static
C:/nxp/AlexterTest/LPCXpresso55S69-BuildEnvironment-V14.00.00.00/LPCXpresso55S69/ThirdParty/MCUXpressoSDK/devices/LPC55S69/drivers/fsl_pint.c:672:6:PINT_Deinit	8	static
C:/nxp/AlexterTest/LPCXpresso55S69-BuildEnvironment-V14.00.00.00/LPCXpresso55S69/ThirdParty/MCUXpressoSDK/devices/LPC55S69/drivers/fsl_pint.c:769:6:SEC_GPIO_INT0_IRQ0_DriverIRQHandler	8	static
C:/nxp/AlexterTest/LPCXpresso55S69-BuildEnvironment-V14.00.00.00/LPCXpresso55S69/ThirdParty/MCUXpressoSDK/devices/LPC55S69/drivers/fsl_pint.c:791:6:SEC_GPIO_INT0_IRQ1_DriverIRQHandler	8	static
C:/nxp/AlexterTest/LPCXpresso55S69-BuildEnvironment-V14.00.00.00/LPCXpresso55S69/ThirdParty/MCUXpressoSDK/devices/LPC55S69/drivers/fsl_pint.c:813:6:PINT0_DriverIRQHandler	24	static
C:/nxp/AlexterTest/LPCXpresso55S69-BuildEnvironment-V14.00.00.00/LPCXpresso55S69/ThirdParty/MCUXpressoSDK/devices/LPC55S69/drivers/fsl_pint.c:842:6:PIN_INT0_DriverIRQHandler	8	static
C:/nxp/AlexterTest/LPCXpresso55S69-BuildEnvironment-V14.00.00.00/LPCXpresso55S69/ThirdParty/MCUXpressoSDK/devices/LPC55S69/drivers/fsl_pint.c:863:6:PIN_INT1_DriverIRQHandler	8	static
C:/nxp/AlexterTest/LPCXpresso55S69-BuildEnvironment-V14.00.00.00/LPCXpresso55S69/ThirdParty/MCUXpressoSDK/devices/LPC55S69/drivers/fsl_pint.c:885:6:PIN_INT2_DriverIRQHandler	8	static
C:/nxp/AlexterTest/LPCXpresso55S69-BuildEnvironment-V14.00.00.00/LPCXpresso55S69/ThirdParty/MCUXpressoSDK/devices/LPC55S69/drivers/fsl_pint.c:907:6:PIN_INT3_DriverIRQHandler	8	static
C:/nxp/AlexterTest/LPCXpresso55S69-BuildEnvironment-V14.00.00.00/LPCXpresso55S69/ThirdParty/MCUXpressoSDK/devices/LPC55S69/drivers/fsl_pint.c:929:6:PIN_INT4_DriverIRQHandler	8	static
C:/nxp/AlexterTest/LPCXpresso55S69-BuildEnvironment-V14.00.00.00/LPCXpresso55S69/ThirdParty/MCUXpressoSDK/devices/LPC55S69/drivers/fsl_pint.c:955:6:PIN_INT5_DriverIRQHandler	8	static
C:/nxp/AlexterTest/LPCXpresso55S69-BuildEnvironment-V14.00.00.00/LPCXpresso55S69/ThirdParty/MCUXpressoSDK/devices/LPC55S69/drivers/fsl_pint.c:982:6:PIN_INT6_DriverIRQHandler	8	static
C:/nxp/AlexterTest/LPCXpresso55S69-BuildEnvironment-V14.00.00.00/LPCXpresso55S69/ThirdParty/MCUXpressoSDK/devices/LPC55S69/drivers/fsl_pint.c:1009:6:PIN_INT7_DriverIRQHandler	8	static
