C:/nxp/AlexterTest/LPCXpresso55S69-BuildEnvironment-V14.00.00.00/LPCXpresso55S69/ThirdParty/MCUXpressoSDK/rtos/freertos/freertos-kernel/portable/MemMang/heap_4.c:424:13:prvInsertBlockIntoFreeList	4	static
C:/nxp/AlexterTest/LPCXpresso55S69-BuildEnvironment-V14.00.00.00/LPCXpresso55S69/ThirdParty/MCUXpressoSDK/rtos/freertos/freertos-kernel/portable/MemMang/heap_4.c:138:8:pvPortMalloc	24	static
C:/nxp/AlexterTest/LPCXpresso55S69-BuildEnvironment-V14.00.00.00/LPCXpresso55S69/ThirdParty/MCUXpressoSDK/rtos/freertos/freertos-kernel/portable/MemMang/heap_4.c:289:6:vPortFree	8	static
C:/nxp/AlexterTest/LPCXpresso55S69-BuildEnvironment-V14.00.00.00/LPCXpresso55S69/ThirdParty/MCUXpressoSDK/rtos/freertos/freertos-kernel/portable/MemMang/heap_4.c:342:8:xPortGetFreeHeapSize	0	static
C:/nxp/AlexterTest/LPCXpresso55S69-BuildEnvironment-V14.00.00.00/LPCXpresso55S69/ThirdParty/MCUXpressoSDK/rtos/freertos/freertos-kernel/portable/MemMang/heap_4.c:348:8:xPortGetMinimumEverFreeHeapSize	0	static
C:/nxp/AlexterTest/LPCXpresso55S69-BuildEnvironment-V14.00.00.00/LPCXpresso55S69/ThirdParty/MCUXpressoSDK/rtos/freertos/freertos-kernel/portable/MemMang/heap_4.c:354:6:vPortInitialiseBlocks	0	static
C:/nxp/AlexterTest/LPCXpresso55S69-BuildEnvironment-V14.00.00.00/LPCXpresso55S69/ThirdParty/MCUXpressoSDK/rtos/freertos/freertos-kernel/portable/MemMang/heap_4.c:360:8:pvPortCalloc	16	static
C:/nxp/AlexterTest/LPCXpresso55S69-BuildEnvironment-V14.00.00.00/LPCXpresso55S69/ThirdParty/MCUXpressoSDK/rtos/freertos/freertos-kernel/portable/MemMang/heap_4.c:487:6:vPortGetHeapStats	24	static
