C:/nxp/AlexterTest/LPCXpresso55S69-BuildEnvironment-V14.00.00.00/LPCXpresso55S69/ThirdParty/MCUXpressoSDK/rtos/freertos/freertos-kernel/event_groups.c:533:13:xEventGroupSetBits.part.0	32	static
C:/nxp/AlexterTest/LPCXpresso55S69-BuildEnvironment-V14.00.00.00/LPCXpresso55S69/ThirdParty/MCUXpressoSDK/rtos/freertos/freertos-kernel/event_groups.c:686:6:vEventGroupClearBitsCallback	16	static
C:/nxp/AlexterTest/LPCXpresso55S69-BuildEnvironment-V14.00.00.00/LPCXpresso55S69/ThirdParty/MCUXpressoSDK/rtos/freertos/freertos-kernel/event_groups.c:677:6:vEventGroupSetBitsCallback	8	static
C:/nxp/AlexterTest/LPCXpresso55S69-BuildEnvironment-V14.00.00.00/LPCXpresso55S69/ThirdParty/MCUXpressoSDK/rtos/freertos/freertos-kernel/event_groups.c:148:24:xEventGroupCreate	8	static
C:/nxp/AlexterTest/LPCXpresso55S69-BuildEnvironment-V14.00.00.00/LPCXpresso55S69/ThirdParty/MCUXpressoSDK/rtos/freertos/freertos-kernel/event_groups.c:194:13:xEventGroupSync	24	static
C:/nxp/AlexterTest/LPCXpresso55S69-BuildEnvironment-V14.00.00.00/LPCXpresso55S69/ThirdParty/MCUXpressoSDK/rtos/freertos/freertos-kernel/event_groups.c:317:13:xEventGroupWaitBits	24	static
C:/nxp/AlexterTest/LPCXpresso55S69-BuildEnvironment-V14.00.00.00/LPCXpresso55S69/ThirdParty/MCUXpressoSDK/rtos/freertos/freertos-kernel/event_groups.c:473:13:xEventGroupClearBits	16	static
C:/nxp/AlexterTest/LPCXpresso55S69-BuildEnvironment-V14.00.00.00/LPCXpresso55S69/ThirdParty/MCUXpressoSDK/rtos/freertos/freertos-kernel/event_groups.c:503:16:xEventGroupClearBitsFromISR	0	static
C:/nxp/AlexterTest/LPCXpresso55S69-BuildEnvironment-V14.00.00.00/LPCXpresso55S69/ThirdParty/MCUXpressoSDK/rtos/freertos/freertos-kernel/event_groups.c:517:13:xEventGroupGetBitsFromISR	8	static
C:/nxp/AlexterTest/LPCXpresso55S69-BuildEnvironment-V14.00.00.00/LPCXpresso55S69/ThirdParty/MCUXpressoSDK/rtos/freertos/freertos-kernel/event_groups.c:533:13:xEventGroupSetBits	8	static
C:/nxp/AlexterTest/LPCXpresso55S69-BuildEnvironment-V14.00.00.00/LPCXpresso55S69/ThirdParty/MCUXpressoSDK/rtos/freertos/freertos-kernel/event_groups.c:629:6:vEventGroupDelete	16	static
C:/nxp/AlexterTest/LPCXpresso55S69-BuildEnvironment-V14.00.00.00/LPCXpresso55S69/ThirdParty/MCUXpressoSDK/rtos/freertos/freertos-kernel/event_groups.c:732:16:xEventGroupSetBitsFromISR	4	static
C:/nxp/AlexterTest/LPCXpresso55S69-BuildEnvironment-V14.00.00.00/LPCXpresso55S69/ThirdParty/MCUXpressoSDK/rtos/freertos/freertos-kernel/event_groups.c:749:17:uxEventGroupGetNumber	0	static
C:/nxp/AlexterTest/LPCXpresso55S69-BuildEnvironment-V14.00.00.00/LPCXpresso55S69/ThirdParty/MCUXpressoSDK/rtos/freertos/freertos-kernel/event_groups.c:771:10:vEventGroupSetNumber	0	static
