C:/nxp/AlexterTest/LPCXpresso55S69-BuildEnvironment-V14.00.00.00/LPCXpresso55S69/ThirdParty/MCUXpressoSDK/rtos/freertos/freertos-kernel/stream_buffer.c:1248:15:prvWriteBytesToBuffer.part.0	24	static
C:/nxp/AlexterTest/LPCXpresso55S69-BuildEnvironment-V14.00.00.00/LPCXpresso55S69/ThirdParty/MCUXpressoSDK/rtos/freertos/freertos-kernel/stream_buffer.c:824:15:prvWriteMessageToBuffer	24	static
C:/nxp/AlexterTest/LPCXpresso55S69-BuildEnvironment-V14.00.00.00/LPCXpresso55S69/ThirdParty/MCUXpressoSDK/rtos/freertos/freertos-kernel/stream_buffer.c:1294:15:prvReadBytesFromBuffer.part.0	24	static
C:/nxp/AlexterTest/LPCXpresso55S69-BuildEnvironment-V14.00.00.00/LPCXpresso55S69/ThirdParty/MCUXpressoSDK/rtos/freertos/freertos-kernel/stream_buffer.c:1075:15:prvReadMessageFromBuffer	32	static
C:/nxp/AlexterTest/LPCXpresso55S69-BuildEnvironment-V14.00.00.00/LPCXpresso55S69/ThirdParty/MCUXpressoSDK/rtos/freertos/freertos-kernel/stream_buffer.c:321:26:xStreamBufferGenericCreate	24	static
C:/nxp/AlexterTest/LPCXpresso55S69-BuildEnvironment-V14.00.00.00/LPCXpresso55S69/ThirdParty/MCUXpressoSDK/rtos/freertos/freertos-kernel/stream_buffer.c:477:6:vStreamBufferDelete	8	static
C:/nxp/AlexterTest/LPCXpresso55S69-BuildEnvironment-V14.00.00.00/LPCXpresso55S69/ThirdParty/MCUXpressoSDK/rtos/freertos/freertos-kernel/stream_buffer.c:510:12:xStreamBufferReset	32	static
C:/nxp/AlexterTest/LPCXpresso55S69-BuildEnvironment-V14.00.00.00/LPCXpresso55S69/ThirdParty/MCUXpressoSDK/rtos/freertos/freertos-kernel/stream_buffer.c:567:12:xStreamBufferSetTriggerLevel	8	static
C:/nxp/AlexterTest/LPCXpresso55S69-BuildEnvironment-V14.00.00.00/LPCXpresso55S69/ThirdParty/MCUXpressoSDK/rtos/freertos/freertos-kernel/stream_buffer.c:597:8:xStreamBufferSpacesAvailable	16	static
C:/nxp/AlexterTest/LPCXpresso55S69-BuildEnvironment-V14.00.00.00/LPCXpresso55S69/ThirdParty/MCUXpressoSDK/rtos/freertos/freertos-kernel/stream_buffer.c:630:8:xStreamBufferBytesAvailable	8	static
C:/nxp/AlexterTest/LPCXpresso55S69-BuildEnvironment-V14.00.00.00/LPCXpresso55S69/ThirdParty/MCUXpressoSDK/rtos/freertos/freertos-kernel/stream_buffer.c:642:8:xStreamBufferSend	56	static
C:/nxp/AlexterTest/LPCXpresso55S69-BuildEnvironment-V14.00.00.00/LPCXpresso55S69/ThirdParty/MCUXpressoSDK/rtos/freertos/freertos-kernel/stream_buffer.c:773:8:xStreamBufferSendFromISR	32	static
C:/nxp/AlexterTest/LPCXpresso55S69-BuildEnvironment-V14.00.00.00/LPCXpresso55S69/ThirdParty/MCUXpressoSDK/rtos/freertos/freertos-kernel/stream_buffer.c:874:8:xStreamBufferReceive	40	static
C:/nxp/AlexterTest/LPCXpresso55S69-BuildEnvironment-V14.00.00.00/LPCXpresso55S69/ThirdParty/MCUXpressoSDK/rtos/freertos/freertos-kernel/stream_buffer.c:978:8:xStreamBufferNextMessageLengthBytes	16	static
C:/nxp/AlexterTest/LPCXpresso55S69-BuildEnvironment-V14.00.00.00/LPCXpresso55S69/ThirdParty/MCUXpressoSDK/rtos/freertos/freertos-kernel/stream_buffer.c:1018:8:xStreamBufferReceiveFromISR	32	static
C:/nxp/AlexterTest/LPCXpresso55S69-BuildEnvironment-V14.00.00.00/LPCXpresso55S69/ThirdParty/MCUXpressoSDK/rtos/freertos/freertos-kernel/stream_buffer.c:1127:12:xStreamBufferIsEmpty	8	static
C:/nxp/AlexterTest/LPCXpresso55S69-BuildEnvironment-V14.00.00.00/LPCXpresso55S69/ThirdParty/MCUXpressoSDK/rtos/freertos/freertos-kernel/stream_buffer.c:1151:12:xStreamBufferIsFull	16	static
C:/nxp/AlexterTest/LPCXpresso55S69-BuildEnvironment-V14.00.00.00/LPCXpresso55S69/ThirdParty/MCUXpressoSDK/rtos/freertos/freertos-kernel/stream_buffer.c:1186:12:xStreamBufferSendCompletedFromISR	32	static
C:/nxp/AlexterTest/LPCXpresso55S69-BuildEnvironment-V14.00.00.00/LPCXpresso55S69/ThirdParty/MCUXpressoSDK/rtos/freertos/freertos-kernel/stream_buffer.c:1217:12:xStreamBufferReceiveCompletedFromISR	32	static
C:/nxp/AlexterTest/LPCXpresso55S69-BuildEnvironment-V14.00.00.00/LPCXpresso55S69/ThirdParty/MCUXpressoSDK/rtos/freertos/freertos-kernel/stream_buffer.c:1400:17:uxStreamBufferGetStreamBufferNumber	0	static
C:/nxp/AlexterTest/LPCXpresso55S69-BuildEnvironment-V14.00.00.00/LPCXpresso55S69/ThirdParty/MCUXpressoSDK/rtos/freertos/freertos-kernel/stream_buffer.c:1410:10:vStreamBufferSetStreamBufferNumber	0	static
C:/nxp/AlexterTest/LPCXpresso55S69-BuildEnvironment-V14.00.00.00/LPCXpresso55S69/ThirdParty/MCUXpressoSDK/rtos/freertos/freertos-kernel/stream_buffer.c:1421:13:ucStreamBufferGetStreamBufferType	0	static
