C:/nxp/AlexterTest/LPCXpresso55S69-BuildEnvironment-V14.00.00.00/LPCXpresso55S69/ThirdParty/MCUXpressoSDK/devices/LPC55S69/system_LPC55S69_cm33_core0.c:276:6:SystemCoreClockUpdate	24	static
C:/nxp/AlexterTest/LPCXpresso55S69-BuildEnvironment-V14.00.00.00/LPCXpresso55S69/ThirdParty/MCUXpressoSDK/devices/LPC55S69/system_LPC55S69_cm33_core0.c:377:29:SystemInitHook	0	static
C:/nxp/AlexterTest/LPCXpresso55S69-BuildEnvironment-V14.00.00.00/LPCXpresso55S69/ThirdParty/MCUXpressoSDK/devices/LPC55S69/system_LPC55S69_cm33_core0.c:241:29:SystemInit	8	static
