C:/nxp/AlexterTest/LPCXpresso55S69-BuildEnvironment-V14.00.00.00/LPCXpresso55S69/PlatformPackage/RTE/ewextrte.c:104:7:EwAlloc	0	static
C:/nxp/AlexterTest/LPCXpresso55S69-BuildEnvironment-V14.00.00.00/LPCXpresso55S69/PlatformPackage/RTE/ewextrte.c:128:6:EwFree	0	static
C:/nxp/AlexterTest/LPCXpresso55S69-BuildEnvironment-V14.00.00.00/LPCXpresso55S69/PlatformPackage/RTE/ewextrte.c:152:5:EwIsMemory	0	static
C:/nxp/AlexterTest/LPCXpresso55S69-BuildEnvironment-V14.00.00.00/LPCXpresso55S69/PlatformPackage/RTE/ewextrte.c:180:6:EwPanic	8	static
C:/nxp/AlexterTest/LPCXpresso55S69-BuildEnvironment-V14.00.00.00/LPCXpresso55S69/PlatformPackage/RTE/ewextrte.c:207:6:EwConsoleOutput	8	static
C:/nxp/AlexterTest/LPCXpresso55S69-BuildEnvironment-V14.00.00.00/LPCXpresso55S69/PlatformPackage/RTE/ewextrte.c:238:6:EwSaveRegister	8	static
C:/nxp/AlexterTest/LPCXpresso55S69-BuildEnvironment-V14.00.00.00/LPCXpresso55S69/PlatformPackage/RTE/ewextrte.c:262:15:EwGetTicks	0	static
C:/nxp/AlexterTest/LPCXpresso55S69-BuildEnvironment-V14.00.00.00/LPCXpresso55S69/PlatformPackage/RTE/ewextrte.c:286:8:EwGetTime	8	static
C:/nxp/AlexterTest/LPCXpresso55S69-BuildEnvironment-V14.00.00.00/LPCXpresso55S69/PlatformPackage/RTE/ewextrte.c:338:6:EwZero	0	static
C:/nxp/AlexterTest/LPCXpresso55S69-BuildEnvironment-V14.00.00.00/LPCXpresso55S69/PlatformPackage/RTE/ewextrte.c:363:6:EwFill	0	static
C:/nxp/AlexterTest/LPCXpresso55S69-BuildEnvironment-V14.00.00.00/LPCXpresso55S69/PlatformPackage/RTE/ewextrte.c:388:6:EwMove	0	static
C:/nxp/AlexterTest/LPCXpresso55S69-BuildEnvironment-V14.00.00.00/LPCXpresso55S69/PlatformPackage/RTE/ewextrte.c:413:6:EwCopy	0	static
C:/nxp/AlexterTest/LPCXpresso55S69-BuildEnvironment-V14.00.00.00/LPCXpresso55S69/PlatformPackage/RTE/ewextrte.c:438:6:EwStrCpy	0	static
C:/nxp/AlexterTest/LPCXpresso55S69-BuildEnvironment-V14.00.00.00/LPCXpresso55S69/PlatformPackage/RTE/ewextrte.c:463:6:EwStrCat	0	static
C:/nxp/AlexterTest/LPCXpresso55S69-BuildEnvironment-V14.00.00.00/LPCXpresso55S69/PlatformPackage/RTE/ewextrte.c:490:5:EwStrCmp	0	static
C:/nxp/AlexterTest/LPCXpresso55S69-BuildEnvironment-V14.00.00.00/LPCXpresso55S69/PlatformPackage/RTE/ewextrte.c:513:5:EwStrLen	0	static
C:/nxp/AlexterTest/LPCXpresso55S69-BuildEnvironment-V14.00.00.00/LPCXpresso55S69/PlatformPackage/RTE/ewextrte.c:541:5:EwAtomicFetchAndAdd	0	static
C:/nxp/AlexterTest/LPCXpresso55S69-BuildEnvironment-V14.00.00.00/LPCXpresso55S69/PlatformPackage/RTE/ewextrte.c:561:8:EwMathSin	0	static
C:/nxp/AlexterTest/LPCXpresso55S69-BuildEnvironment-V14.00.00.00/LPCXpresso55S69/PlatformPackage/RTE/ewextrte.c:583:8:EwMathCos	0	static
C:/nxp/AlexterTest/LPCXpresso55S69-BuildEnvironment-V14.00.00.00/LPCXpresso55S69/PlatformPackage/RTE/ewextrte.c:605:8:EwMathTan	0	static
C:/nxp/AlexterTest/LPCXpresso55S69-BuildEnvironment-V14.00.00.00/LPCXpresso55S69/PlatformPackage/RTE/ewextrte.c:628:8:EwMathArcSin	8	static
C:/nxp/AlexterTest/LPCXpresso55S69-BuildEnvironment-V14.00.00.00/LPCXpresso55S69/PlatformPackage/RTE/ewextrte.c:651:8:EwMathArcCos	8	static
C:/nxp/AlexterTest/LPCXpresso55S69-BuildEnvironment-V14.00.00.00/LPCXpresso55S69/PlatformPackage/RTE/ewextrte.c:673:8:EwMathArcTan	8	static
C:/nxp/AlexterTest/LPCXpresso55S69-BuildEnvironment-V14.00.00.00/LPCXpresso55S69/PlatformPackage/RTE/ewextrte.c:695:8:EwMathArcTan2	8	static
C:/nxp/AlexterTest/LPCXpresso55S69-BuildEnvironment-V14.00.00.00/LPCXpresso55S69/PlatformPackage/RTE/ewextrte.c:718:8:EwMathSqrt	0	static
C:/nxp/AlexterTest/LPCXpresso55S69-BuildEnvironment-V14.00.00.00/LPCXpresso55S69/PlatformPackage/RTE/ewextrte.c:740:8:EwMathPow	0	static
C:/nxp/AlexterTest/LPCXpresso55S69-BuildEnvironment-V14.00.00.00/LPCXpresso55S69/PlatformPackage/RTE/ewextrte.c:761:8:EwMathExp	0	static
C:/nxp/AlexterTest/LPCXpresso55S69-BuildEnvironment-V14.00.00.00/LPCXpresso55S69/PlatformPackage/RTE/ewextrte.c:782:8:EwMathLog	0	static
C:/nxp/AlexterTest/LPCXpresso55S69-BuildEnvironment-V14.00.00.00/LPCXpresso55S69/PlatformPackage/RTE/ewextrte.c:803:8:EwMathLog10	0	static
C:/nxp/AlexterTest/LPCXpresso55S69-BuildEnvironment-V14.00.00.00/LPCXpresso55S69/PlatformPackage/RTE/ewextrte.c:826:8:EwMathRandInt32	16	static
C:/nxp/AlexterTest/LPCXpresso55S69-BuildEnvironment-V14.00.00.00/LPCXpresso55S69/PlatformPackage/RTE/ewextrte.c:864:8:EwMathRandFloat	16	static
C:/nxp/AlexterTest/LPCXpresso55S69-BuildEnvironment-V14.00.00.00/LPCXpresso55S69/PlatformPackage/RTE/ewextrte.c:895:8:EwMathRound	0	static
C:/nxp/AlexterTest/LPCXpresso55S69-BuildEnvironment-V14.00.00.00/LPCXpresso55S69/PlatformPackage/RTE/ewextrte.c:915:8:EwMathFloor	0	static
C:/nxp/AlexterTest/LPCXpresso55S69-BuildEnvironment-V14.00.00.00/LPCXpresso55S69/PlatformPackage/RTE/ewextrte.c:936:8:EwMathCeil	0	static
