C:/nxp/AlexterTest/LPCXpresso55S69-BuildEnvironment-V14.00.00.00/LPCXpresso55S69/ThirdParty/MCUXpressoSDK/rtos/freertos/freertos-kernel/portable/GCC/ARM_CM33_NTZ/non_secure/port.c:633:13:prvTaskExitError	16	static
C:/nxp/AlexterTest/LPCXpresso55S69-BuildEnvironment-V14.00.00.00/LPCXpresso55S69/ThirdParty/MCUXpressoSDK/rtos/freertos/freertos-kernel/portable/GCC/ARM_CM33_NTZ/non_secure/port.c:612:32:vPortSetupTimerInterrupt	4	static
C:/nxp/AlexterTest/LPCXpresso55S69-BuildEnvironment-V14.00.00.00/LPCXpresso55S69/ThirdParty/MCUXpressoSDK/rtos/freertos/freertos-kernel/portable/GCC/ARM_CM33_NTZ/non_secure/port.c:775:6:vPortYield	0	static
C:/nxp/AlexterTest/LPCXpresso55S69-BuildEnvironment-V14.00.00.00/LPCXpresso55S69/ThirdParty/MCUXpressoSDK/rtos/freertos/freertos-kernel/portable/GCC/ARM_CM33_NTZ/non_secure/port.c:787:6:vPortEnterCritical	8	static
C:/nxp/AlexterTest/LPCXpresso55S69-BuildEnvironment-V14.00.00.00/LPCXpresso55S69/ThirdParty/MCUXpressoSDK/rtos/freertos/freertos-kernel/portable/GCC/ARM_CM33_NTZ/non_secure/port.c:799:6:vPortExitCritical	8	static
C:/nxp/AlexterTest/LPCXpresso55S69-BuildEnvironment-V14.00.00.00/LPCXpresso55S69/ThirdParty/MCUXpressoSDK/rtos/freertos/freertos-kernel/portable/GCC/ARM_CM33_NTZ/non_secure/port.c:811:6:SysTick_Handler	8	static
C:/nxp/AlexterTest/LPCXpresso55S69-BuildEnvironment-V14.00.00.00/LPCXpresso55S69/ThirdParty/MCUXpressoSDK/rtos/freertos/freertos-kernel/portable/GCC/ARM_CM33_NTZ/non_secure/port.c:828:6:vPortSVCHandler_C	8	static
C:/nxp/AlexterTest/LPCXpresso55S69-BuildEnvironment-V14.00.00.00/LPCXpresso55S69/ThirdParty/MCUXpressoSDK/rtos/freertos/freertos-kernel/portable/GCC/ARM_CM33_NTZ/non_secure/port.c:955:19:pxPortInitialiseStack	36	static
C:/nxp/AlexterTest/LPCXpresso55S69-BuildEnvironment-V14.00.00.00/LPCXpresso55S69/ThirdParty/MCUXpressoSDK/rtos/freertos/freertos-kernel/portable/GCC/ARM_CM33_NTZ/non_secure/port.c:1070:12:xPortStartScheduler	24	static
C:/nxp/AlexterTest/LPCXpresso55S69-BuildEnvironment-V14.00.00.00/LPCXpresso55S69/ThirdParty/MCUXpressoSDK/rtos/freertos/freertos-kernel/portable/GCC/ARM_CM33_NTZ/non_secure/port.c:1107:6:vPortEndScheduler	8	static
C:/nxp/AlexterTest/LPCXpresso55S69-BuildEnvironment-V14.00.00.00/LPCXpresso55S69/ThirdParty/MCUXpressoSDK/rtos/freertos/freertos-kernel/portable/GCC/ARM_CM33_NTZ/non_secure/port.c:1240:12:xPortIsInsideInterrupt	0	static
