17:20:15 **** Build of configuration Debug for project lpcxpresso55s69_hello_world ****
make -r -j20 all 
Building file: ../utilities/fsl_assert.c
Building file: ../utilities/fsl_debug_console.c
Invoking: MCU C Compiler
arm-none-eabi-gcc -std=gnu99 -D__REDLIB__ -DCPU_LPC55S69JBD100 -DCPU_LPC55S69JBD100_cm33 -DCPU_LPC55S69JBD100_cm33_core0 -DMCUXPRESSO_SDK -DSDK_DEBUGCONSOLE=1 -DCR_INTEGER_PRINTF -DPRINTF_FLOAT_ENABLE=0 -D__MCUXPRESSO -D__USE_CMSIS -DDEBUG -I"C:\nxp\AlexterTest\lpcxpresso55s69_hello_world\source" -I"C:\nxp\AlexterTest\lpcxpresso55s69_hello_world\utilities" -I"C:\nxp\AlexterTest\lpcxpresso55s69_hello_world\drivers" -I"C:\nxp\AlexterTest\lpcxpresso55s69_hello_world\device" -I"C:\nxp\AlexterTest\lpcxpresso55s69_hello_world\startup" -I"C:\nxp\AlexterTest\lpcxpresso55s69_hello_world\component\uart" -I"C:\nxp\AlexterTest\lpcxpresso55s69_hello_world\component\lists" -I"C:\nxp\AlexterTest\lpcxpresso55s69_hello_world\CMSIS" -I"C:\nxp\AlexterTest\lpcxpresso55s69_hello_world\board" -O0 -fno-common -g3 -gdwarf-4 -mcpu=cortex-m33 -c -ffunction-sections -fdata-sections -ffreestanding -fno-builtin -fmerge-constants -fmacro-prefix-map="../utilities/"= -mcpu=cortex-m33 -mfpu=fpv5-sp-d16 -mfloat-abi=hard -mthumb -D__REDLIB__ -fstack-usage -specs=redlib.specs -MMD -MP -MF"utilities/fsl_assert.d" -MT"utilities/fsl_assert.o" -MT"utilities/fsl_assert.d" -o "utilities/fsl_assert.o" "../utilities/fsl_assert.c"
Invoking: MCU C Compiler
arm-none-eabi-gcc -std=gnu99 -D__REDLIB__ -DCPU_LPC55S69JBD100 -DCPU_LPC55S69JBD100_cm33 -DCPU_LPC55S69JBD100_cm33_core0 -DMCUXPRESSO_SDK -DSDK_DEBUGCONSOLE=1 -DCR_INTEGER_PRINTF -DPRINTF_FLOAT_ENABLE=0 -D__MCUXPRESSO -D__USE_CMSIS -DDEBUG -I"C:\nxp\AlexterTest\lpcxpresso55s69_hello_world\source" -I"C:\nxp\AlexterTest\lpcxpresso55s69_hello_world\utilities" -I"C:\nxp\AlexterTest\lpcxpresso55s69_hello_world\drivers" -I"C:\nxp\AlexterTest\lpcxpresso55s69_hello_world\device" -I"C:\nxp\AlexterTest\lpcxpresso55s69_hello_world\startup" -I"C:\nxp\AlexterTest\lpcxpresso55s69_hello_world\component\uart" -I"C:\nxp\AlexterTest\lpcxpresso55s69_hello_world\component\lists" -I"C:\nxp\AlexterTest\lpcxpresso55s69_hello_world\CMSIS" -I"C:\nxp\AlexterTest\lpcxpresso55s69_hello_world\board" -O0 -fno-common -g3 -gdwarf-4 -mcpu=cortex-m33 -c -ffunction-sections -fdata-sections -ffreestanding -fno-builtin -fmerge-constants -fmacro-prefix-map="../utilities/"= -mcpu=cortex-m33 -mfpu=fpv5-sp-d16 -mfloat-abi=hard -mthumb -D__REDLIB__ -fstack-usage -specs=redlib.specs -MMD -MP -MF"utilities/fsl_debug_console.d" -MT"utilities/fsl_debug_console.o" -MT"utilities/fsl_debug_console.d" -o "utilities/fsl_debug_console.o" "../utilities/fsl_debug_console.c"
Building file: ../utilities/fsl_memcpy.S
Building file: ../utilities/fsl_str.c
Invoking: MCU Assembler
arm-none-eabi-gcc -c -x assembler-with-cpp -D__REDLIB__ -I"C:\nxp\AlexterTest\lpcxpresso55s69_hello_world\source" -g3 -gdwarf-4 -mcpu=cortex-m33 -mfpu=fpv5-sp-d16 -mfloat-abi=hard -mthumb -D__REDLIB__ -specs=redlib.specs -o "utilities/fsl_memcpy.o" "../utilities/fsl_memcpy.S"
Invoking: MCU C Compiler
arm-none-eabi-gcc -std=gnu99 -D__REDLIB__ -DCPU_LPC55S69JBD100 -DCPU_LPC55S69JBD100_cm33 -DCPU_LPC55S69JBD100_cm33_core0 -DMCUXPRESSO_SDK -DSDK_DEBUGCONSOLE=1 -DCR_INTEGER_PRINTF -DPRINTF_FLOAT_ENABLE=0 -D__MCUXPRESSO -D__USE_CMSIS -DDEBUG -I"C:\nxp\AlexterTest\lpcxpresso55s69_hello_world\source" -I"C:\nxp\AlexterTest\lpcxpresso55s69_hello_world\utilities" -I"C:\nxp\AlexterTest\lpcxpresso55s69_hello_world\drivers" -I"C:\nxp\AlexterTest\lpcxpresso55s69_hello_world\device" -I"C:\nxp\AlexterTest\lpcxpresso55s69_hello_world\startup" -I"C:\nxp\AlexterTest\lpcxpresso55s69_hello_world\component\uart" -I"C:\nxp\AlexterTest\lpcxpresso55s69_hello_world\component\lists" -I"C:\nxp\AlexterTest\lpcxpresso55s69_hello_world\CMSIS" -I"C:\nxp\AlexterTest\lpcxpresso55s69_hello_world\board" -O0 -fno-common -g3 -gdwarf-4 -mcpu=cortex-m33 -c -ffunction-sections -fdata-sections -ffreestanding -fno-builtin -fmerge-constants -fmacro-prefix-map="../utilities/"= -mcpu=cortex-m33 -mfpu=fpv5-sp-d16 -mfloat-abi=hard -mthumb -D__REDLIB__ -fstack-usage -specs=redlib.specs -MMD -MP -MF"utilities/fsl_str.d" -MT"utilities/fsl_str.o" -MT"utilities/fsl_str.d" -o "utilities/fsl_str.o" "../utilities/fsl_str.c"
Building file: ../startup/boot_multicore_slave.c
Building file: ../startup/startup_lpc55s69_cm33_core0.c
Invoking: MCU C Compiler
arm-none-eabi-gcc -std=gnu99 -D__REDLIB__ -DCPU_LPC55S69JBD100 -DCPU_LPC55S69JBD100_cm33 -DCPU_LPC55S69JBD100_cm33_core0 -DMCUXPRESSO_SDK -DSDK_DEBUGCONSOLE=1 -DCR_INTEGER_PRINTF -DPRINTF_FLOAT_ENABLE=0 -D__MCUXPRESSO -D__USE_CMSIS -DDEBUG -I"C:\nxp\AlexterTest\lpcxpresso55s69_hello_world\source" -I"C:\nxp\AlexterTest\lpcxpresso55s69_hello_world\utilities" -I"C:\nxp\AlexterTest\lpcxpresso55s69_hello_world\drivers" -I"C:\nxp\AlexterTest\lpcxpresso55s69_hello_world\device" -I"C:\nxp\AlexterTest\lpcxpresso55s69_hello_world\startup" -I"C:\nxp\AlexterTest\lpcxpresso55s69_hello_world\component\uart" -I"C:\nxp\AlexterTest\lpcxpresso55s69_hello_world\component\lists" -I"C:\nxp\AlexterTest\lpcxpresso55s69_hello_world\CMSIS" -I"C:\nxp\AlexterTest\lpcxpresso55s69_hello_world\board" -O0 -fno-common -g3 -gdwarf-4 -mcpu=cortex-m33 -c -ffunction-sections -fdata-sections -ffreestanding -fno-builtin -fmerge-constants -fmacro-prefix-map="../startup/"= -mcpu=cortex-m33 -mfpu=fpv5-sp-d16 -mfloat-abi=hard -mthumb -D__REDLIB__ -fstack-usage -specs=redlib.specs -MMD -MP -MF"startup/boot_multicore_slave.d" -MT"startup/boot_multicore_slave.o" -MT"startup/boot_multicore_slave.d" -o "startup/boot_multicore_slave.o" "../startup/boot_multicore_slave.c"
Invoking: MCU C Compiler
arm-none-eabi-gcc -std=gnu99 -D__REDLIB__ -DCPU_LPC55S69JBD100 -DCPU_LPC55S69JBD100_cm33 -DCPU_LPC55S69JBD100_cm33_core0 -DMCUXPRESSO_SDK -DSDK_DEBUGCONSOLE=1 -DCR_INTEGER_PRINTF -DPRINTF_FLOAT_ENABLE=0 -D__MCUXPRESSO -D__USE_CMSIS -DDEBUG -I"C:\nxp\AlexterTest\lpcxpresso55s69_hello_world\source" -I"C:\nxp\AlexterTest\lpcxpresso55s69_hello_world\utilities" -I"C:\nxp\AlexterTest\lpcxpresso55s69_hello_world\drivers" -I"C:\nxp\AlexterTest\lpcxpresso55s69_hello_world\device" -I"C:\nxp\AlexterTest\lpcxpresso55s69_hello_world\startup" -I"C:\nxp\AlexterTest\lpcxpresso55s69_hello_world\component\uart" -I"C:\nxp\AlexterTest\lpcxpresso55s69_hello_world\component\lists" -I"C:\nxp\AlexterTest\lpcxpresso55s69_hello_world\CMSIS" -I"C:\nxp\AlexterTest\lpcxpresso55s69_hello_world\board" -O0 -fno-common -g3 -gdwarf-4 -mcpu=cortex-m33 -c -ffunction-sections -fdata-sections -ffreestanding -fno-builtin -fmerge-constants -fmacro-prefix-map="../startup/"= -mcpu=cortex-m33 -mfpu=fpv5-sp-d16 -mfloat-abi=hard -mthumb -D__REDLIB__ -fstack-usage -specs=redlib.specs -MMD -MP -MF"startup/startup_lpc55s69_cm33_core0.d" -MT"startup/startup_lpc55s69_cm33_core0.o" -MT"startup/startup_lpc55s69_cm33_core0.d" -o "startup/startup_lpc55s69_cm33_core0.o" "../startup/startup_lpc55s69_cm33_core0.c"
Building file: ../source/hello_world.c
Building file: ../source/semihost_hardfault.c
Finished building: ../utilities/fsl_memcpy.S
Invoking: MCU C Compiler
Invoking: MCU C Compiler
Finished building: ../utilities/fsl_assert.c
Finished building: ../utilities/fsl_debug_console.c
Finished building: ../startup/boot_multicore_slave.c
arm-none-eabi-gcc -std=gnu99 -D__REDLIB__ -DCPU_LPC55S69JBD100 -DCPU_LPC55S69JBD100_cm33 -DCPU_LPC55S69JBD100_cm33_core0 -DMCUXPRESSO_SDK -DSDK_DEBUGCONSOLE=1 -DCR_INTEGER_PRINTF -DPRINTF_FLOAT_ENABLE=0 -D__MCUXPRESSO -D__USE_CMSIS -DDEBUG -I"C:\nxp\AlexterTest\lpcxpresso55s69_hello_world\source" -I"C:\nxp\AlexterTest\lpcxpresso55s69_hello_world\utilities" -I"C:\nxp\AlexterTest\lpcxpresso55s69_hello_world\drivers" -I"C:\nxp\AlexterTest\lpcxpresso55s69_hello_world\device" -I"C:\nxp\AlexterTest\lpcxpresso55s69_hello_world\startup" -I"C:\nxp\AlexterTest\lpcxpresso55s69_hello_world\component\uart" -I"C:\nxp\AlexterTest\lpcxpresso55s69_hello_world\component\lists" -I"C:\nxp\AlexterTest\lpcxpresso55s69_hello_world\CMSIS" -I"C:\nxp\AlexterTest\lpcxpresso55s69_hello_world\board" -O0 -fno-common -g3 -gdwarf-4 -mcpu=cortex-m33 -c -ffunction-sections -fdata-sections -ffreestanding -fno-builtin -fmerge-constants -fmacro-prefix-map="../source/"= -mcpu=cortex-m33 -mfpu=fpv5-sp-d16 -mfloat-abi=hard -mthumb -D__REDLIB__ -fstack-usage -specs=redlib.specs -MMD -MP -MF"source/hello_world.d" -MT"source/hello_world.o" -MT"source/hello_world.d" -o "source/hello_world.o" "../source/hello_world.c"
 
arm-none-eabi-gcc -std=gnu99 -D__REDLIB__ -DCPU_LPC55S69JBD100 -DCPU_LPC55S69JBD100_cm33 -DCPU_LPC55S69JBD100_cm33_core0 -DMCUXPRESSO_SDK -DSDK_DEBUGCONSOLE=1 -DCR_INTEGER_PRINTF -DPRINTF_FLOAT_ENABLE=0 -D__MCUXPRESSO -D__USE_CMSIS -DDEBUG -I"C:\nxp\AlexterTest\lpcxpresso55s69_hello_world\source" -I"C:\nxp\AlexterTest\lpcxpresso55s69_hello_world\utilities" -I"C:\nxp\AlexterTest\lpcxpresso55s69_hello_world\drivers" -I"C:\nxp\AlexterTest\lpcxpresso55s69_hello_world\device" -I"C:\nxp\AlexterTest\lpcxpresso55s69_hello_world\startup" -I"C:\nxp\AlexterTest\lpcxpresso55s69_hello_world\component\uart" -I"C:\nxp\AlexterTest\lpcxpresso55s69_hello_world\component\lists" -I"C:\nxp\AlexterTest\lpcxpresso55s69_hello_world\CMSIS" -I"C:\nxp\AlexterTest\lpcxpresso55s69_hello_world\board" -O0 -fno-common -g3 -gdwarf-4 -mcpu=cortex-m33 -c -ffunction-sections -fdata-sections -ffreestanding -fno-builtin -fmerge-constants -fmacro-prefix-map="../source/"= -mcpu=cortex-m33 -mfpu=fpv5-sp-d16 -mfloat-abi=hard -mthumb -D__REDLIB__ -fstack-usage -specs=redlib.specs -MMD -MP -MF"source/semihost_hardfault.d" -MT"source/semihost_hardfault.o" -MT"source/semihost_hardfault.d" -o "source/semihost_hardfault.o" "../source/semihost_hardfault.c"
Finished building: ../startup/startup_lpc55s69_cm33_core0.c
Finished building: ../utilities/fsl_str.c
 
 
 
 
 
Building file: ../drivers/fsl_clock.c
Building file: ../drivers/fsl_common.c
Finished building: ../source/semihost_hardfault.c
Invoking: MCU C Compiler
Invoking: MCU C Compiler
arm-none-eabi-gcc -std=gnu99 -D__REDLIB__ -DCPU_LPC55S69JBD100 -DCPU_LPC55S69JBD100_cm33 -DCPU_LPC55S69JBD100_cm33_core0 -DMCUXPRESSO_SDK -DSDK_DEBUGCONSOLE=1 -DCR_INTEGER_PRINTF -DPRINTF_FLOAT_ENABLE=0 -D__MCUXPRESSO -D__USE_CMSIS -DDEBUG -I"C:\nxp\AlexterTest\lpcxpresso55s69_hello_world\source" -I"C:\nxp\AlexterTest\lpcxpresso55s69_hello_world\utilities" -I"C:\nxp\AlexterTest\lpcxpresso55s69_hello_world\drivers" -I"C:\nxp\AlexterTest\lpcxpresso55s69_hello_world\device" -I"C:\nxp\AlexterTest\lpcxpresso55s69_hello_world\startup" -I"C:\nxp\AlexterTest\lpcxpresso55s69_hello_world\component\uart" -I"C:\nxp\AlexterTest\lpcxpresso55s69_hello_world\component\lists" -I"C:\nxp\AlexterTest\lpcxpresso55s69_hello_world\CMSIS" -I"C:\nxp\AlexterTest\lpcxpresso55s69_hello_world\board" -O0 -fno-common -g3 -gdwarf-4 -mcpu=cortex-m33 -c -ffunction-sections -fdata-sections -ffreestanding -fno-builtin -fmerge-constants -fmacro-prefix-map="../drivers/"= -mcpu=cortex-m33 -mfpu=fpv5-sp-d16 -mfloat-abi=hard -mthumb -D__REDLIB__ -fstack-usage -specs=redlib.specs -MMD -MP -MF"drivers/fsl_clock.d" -MT"drivers/fsl_clock.o" -MT"drivers/fsl_clock.d" -o "drivers/fsl_clock.o" "../drivers/fsl_clock.c"
 
arm-none-eabi-gcc -std=gnu99 -D__REDLIB__ -DCPU_LPC55S69JBD100 -DCPU_LPC55S69JBD100_cm33 -DCPU_LPC55S69JBD100_cm33_core0 -DMCUXPRESSO_SDK -DSDK_DEBUGCONSOLE=1 -DCR_INTEGER_PRINTF -DPRINTF_FLOAT_ENABLE=0 -D__MCUXPRESSO -D__USE_CMSIS -DDEBUG -I"C:\nxp\AlexterTest\lpcxpresso55s69_hello_world\source" -I"C:\nxp\AlexterTest\lpcxpresso55s69_hello_world\utilities" -I"C:\nxp\AlexterTest\lpcxpresso55s69_hello_world\drivers" -I"C:\nxp\AlexterTest\lpcxpresso55s69_hello_world\device" -I"C:\nxp\AlexterTest\lpcxpresso55s69_hello_world\startup" -I"C:\nxp\AlexterTest\lpcxpresso55s69_hello_world\component\uart" -I"C:\nxp\AlexterTest\lpcxpresso55s69_hello_world\component\lists" -I"C:\nxp\AlexterTest\lpcxpresso55s69_hello_world\CMSIS" -I"C:\nxp\AlexterTest\lpcxpresso55s69_hello_world\board" -O0 -fno-common -g3 -gdwarf-4 -mcpu=cortex-m33 -c -ffunction-sections -fdata-sections -ffreestanding -fno-builtin -fmerge-constants -fmacro-prefix-map="../drivers/"= -mcpu=cortex-m33 -mfpu=fpv5-sp-d16 -mfloat-abi=hard -mthumb -D__REDLIB__ -fstack-usage -specs=redlib.specs -MMD -MP -MF"drivers/fsl_common.d" -MT"drivers/fsl_common.o" -MT"drivers/fsl_common.d" -o "drivers/fsl_common.o" "../drivers/fsl_common.c"
Building file: ../drivers/fsl_common_arm.c
Finished building: ../source/hello_world.c
Invoking: MCU C Compiler
arm-none-eabi-gcc -std=gnu99 -D__REDLIB__ -DCPU_LPC55S69JBD100 -DCPU_LPC55S69JBD100_cm33 -DCPU_LPC55S69JBD100_cm33_core0 -DMCUXPRESSO_SDK -DSDK_DEBUGCONSOLE=1 -DCR_INTEGER_PRINTF -DPRINTF_FLOAT_ENABLE=0 -D__MCUXPRESSO -D__USE_CMSIS -DDEBUG -I"C:\nxp\AlexterTest\lpcxpresso55s69_hello_world\source" -I"C:\nxp\AlexterTest\lpcxpresso55s69_hello_world\utilities" -I"C:\nxp\AlexterTest\lpcxpresso55s69_hello_world\drivers" -I"C:\nxp\AlexterTest\lpcxpresso55s69_hello_world\device" -I"C:\nxp\AlexterTest\lpcxpresso55s69_hello_world\startup" -I"C:\nxp\AlexterTest\lpcxpresso55s69_hello_world\component\uart" -I"C:\nxp\AlexterTest\lpcxpresso55s69_hello_world\component\lists" -I"C:\nxp\AlexterTest\lpcxpresso55s69_hello_world\CMSIS" -I"C:\nxp\AlexterTest\lpcxpresso55s69_hello_world\board" -O0 -fno-common -g3 -gdwarf-4 -mcpu=cortex-m33 -c -ffunction-sections -fdata-sections -ffreestanding -fno-builtin -fmerge-constants -fmacro-prefix-map="../drivers/"= -mcpu=cortex-m33 -mfpu=fpv5-sp-d16 -mfloat-abi=hard -mthumb -D__REDLIB__ -fstack-usage -specs=redlib.specs -MMD -MP -MF"drivers/fsl_common_arm.d" -MT"drivers/fsl_common_arm.o" -MT"drivers/fsl_common_arm.d" -o "drivers/fsl_common_arm.o" "../drivers/fsl_common_arm.c"
 
Building file: ../drivers/fsl_flexcomm.c
Building file: ../drivers/fsl_gpio.c
Invoking: MCU C Compiler
arm-none-eabi-gcc -std=gnu99 -D__REDLIB__ -DCPU_LPC55S69JBD100 -DCPU_LPC55S69JBD100_cm33 -DCPU_LPC55S69JBD100_cm33_core0 -DMCUXPRESSO_SDK -DSDK_DEBUGCONSOLE=1 -DCR_INTEGER_PRINTF -DPRINTF_FLOAT_ENABLE=0 -D__MCUXPRESSO -D__USE_CMSIS -DDEBUG -I"C:\nxp\AlexterTest\lpcxpresso55s69_hello_world\source" -I"C:\nxp\AlexterTest\lpcxpresso55s69_hello_world\utilities" -I"C:\nxp\AlexterTest\lpcxpresso55s69_hello_world\drivers" -I"C:\nxp\AlexterTest\lpcxpresso55s69_hello_world\device" -I"C:\nxp\AlexterTest\lpcxpresso55s69_hello_world\startup" -I"C:\nxp\AlexterTest\lpcxpresso55s69_hello_world\component\uart" -I"C:\nxp\AlexterTest\lpcxpresso55s69_hello_world\component\lists" -I"C:\nxp\AlexterTest\lpcxpresso55s69_hello_world\CMSIS" -I"C:\nxp\AlexterTest\lpcxpresso55s69_hello_world\board" -O0 -fno-common -g3 -gdwarf-4 -mcpu=cortex-m33 -c -ffunction-sections -fdata-sections -ffreestanding -fno-builtin -fmerge-constants -fmacro-prefix-map="../drivers/"= -mcpu=cortex-m33 -mfpu=fpv5-sp-d16 -mfloat-abi=hard -mthumb -D__REDLIB__ -fstack-usage -specs=redlib.specs -MMD -MP -MF"drivers/fsl_flexcomm.d" -MT"drivers/fsl_flexcomm.o" -MT"drivers/fsl_flexcomm.d" -o "drivers/fsl_flexcomm.o" "../drivers/fsl_flexcomm.c"
Invoking: MCU C Compiler
arm-none-eabi-gcc -std=gnu99 -D__REDLIB__ -DCPU_LPC55S69JBD100 -DCPU_LPC55S69JBD100_cm33 -DCPU_LPC55S69JBD100_cm33_core0 -DMCUXPRESSO_SDK -DSDK_DEBUGCONSOLE=1 -DCR_INTEGER_PRINTF -DPRINTF_FLOAT_ENABLE=0 -D__MCUXPRESSO -D__USE_CMSIS -DDEBUG -I"C:\nxp\AlexterTest\lpcxpresso55s69_hello_world\source" -I"C:\nxp\AlexterTest\lpcxpresso55s69_hello_world\utilities" -I"C:\nxp\AlexterTest\lpcxpresso55s69_hello_world\drivers" -I"C:\nxp\AlexterTest\lpcxpresso55s69_hello_world\device" -I"C:\nxp\AlexterTest\lpcxpresso55s69_hello_world\startup" -I"C:\nxp\AlexterTest\lpcxpresso55s69_hello_world\component\uart" -I"C:\nxp\AlexterTest\lpcxpresso55s69_hello_world\component\lists" -I"C:\nxp\AlexterTest\lpcxpresso55s69_hello_world\CMSIS" -I"C:\nxp\AlexterTest\lpcxpresso55s69_hello_world\board" -O0 -fno-common -g3 -gdwarf-4 -mcpu=cortex-m33 -c -ffunction-sections -fdata-sections -ffreestanding -fno-builtin -fmerge-constants -fmacro-prefix-map="../drivers/"= -mcpu=cortex-m33 -mfpu=fpv5-sp-d16 -mfloat-abi=hard -mthumb -D__REDLIB__ -fstack-usage -specs=redlib.specs -MMD -MP -MF"drivers/fsl_gpio.d" -MT"drivers/fsl_gpio.o" -MT"drivers/fsl_gpio.d" -o "drivers/fsl_gpio.o" "../drivers/fsl_gpio.c"
Building file: ../drivers/fsl_power.c
Building file: ../drivers/fsl_reset.c
Invoking: MCU C Compiler
arm-none-eabi-gcc -std=gnu99 -D__REDLIB__ -DCPU_LPC55S69JBD100 -DCPU_LPC55S69JBD100_cm33 -DCPU_LPC55S69JBD100_cm33_core0 -DMCUXPRESSO_SDK -DSDK_DEBUGCONSOLE=1 -DCR_INTEGER_PRINTF -DPRINTF_FLOAT_ENABLE=0 -D__MCUXPRESSO -D__USE_CMSIS -DDEBUG -I"C:\nxp\AlexterTest\lpcxpresso55s69_hello_world\source" -I"C:\nxp\AlexterTest\lpcxpresso55s69_hello_world\utilities" -I"C:\nxp\AlexterTest\lpcxpresso55s69_hello_world\drivers" -I"C:\nxp\AlexterTest\lpcxpresso55s69_hello_world\device" -I"C:\nxp\AlexterTest\lpcxpresso55s69_hello_world\startup" -I"C:\nxp\AlexterTest\lpcxpresso55s69_hello_world\component\uart" -I"C:\nxp\AlexterTest\lpcxpresso55s69_hello_world\component\lists" -I"C:\nxp\AlexterTest\lpcxpresso55s69_hello_world\CMSIS" -I"C:\nxp\AlexterTest\lpcxpresso55s69_hello_world\board" -O0 -fno-common -g3 -gdwarf-4 -mcpu=cortex-m33 -c -ffunction-sections -fdata-sections -ffreestanding -fno-builtin -fmerge-constants -fmacro-prefix-map="../drivers/"= -mcpu=cortex-m33 -mfpu=fpv5-sp-d16 -mfloat-abi=hard -mthumb -D__REDLIB__ -fstack-usage -specs=redlib.specs -MMD -MP -MF"drivers/fsl_power.d" -MT"drivers/fsl_power.o" -MT"drivers/fsl_power.d" -o "drivers/fsl_power.o" "../drivers/fsl_power.c"
Invoking: MCU C Compiler
arm-none-eabi-gcc -std=gnu99 -D__REDLIB__ -DCPU_LPC55S69JBD100 -DCPU_LPC55S69JBD100_cm33 -DCPU_LPC55S69JBD100_cm33_core0 -DMCUXPRESSO_SDK -DSDK_DEBUGCONSOLE=1 -DCR_INTEGER_PRINTF -DPRINTF_FLOAT_ENABLE=0 -D__MCUXPRESSO -D__USE_CMSIS -DDEBUG -I"C:\nxp\AlexterTest\lpcxpresso55s69_hello_world\source" -I"C:\nxp\AlexterTest\lpcxpresso55s69_hello_world\utilities" -I"C:\nxp\AlexterTest\lpcxpresso55s69_hello_world\drivers" -I"C:\nxp\AlexterTest\lpcxpresso55s69_hello_world\device" -I"C:\nxp\AlexterTest\lpcxpresso55s69_hello_world\startup" -I"C:\nxp\AlexterTest\lpcxpresso55s69_hello_world\component\uart" -I"C:\nxp\AlexterTest\lpcxpresso55s69_hello_world\component\lists" -I"C:\nxp\AlexterTest\lpcxpresso55s69_hello_world\CMSIS" -I"C:\nxp\AlexterTest\lpcxpresso55s69_hello_world\board" -O0 -fno-common -g3 -gdwarf-4 -mcpu=cortex-m33 -c -ffunction-sections -fdata-sections -ffreestanding -fno-builtin -fmerge-constants -fmacro-prefix-map="../drivers/"= -mcpu=cortex-m33 -mfpu=fpv5-sp-d16 -mfloat-abi=hard -mthumb -D__REDLIB__ -fstack-usage -specs=redlib.specs -MMD -MP -MF"drivers/fsl_reset.d" -MT"drivers/fsl_reset.o" -MT"drivers/fsl_reset.d" -o "drivers/fsl_reset.o" "../drivers/fsl_reset.c"
Finished building: ../drivers/fsl_common.c
 
Building file: ../drivers/fsl_usart.c
Building file: ../device/system_LPC55S69_cm33_core0.c
Finished building: ../drivers/fsl_clock.c
Finished building: ../drivers/fsl_common_arm.c
Invoking: MCU C Compiler
Invoking: MCU C Compiler
 
 
Finished building: ../drivers/fsl_flexcomm.c
arm-none-eabi-gcc -std=gnu99 -D__REDLIB__ -DCPU_LPC55S69JBD100 -DCPU_LPC55S69JBD100_cm33 -DCPU_LPC55S69JBD100_cm33_core0 -DMCUXPRESSO_SDK -DSDK_DEBUGCONSOLE=1 -DCR_INTEGER_PRINTF -DPRINTF_FLOAT_ENABLE=0 -D__MCUXPRESSO -D__USE_CMSIS -DDEBUG -I"C:\nxp\AlexterTest\lpcxpresso55s69_hello_world\source" -I"C:\nxp\AlexterTest\lpcxpresso55s69_hello_world\utilities" -I"C:\nxp\AlexterTest\lpcxpresso55s69_hello_world\drivers" -I"C:\nxp\AlexterTest\lpcxpresso55s69_hello_world\device" -I"C:\nxp\AlexterTest\lpcxpresso55s69_hello_world\startup" -I"C:\nxp\AlexterTest\lpcxpresso55s69_hello_world\component\uart" -I"C:\nxp\AlexterTest\lpcxpresso55s69_hello_world\component\lists" -I"C:\nxp\AlexterTest\lpcxpresso55s69_hello_world\CMSIS" -I"C:\nxp\AlexterTest\lpcxpresso55s69_hello_world\board" -O0 -fno-common -g3 -gdwarf-4 -mcpu=cortex-m33 -c -ffunction-sections -fdata-sections -ffreestanding -fno-builtin -fmerge-constants -fmacro-prefix-map="../drivers/"= -mcpu=cortex-m33 -mfpu=fpv5-sp-d16 -mfloat-abi=hard -mthumb -D__REDLIB__ -fstack-usage -specs=redlib.specs -MMD -MP -MF"drivers/fsl_usart.d" -MT"drivers/fsl_usart.o" -MT"drivers/fsl_usart.d" -o "drivers/fsl_usart.o" "../drivers/fsl_usart.c"
Finished building: ../drivers/fsl_gpio.c
arm-none-eabi-gcc -std=gnu99 -D__REDLIB__ -DCPU_LPC55S69JBD100 -DCPU_LPC55S69JBD100_cm33 -DCPU_LPC55S69JBD100_cm33_core0 -DMCUXPRESSO_SDK -DSDK_DEBUGCONSOLE=1 -DCR_INTEGER_PRINTF -DPRINTF_FLOAT_ENABLE=0 -D__MCUXPRESSO -D__USE_CMSIS -DDEBUG -I"C:\nxp\AlexterTest\lpcxpresso55s69_hello_world\source" -I"C:\nxp\AlexterTest\lpcxpresso55s69_hello_world\utilities" -I"C:\nxp\AlexterTest\lpcxpresso55s69_hello_world\drivers" -I"C:\nxp\AlexterTest\lpcxpresso55s69_hello_world\device" -I"C:\nxp\AlexterTest\lpcxpresso55s69_hello_world\startup" -I"C:\nxp\AlexterTest\lpcxpresso55s69_hello_world\component\uart" -I"C:\nxp\AlexterTest\lpcxpresso55s69_hello_world\component\lists" -I"C:\nxp\AlexterTest\lpcxpresso55s69_hello_world\CMSIS" -I"C:\nxp\AlexterTest\lpcxpresso55s69_hello_world\board" -O0 -fno-common -g3 -gdwarf-4 -mcpu=cortex-m33 -c -ffunction-sections -fdata-sections -ffreestanding -fno-builtin -fmerge-constants -fmacro-prefix-map="../device/"= -mcpu=cortex-m33 -mfpu=fpv5-sp-d16 -mfloat-abi=hard -mthumb -D__REDLIB__ -fstack-usage -specs=redlib.specs -MMD -MP -MF"device/system_LPC55S69_cm33_core0.d" -MT"device/system_LPC55S69_cm33_core0.o" -MT"device/system_LPC55S69_cm33_core0.d" -o "device/system_LPC55S69_cm33_core0.o" "../device/system_LPC55S69_cm33_core0.c"
 
 
Building file: ../component/uart/fsl_adapter_usart.c
Building file: ../component/lists/fsl_component_generic_list.c
Finished building: ../drivers/fsl_reset.c
Finished building: ../drivers/fsl_power.c
Invoking: MCU C Compiler
Invoking: MCU C Compiler
 
arm-none-eabi-gcc -std=gnu99 -D__REDLIB__ -DCPU_LPC55S69JBD100 -DCPU_LPC55S69JBD100_cm33 -DCPU_LPC55S69JBD100_cm33_core0 -DMCUXPRESSO_SDK -DSDK_DEBUGCONSOLE=1 -DCR_INTEGER_PRINTF -DPRINTF_FLOAT_ENABLE=0 -D__MCUXPRESSO -D__USE_CMSIS -DDEBUG -I"C:\nxp\AlexterTest\lpcxpresso55s69_hello_world\source" -I"C:\nxp\AlexterTest\lpcxpresso55s69_hello_world\utilities" -I"C:\nxp\AlexterTest\lpcxpresso55s69_hello_world\drivers" -I"C:\nxp\AlexterTest\lpcxpresso55s69_hello_world\device" -I"C:\nxp\AlexterTest\lpcxpresso55s69_hello_world\startup" -I"C:\nxp\AlexterTest\lpcxpresso55s69_hello_world\component\uart" -I"C:\nxp\AlexterTest\lpcxpresso55s69_hello_world\component\lists" -I"C:\nxp\AlexterTest\lpcxpresso55s69_hello_world\CMSIS" -I"C:\nxp\AlexterTest\lpcxpresso55s69_hello_world\board" -O0 -fno-common -g3 -gdwarf-4 -mcpu=cortex-m33 -c -ffunction-sections -fdata-sections -ffreestanding -fno-builtin -fmerge-constants -fmacro-prefix-map="../component/uart/"= -mcpu=cortex-m33 -mfpu=fpv5-sp-d16 -mfloat-abi=hard -mthumb -D__REDLIB__ -fstack-usage -specs=redlib.specs -MMD -MP -MF"component/uart/fsl_adapter_usart.d" -MT"component/uart/fsl_adapter_usart.o" -MT"component/uart/fsl_adapter_usart.d" -o "component/uart/fsl_adapter_usart.o" "../component/uart/fsl_adapter_usart.c"
 
arm-none-eabi-gcc -std=gnu99 -D__REDLIB__ -DCPU_LPC55S69JBD100 -DCPU_LPC55S69JBD100_cm33 -DCPU_LPC55S69JBD100_cm33_core0 -DMCUXPRESSO_SDK -DSDK_DEBUGCONSOLE=1 -DCR_INTEGER_PRINTF -DPRINTF_FLOAT_ENABLE=0 -D__MCUXPRESSO -D__USE_CMSIS -DDEBUG -I"C:\nxp\AlexterTest\lpcxpresso55s69_hello_world\source" -I"C:\nxp\AlexterTest\lpcxpresso55s69_hello_world\utilities" -I"C:\nxp\AlexterTest\lpcxpresso55s69_hello_world\drivers" -I"C:\nxp\AlexterTest\lpcxpresso55s69_hello_world\device" -I"C:\nxp\AlexterTest\lpcxpresso55s69_hello_world\startup" -I"C:\nxp\AlexterTest\lpcxpresso55s69_hello_world\component\uart" -I"C:\nxp\AlexterTest\lpcxpresso55s69_hello_world\component\lists" -I"C:\nxp\AlexterTest\lpcxpresso55s69_hello_world\CMSIS" -I"C:\nxp\AlexterTest\lpcxpresso55s69_hello_world\board" -O0 -fno-common -g3 -gdwarf-4 -mcpu=cortex-m33 -c -ffunction-sections -fdata-sections -ffreestanding -fno-builtin -fmerge-constants -fmacro-prefix-map="../component/lists/"= -mcpu=cortex-m33 -mfpu=fpv5-sp-d16 -mfloat-abi=hard -mthumb -D__REDLIB__ -fstack-usage -specs=redlib.specs -MMD -MP -MF"component/lists/fsl_component_generic_list.d" -MT"component/lists/fsl_component_generic_list.o" -MT"component/lists/fsl_component_generic_list.d" -o "component/lists/fsl_component_generic_list.o" "../component/lists/fsl_component_generic_list.c"
Building file: ../board/board.c
Building file: ../board/clock_config.c
Invoking: MCU C Compiler
Invoking: MCU C Compiler
arm-none-eabi-gcc -std=gnu99 -D__REDLIB__ -DCPU_LPC55S69JBD100 -DCPU_LPC55S69JBD100_cm33 -DCPU_LPC55S69JBD100_cm33_core0 -DMCUXPRESSO_SDK -DSDK_DEBUGCONSOLE=1 -DCR_INTEGER_PRINTF -DPRINTF_FLOAT_ENABLE=0 -D__MCUXPRESSO -D__USE_CMSIS -DDEBUG -I"C:\nxp\AlexterTest\lpcxpresso55s69_hello_world\source" -I"C:\nxp\AlexterTest\lpcxpresso55s69_hello_world\utilities" -I"C:\nxp\AlexterTest\lpcxpresso55s69_hello_world\drivers" -I"C:\nxp\AlexterTest\lpcxpresso55s69_hello_world\device" -I"C:\nxp\AlexterTest\lpcxpresso55s69_hello_world\startup" -I"C:\nxp\AlexterTest\lpcxpresso55s69_hello_world\component\uart" -I"C:\nxp\AlexterTest\lpcxpresso55s69_hello_world\component\lists" -I"C:\nxp\AlexterTest\lpcxpresso55s69_hello_world\CMSIS" -I"C:\nxp\AlexterTest\lpcxpresso55s69_hello_world\board" -O0 -fno-common -g3 -gdwarf-4 -mcpu=cortex-m33 -c -ffunction-sections -fdata-sections -ffreestanding -fno-builtin -fmerge-constants -fmacro-prefix-map="../board/"= -mcpu=cortex-m33 -mfpu=fpv5-sp-d16 -mfloat-abi=hard -mthumb -D__REDLIB__ -fstack-usage -specs=redlib.specs -MMD -MP -MF"board/board.d" -MT"board/board.o" -MT"board/board.d" -o "board/board.o" "../board/board.c"
Finished building: ../device/system_LPC55S69_cm33_core0.c
arm-none-eabi-gcc -std=gnu99 -D__REDLIB__ -DCPU_LPC55S69JBD100 -DCPU_LPC55S69JBD100_cm33 -DCPU_LPC55S69JBD100_cm33_core0 -DMCUXPRESSO_SDK -DSDK_DEBUGCONSOLE=1 -DCR_INTEGER_PRINTF -DPRINTF_FLOAT_ENABLE=0 -D__MCUXPRESSO -D__USE_CMSIS -DDEBUG -I"C:\nxp\AlexterTest\lpcxpresso55s69_hello_world\source" -I"C:\nxp\AlexterTest\lpcxpresso55s69_hello_world\utilities" -I"C:\nxp\AlexterTest\lpcxpresso55s69_hello_world\drivers" -I"C:\nxp\AlexterTest\lpcxpresso55s69_hello_world\device" -I"C:\nxp\AlexterTest\lpcxpresso55s69_hello_world\startup" -I"C:\nxp\AlexterTest\lpcxpresso55s69_hello_world\component\uart" -I"C:\nxp\AlexterTest\lpcxpresso55s69_hello_world\component\lists" -I"C:\nxp\AlexterTest\lpcxpresso55s69_hello_world\CMSIS" -I"C:\nxp\AlexterTest\lpcxpresso55s69_hello_world\board" -O0 -fno-common -g3 -gdwarf-4 -mcpu=cortex-m33 -c -ffunction-sections -fdata-sections -ffreestanding -fno-builtin -fmerge-constants -fmacro-prefix-map="../board/"= -mcpu=cortex-m33 -mfpu=fpv5-sp-d16 -mfloat-abi=hard -mthumb -D__REDLIB__ -fstack-usage -specs=redlib.specs -MMD -MP -MF"board/clock_config.d" -MT"board/clock_config.o" -MT"board/clock_config.d" -o "board/clock_config.o" "../board/clock_config.c"
Finished building: ../drivers/fsl_usart.c
 
 
Building file: ../board/pin_mux.c
Invoking: MCU C Compiler
arm-none-eabi-gcc -std=gnu99 -D__REDLIB__ -DCPU_LPC55S69JBD100 -DCPU_LPC55S69JBD100_cm33 -DCPU_LPC55S69JBD100_cm33_core0 -DMCUXPRESSO_SDK -DSDK_DEBUGCONSOLE=1 -DCR_INTEGER_PRINTF -DPRINTF_FLOAT_ENABLE=0 -D__MCUXPRESSO -D__USE_CMSIS -DDEBUG -I"C:\nxp\AlexterTest\lpcxpresso55s69_hello_world\source" -I"C:\nxp\AlexterTest\lpcxpresso55s69_hello_world\utilities" -I"C:\nxp\AlexterTest\lpcxpresso55s69_hello_world\drivers" -I"C:\nxp\AlexterTest\lpcxpresso55s69_hello_world\device" -I"C:\nxp\AlexterTest\lpcxpresso55s69_hello_world\startup" -I"C:\nxp\AlexterTest\lpcxpresso55s69_hello_world\component\uart" -I"C:\nxp\AlexterTest\lpcxpresso55s69_hello_world\component\lists" -I"C:\nxp\AlexterTest\lpcxpresso55s69_hello_world\CMSIS" -I"C:\nxp\AlexterTest\lpcxpresso55s69_hello_world\board" -O0 -fno-common -g3 -gdwarf-4 -mcpu=cortex-m33 -c -ffunction-sections -fdata-sections -ffreestanding -fno-builtin -fmerge-constants -fmacro-prefix-map="../board/"= -mcpu=cortex-m33 -mfpu=fpv5-sp-d16 -mfloat-abi=hard -mthumb -D__REDLIB__ -fstack-usage -specs=redlib.specs -MMD -MP -MF"board/pin_mux.d" -MT"board/pin_mux.o" -MT"board/pin_mux.d" -o "board/pin_mux.o" "../board/pin_mux.c"
Finished building: ../component/uart/fsl_adapter_usart.c
Finished building: ../component/lists/fsl_component_generic_list.c
 
 
Finished building: ../board/board.c
 
Finished building: ../board/clock_config.c
 
Finished building: ../board/pin_mux.c
 
Building target: lpcxpresso55s69_hello_world.axf
Invoking: MCU Linker
arm-none-eabi-gcc -nostdlib -Xlinker -no-warn-rwx-segments -Xlinker -Map="lpcxpresso55s69_hello_world.map" -Xlinker --gc-sections -Xlinker -print-memory-usage -Xlinker --sort-section=alignment -Xlinker --cref -mcpu=cortex-m33 -mfpu=fpv5-sp-d16 -mfloat-abi=hard -mthumb -T lpcxpresso55s69_hello_world_Debug.ld -o "lpcxpresso55s69_hello_world.axf" ./utilities/fsl_assert.o ./utilities/fsl_debug_console.o ./utilities/fsl_memcpy.o ./utilities/fsl_str.o  ./startup/boot_multicore_slave.o ./startup/startup_lpc55s69_cm33_core0.o  ./source/hello_world.o ./source/semihost_hardfault.o  ./drivers/fsl_clock.o ./drivers/fsl_common.o ./drivers/fsl_common_arm.o ./drivers/fsl_flexcomm.o ./drivers/fsl_gpio.o ./drivers/fsl_power.o ./drivers/fsl_reset.o ./drivers/fsl_usart.o  ./device/system_LPC55S69_cm33_core0.o  ./component/uart/fsl_adapter_usart.o  ./component/lists/fsl_component_generic_list.o  ./board/board.o ./board/clock_config.o ./board/pin_mux.o   
Memory region         Used Size  Region Size  %age Used
   PROGRAM_FLASH:       13280 B       630 KB      2.06%
            SRAM:        8480 B       256 KB      3.23%
           SRAMX:          0 GB        32 KB      0.00%
         USB_RAM:          0 GB        16 KB      0.00%
           SRAM4:          0 GB        16 KB      0.00%
Finished building target: lpcxpresso55s69_hello_world.axf
 
Performing post-build steps
arm-none-eabi-size "lpcxpresso55s69_hello_world.axf"; # arm-none-eabi-objcopy -v -O binary "lpcxpresso55s69_hello_world.axf" "lpcxpresso55s69_hello_world.bin" ; # checksum -p LPC55S69 -d "lpcxpresso55s69_hello_world.bin";
   text	   data	    bss	    dec	    hex	filename
  13272	      8	   8472	  21752	   54f8	lpcxpresso55s69_hello_world.axf
 

17:20:18 Build Finished. 0 errors, 0 warnings. (took 2s.367ms)

